<html>
<body>
<pre>
<h1>µVision Build Log</h1>
<h2>Tool Versions:</h2>
IDE-Version: µVision V5.38.0.0
Copyright (C) 2022 ARM Ltd and ARM Germany GmbH. All rights reserved.
License Information: Nguyen Huu Chi, HCMUTE, LIC=8VRJ7-E17QE-UHA8H-WRPXA-KJDC2-I26LJ
 
Tool Versions:
Toolchain:       MDK-ARM Plus  Version: 5.38.0.0
Toolchain Path:  C:\Keil_v5\ARM\ARM_Compiler_5.06u7\Bin
C Compiler:      Armcc.exe V5.06 update 7 (build 960)
Assembler:       Armasm.exe V5.06 update 7 (build 960)
Linker/Locator:  ArmLink.exe V5.06 update 7 (build 960)
Library Manager: ArmAr.exe V5.06 update 7 (build 960)
Hex Converter:   FromElf.exe V5.06 update 7 (build 960)
CPU DLL:         SARMCM3.DLL V5.38.0.0
Dialog DLL:      DCM.DLL V1.17.5.0
Target DLL:      STLink\ST-LINKIII-KEIL_SWO.dll V3.1.0.0
Dialog DLL:      TCM.DLL V1.56.4.0
 
<h2>Project:</h2>
C:\Users\Asus\Desktop\Tennis Ball Retrieval Robot\SW_stm32\Manual_stm_2\MDK-ARM\Manual_stm_2.uvprojx
Project File Date:  12/23/2023

<h2>Output:</h2>
*** Using Compiler 'V5.06 update 7 (build 960)', folder: 'C:\Keil_v5\ARM\ARM_Compiler_5.06u7\Bin'
Build target 'Manual_stm_2'
compiling main.c...
../Core/Src/main.c(79): warning:  #177-D: variable "i"  was declared but never referenced
  		uint8_t i;
../Core/Src/main.c(106): warning:  #188-D: enumerated type mixed with another type
  	HAL_GPIO_WritePin(GPIOA, GPIO_PIN_3, 1);
../Core/Src/main.c(107): warning:  #188-D: enumerated type mixed with another type
  	HAL_GPIO_WritePin(GPIOA, GPIO_PIN_4, 1);
../Core/Src/main.c(117): warning:  #188-D: enumerated type mixed with another type
  		HAL_GPIO_WritePin(GPIOA, GPIO_PIN_3, 0);
../Core/Src/main.c(118): warning:  #188-D: enumerated type mixed with another type
  		HAL_GPIO_WritePin(GPIOA, GPIO_PIN_4, 0);
../Core/Src/main.c(123): warning:  #188-D: enumerated type mixed with another type
  	HAL_GPIO_WritePin(GPIOA, GPIO_PIN_5, 1);
../Core/Src/main.c(124): warning:  #188-D: enumerated type mixed with another type
  	HAL_GPIO_WritePin(GPIOA, GPIO_PIN_6, 1);
../Core/Src/main.c(134): warning:  #188-D: enumerated type mixed with another type
  		HAL_GPIO_WritePin(GPIOA, GPIO_PIN_5, 0);
../Core/Src/main.c(135): warning:  #188-D: enumerated type mixed with another type
  		HAL_GPIO_WritePin(GPIOA, GPIO_PIN_6, 0);
../Core/Src/main.c: 9 warnings, 0 errors
linking...
Program Size: Code=6164 RO-data=312 RW-data=24 ZI-data=1776  
FromELF: creating hex file...
"Manual_stm_2\Manual_stm_2.axf" - 0 Error(s), 9 Warning(s).

<h2>Software Packages used:</h2>

Package Vendor: ARM
                http://www.keil.com/pack/ARM.CMSIS.5.9.0.pack
                ARM.CMSIS.5.9.0
                CMSIS (Common Microcontroller Software Interface Standard)
   * Component: CORE Version: 5.6.0

Package Vendor: Keil
                http://www.keil.com/pack/Keil.STM32F1xx_DFP.2.4.0.pack
                Keil.STM32F1xx_DFP.2.4.0
                STMicroelectronics STM32F1 Series Device Support, Drivers and Examples

<h2>Collection of Component include folders:</h2>
  ./RTE/_Manual_stm_2
  C:/Users/Asus/AppData/Local/Arm/Packs/ARM/CMSIS/5.9.0/CMSIS/Core/Include
  C:/Users/Asus/AppData/Local/Arm/Packs/Keil/STM32F1xx_DFP/2.4.0/Device/Include

<h2>Collection of Component Files used:</h2>

   * Component: ARM::CMSIS:CORE:5.6.0
      Include file:  CMSIS/Core/Include/tz_context.h
Build Time Elapsed:  00:00:02
</pre>
</body>
</html>
