Component: ARM Compiler 5.06 update 7 (build 960) Tool: armlink [4d3601]

==============================================================================

Section Cross References

    startup_stm32f103xb.o(STACK) refers (Special) to heapauxi.o(.text) for __use_two_region_memory
    startup_stm32f103xb.o(HEAP) refers (Special) to heapauxi.o(.text) for __use_two_region_memory
    startup_stm32f103xb.o(RESET) refers (Special) to heapauxi.o(.text) for __use_two_region_memory
    startup_stm32f103xb.o(RESET) refers to startup_stm32f103xb.o(STACK) for __initial_sp
    startup_stm32f103xb.o(RESET) refers to startup_stm32f103xb.o(.text) for Reset_Handler
    startup_stm32f103xb.o(RESET) refers to stm32f1xx_it.o(i.NMI_Handler) for NMI_Handler
    startup_stm32f103xb.o(RESET) refers to stm32f1xx_it.o(i.HardFault_Handler) for HardFault_Handler
    startup_stm32f103xb.o(RESET) refers to stm32f1xx_it.o(i.MemManage_Handler) for MemManage_Handler
    startup_stm32f103xb.o(RESET) refers to stm32f1xx_it.o(i.BusFault_Handler) for BusFault_Handler
    startup_stm32f103xb.o(RESET) refers to stm32f1xx_it.o(i.UsageFault_Handler) for UsageFault_Handler
    startup_stm32f103xb.o(RESET) refers to stm32f1xx_it.o(i.SVC_Handler) for SVC_Handler
    startup_stm32f103xb.o(RESET) refers to stm32f1xx_it.o(i.DebugMon_Handler) for DebugMon_Handler
    startup_stm32f103xb.o(RESET) refers to stm32f1xx_it.o(i.PendSV_Handler) for PendSV_Handler
    startup_stm32f103xb.o(RESET) refers to stm32f1xx_it.o(i.SysTick_Handler) for SysTick_Handler
    startup_stm32f103xb.o(RESET) refers to stm32f1xx_it.o(i.USB_LP_CAN1_RX0_IRQHandler) for USB_LP_CAN1_RX0_IRQHandler
    startup_stm32f103xb.o(RESET) refers to stm32f1xx_it.o(i.TIM3_IRQHandler) for TIM3_IRQHandler
    startup_stm32f103xb.o(RESET) refers to stm32f1xx_it.o(i.USART3_IRQHandler) for USART3_IRQHandler
    startup_stm32f103xb.o(.text) refers (Special) to heapauxi.o(.text) for __use_two_region_memory
    startup_stm32f103xb.o(.text) refers to system_stm32f1xx.o(i.SystemInit) for SystemInit
    startup_stm32f103xb.o(.text) refers to __main.o(!!!main) for __main
    startup_stm32f103xb.o(.text) refers to startup_stm32f103xb.o(HEAP) for Heap_Mem
    startup_stm32f103xb.o(.text) refers to startup_stm32f103xb.o(STACK) for Stack_Mem
    main.o(i.HAL_TIM_PeriodElapsedCallback) refers to dflt_clz.o(x$fpl$dflt) for __aeabi_i2d
    main.o(i.HAL_TIM_PeriodElapsedCallback) refers to dmul.o(x$fpl$dmul) for __aeabi_dmul
    main.o(i.HAL_TIM_PeriodElapsedCallback) refers to ddiv.o(x$fpl$ddiv) for __aeabi_ddiv
    main.o(i.HAL_TIM_PeriodElapsedCallback) refers to d2f.o(x$fpl$d2f) for __aeabi_d2f
    main.o(i.HAL_TIM_PeriodElapsedCallback) refers to main.o(i.PDcontroller) for PDcontroller
    main.o(i.HAL_TIM_PeriodElapsedCallback) refers to main.o(i.MotorLeftRot) for MotorLeftRot
    main.o(i.HAL_TIM_PeriodElapsedCallback) refers to main.o(i.MotorRightRot) for MotorRightRot
    main.o(i.HAL_TIM_PeriodElapsedCallback) refers to dfix.o(x$fpl$dfix) for __aeabi_d2iz
    main.o(i.HAL_TIM_PeriodElapsedCallback) refers to main.o(i.PIControllerL) for PIControllerL
    main.o(i.HAL_TIM_PeriodElapsedCallback) refers to main.o(i.PIControllerR) for PIControllerR
    main.o(i.HAL_TIM_PeriodElapsedCallback) refers to main.o(.data) for .data
    main.o(i.HAL_TIM_PeriodElapsedCallback) refers to main.o(.bss) for .bss
    main.o(i.HAL_UART_RxCpltCallback) refers to stm32f1xx_hal_uart.o(i.HAL_UART_Receive_IT) for HAL_UART_Receive_IT
    main.o(i.HAL_UART_RxCpltCallback) refers to main.o(.data) for .data
    main.o(i.HAL_UART_RxCpltCallback) refers to main.o(.bss) for .bss
    main.o(i.MX_GPIO_Init) refers to stm32f1xx_hal_gpio.o(i.HAL_GPIO_WritePin) for HAL_GPIO_WritePin
    main.o(i.MX_GPIO_Init) refers to stm32f1xx_hal_gpio.o(i.HAL_GPIO_Init) for HAL_GPIO_Init
    main.o(i.MX_TIM1_Init) refers to rt_memclr_w.o(.text) for __aeabi_memclr4
    main.o(i.MX_TIM1_Init) refers to stm32f1xx_hal_tim.o(i.HAL_TIM_Encoder_Init) for HAL_TIM_Encoder_Init
    main.o(i.MX_TIM1_Init) refers to stm32f1xx_hal_tim_ex.o(i.HAL_TIMEx_MasterConfigSynchronization) for HAL_TIMEx_MasterConfigSynchronization
    main.o(i.MX_TIM1_Init) refers to main.o(.bss) for .bss
    main.o(i.MX_TIM2_Init) refers to rt_memclr_w.o(.text) for __aeabi_memclr4
    main.o(i.MX_TIM2_Init) refers to stm32f1xx_hal_tim.o(i.HAL_TIM_Encoder_Init) for HAL_TIM_Encoder_Init
    main.o(i.MX_TIM2_Init) refers to stm32f1xx_hal_tim_ex.o(i.HAL_TIMEx_MasterConfigSynchronization) for HAL_TIMEx_MasterConfigSynchronization
    main.o(i.MX_TIM2_Init) refers to main.o(.bss) for .bss
    main.o(i.MX_TIM3_Init) refers to stm32f1xx_hal_tim.o(i.HAL_TIM_Base_Init) for HAL_TIM_Base_Init
    main.o(i.MX_TIM3_Init) refers to stm32f1xx_hal_tim.o(i.HAL_TIM_ConfigClockSource) for HAL_TIM_ConfigClockSource
    main.o(i.MX_TIM3_Init) refers to stm32f1xx_hal_tim_ex.o(i.HAL_TIMEx_MasterConfigSynchronization) for HAL_TIMEx_MasterConfigSynchronization
    main.o(i.MX_TIM3_Init) refers to main.o(.bss) for .bss
[...]
    i.USBD_LL_SOF                            0x08003cba   Section        0  usbd_core.o(i.USBD_LL_SOF)
    i.USBD_LL_SetSpeed                       0x08003cd2   Section        0  usbd_core.o(i.USBD_LL_SetSpeed)
    i.USBD_LL_SetUSBAddress                  0x08003cd8   Section        0  usbd_conf.o(i.USBD_LL_SetUSBAddress)
    i.USBD_LL_SetupStage                     0x08003cea   Section        0  usbd_core.o(i.USBD_LL_SetupStage)
    i.USBD_LL_StallEP                        0x08003d44   Section        0  usbd_conf.o(i.USBD_LL_StallEP)
    i.USBD_LL_Start                          0x08003d56   Section        0  usbd_conf.o(i.USBD_LL_Start)
    i.USBD_LL_Suspend                        0x08003d68   Section        0  usbd_core.o(i.USBD_LL_Suspend)
    i.USBD_LL_Transmit                       0x08003d7a   Section        0  usbd_conf.o(i.USBD_LL_Transmit)
    i.USBD_ParseSetupRequest                 0x08003d8c   Section        0  usbd_ctlreq.o(i.USBD_ParseSetupRequest)
    i.USBD_RegisterClass                     0x08003db4   Section        0  usbd_core.o(i.USBD_RegisterClass)
    i.USBD_SetClassConfig                    0x08003dc4   Section        0  usbd_core.o(i.USBD_SetClassConfig)
    i.USBD_SetConfig                         0x08003ddc   Section        0  usbd_ctlreq.o(i.USBD_SetConfig)
    USBD_SetConfig                           0x08003ddd   Thumb Code   128  usbd_ctlreq.o(i.USBD_SetConfig)
    i.USBD_Start                             0x08003e60   Section        0  usbd_core.o(i.USBD_Start)
    i.USBD_StdDevReq                         0x08003e6a   Section        0  usbd_ctlreq.o(i.USBD_StdDevReq)
    i.USBD_StdEPReq                          0x08003f7c   Section        0  usbd_ctlreq.o(i.USBD_StdEPReq)
    i.USBD_StdItfReq                         0x080040cc   Section        0  usbd_ctlreq.o(i.USBD_StdItfReq)
    i.USBD_static_free                       0x0800411a   Section        0  usbd_conf.o(i.USBD_static_free)
    i.USBD_static_malloc                     0x0800411c   Section        0  usbd_conf.o(i.USBD_static_malloc)
    i.USB_ActivateEndpoint                   0x08004124   Section        0  stm32f1xx_ll_usb.o(i.USB_ActivateEndpoint)
    i.USB_CoreInit                           0x080043c0   Section        0  stm32f1xx_ll_usb.o(i.USB_CoreInit)
    i.USB_DeactivateEndpoint                 0x080043c4   Section        0  stm32f1xx_ll_usb.o(i.USB_DeactivateEndpoint)
    i.USB_DevConnect                         0x080044d2   Section        0  stm32f1xx_ll_usb.o(i.USB_DevConnect)
    i.USB_DevDisconnect                      0x080044d6   Section        0  stm32f1xx_ll_usb.o(i.USB_DevDisconnect)
    i.USB_DevInit                            0x080044da   Section        0  stm32f1xx_ll_usb.o(i.USB_DevInit)
    i.USB_DisableGlobalInt                   0x080044ec   Section        0  stm32f1xx_ll_usb.o(i.USB_DisableGlobalInt)
    i.USB_EP0_OutStart                       0x080044fa   Section        0  stm32f1xx_ll_usb.o(i.USB_EP0_OutStart)
    i.USB_EPClearStall                       0x080044fe   Section        0  stm32f1xx_ll_usb.o(i.USB_EPClearStall)
    i.USB_EPSetStall                         0x08004576   Section        0  stm32f1xx_ll_usb.o(i.USB_EPSetStall)
    i.USB_EPStartXfer                        0x080045a8   Section        0  stm32f1xx_ll_usb.o(i.USB_EPStartXfer)
    i.USB_EnableGlobalInt                    0x08004a8a   Section        0  stm32f1xx_ll_usb.o(i.USB_EnableGlobalInt)
    i.USB_LP_CAN1_RX0_IRQHandler             0x08004a9c   Section        0  stm32f1xx_it.o(i.USB_LP_CAN1_RX0_IRQHandler)
    i.USB_ReadInterrupts                     0x08004aa8   Section        0  stm32f1xx_ll_usb.o(i.USB_ReadInterrupts)
    i.USB_ReadPMA                            0x08004ab0   Section        0  stm32f1xx_ll_usb.o(i.USB_ReadPMA)
    i.USB_SetCurrentMode                     0x08004adc   Section        0  stm32f1xx_ll_usb.o(i.USB_SetCurrentMode)
    i.USB_SetDevAddress                      0x08004ae0   Section        0  stm32f1xx_ll_usb.o(i.USB_SetDevAddress)
    i.USB_WritePMA                           0x08004aec   Section        0  stm32f1xx_ll_usb.o(i.USB_WritePMA)
    i.UsageFault_Handler                     0x08004b12   Section        0  stm32f1xx_it.o(i.UsageFault_Handler)
    i.__NVIC_SetPriority                     0x08004b14   Section        0  stm32f1xx_hal_cortex.o(i.__NVIC_SetPriority)
    __NVIC_SetPriority                       0x08004b15   Thumb Code    32  stm32f1xx_hal_cortex.o(i.__NVIC_SetPriority)
    i.main                                   0x08004b34   Section        0  main.o(i.main)
    x$fpl$d2f                                0x08004bd8   Section       98  d2f.o(x$fpl$d2f)
    x$fpl$dadd                               0x08004c3c   Section      336  daddsub_clz.o(x$fpl$dadd)
    _dadd1                                   0x08004c4d   Thumb Code     0  daddsub_clz.o(x$fpl$dadd)
    x$fpl$ddiv                               0x08004d8c   Section      688  ddiv.o(x$fpl$ddiv)
    ddiv_entry                               0x08004d93   Thumb Code     0  ddiv.o(x$fpl$ddiv)
    x$fpl$dfix                               0x0800503c   Section       94  dfix.o(x$fpl$dfix)
    x$fpl$dflt                               0x0800509a   Section       46  dflt_clz.o(x$fpl$dflt)
    x$fpl$dmul                               0x080050c8   Section      340  dmul.o(x$fpl$dmul)
    x$fpl$dnaninf                            0x0800521c   Section      156  dnaninf.o(x$fpl$dnaninf)
    x$fpl$dretinf                            0x080052b8   Section       12  dretinf.o(x$fpl$dretinf)
    x$fpl$dsub                               0x080052c4   Section      468  daddsub_clz.o(x$fpl$dsub)
    _dsub1                                   0x080052d5   Thumb Code     0  daddsub_clz.o(x$fpl$dsub)
    x$fpl$f2d                                0x08005498   Section       86  f2d.o(x$fpl$f2d)
    x$fpl$fadd                               0x080054f0   Section      196  faddsub_clz.o(x$fpl$fadd)
    _fadd1                                   0x080054ff   Thumb Code     0  faddsub_clz.o(x$fpl$fadd)
    x$fpl$ffix                               0x080055b4   Section       54  ffix.o(x$fpl$ffix)
    x$fpl$fflt                               0x080055ec   Section       48  fflt_clz.o(x$fpl$fflt)
    x$fpl$fmul                               0x0800561c   Section      258  fmul.o(x$fpl$fmul)
    x$fpl$fnaninf                            0x0800571e   Section      140  fnaninf.o(x$fpl$fnaninf)
    x$fpl$fretinf                            0x080057aa   Section       10  fretinf.o(x$fpl$fretinf)
    x$fpl$fsub                               0x080057b4   Section      234  faddsub_clz.o(x$fpl$fsub)
    _fsub1                                   0x080057c3   Thumb Code     0  faddsub_clz.o(x$fpl$fsub)
    .constdata                               0x0800589e   Section       18  stm32f1xx_hal_rcc.o(.constdata)
    x$fpl$usenofp                            0x0800589e   Section        0  usenofp.o(x$fpl$usenofp)
    aPredivFactorTable                       0x0800589e   Data           2  stm32f1xx_hal_rcc.o(.constdata)
    aPLLMULFactorTable                       0x080058a0   Data          16  stm32f1xx_hal_rcc.o(.constdata)
    .constdata                               0x080058b0   Section       16  system_stm32f1xx.o(.constdata)
    .constdata                               0x080058c0   Section        8  system_stm32f1xx.o(.constdata)
    .data                                    0x20000000   Section      100  main.o(.data)
    err_p                                    0x20000048   Data           4  main.o(.data)
    uI_p                                     0x2000004c   Data           4  main.o(.data)
    count                                    0x20000050   Data           4  main.o(.data)
    err_reset                                0x20000054   Data           4  main.o(.data)
    uI_p                                     0x20000058   Data           4  main.o(.data)
    err_reset                                0x2000005c   Data           4  main.o(.data)
    uI_p                                     0x20000060   Data           4  main.o(.data)
    .data                                    0x20000064   Section       28  usbd_desc.o(.data)
    .data                                    0x20000080   Section       50  usbd_desc.o(.data)
    .data                                    0x200000b4   Section       16  usbd_cdc_if.o(.data)
    .data                                    0x200000c4   Section       12  stm32f1xx_hal.o(.data)
    .data                                    0x200000d0   Section        4  system_stm32f1xx.o(.data)
    .data                                    0x200000d4   Section        1  usbd_ctlreq.o(.data)
    cfgidx                                   0x200000d4   Data           1  usbd_ctlreq.o(.data)
    .data                                    0x200000d8   Section      215  usbd_cdc.o(.data)
    USBD_CDC_DeviceQualifierDesc             0x200000d8   Data          10  usbd_cdc.o(.data)
    .data                                    0x200001b0   Section       56  usbd_cdc.o(.data)
    .bss                                     0x200001e8   Section      360  main.o(.bss)
    .bss                                     0x20000350   Section       64  main.o(.bss)
    .bss                                     0x20000390   Section      708  usb_device.o(.bss)
    .bss                                     0x20000654   Section      512  usbd_desc.o(.bss)
    .bss                                     0x20000854   Section     2048  usbd_cdc_if.o(.bss)
    .bss                                     0x20001054   Section     1296  usbd_conf.o(.bss)
    mem                                      0x20001054   Data         544  usbd_conf.o(.bss)
    .bss                                     0x20001564   Section       96  libspace.o(.bss)
    HEAP                                     0x200015c8   Section      512  startup_stm32f103xb.o(HEAP)
    Heap_Mem                                 0x200015c8   Data         512  startup_stm32f103xb.o(HEAP)
    STACK                                    0x200017c8   Section     1024  startup_stm32f103xb.o(STACK)
    Stack_Mem                                0x200017c8   Data        1024  startup_stm32f103xb.o(STACK)
    __initial_sp                             0x20001bc8   Data           0  startup_stm32f103xb.o(STACK)

    Global Symbols

    Symbol Name                              Value     Ov Type        Size  Object(Section)

    BuildAttributes$$THM_ISAv4$P$D$K$B$S$PE$A:L22UL41UL21$X:L11$S22US41US21$IEEE1$IW$USESV6$~STKCKD$USESV7$~SHL$OSPACE$ROPI$EBA8$UX$STANDARDLIB$REQ8$PRES8$EABIv2 0x00000000   Number         0  anon$$obj.o ABSOLUTE
    __ARM_use_no_argv                        0x00000000   Number         0  main.o ABSOLUTE
    __ARM_exceptions_init                     - Undefined Weak Reference
    __alloca_initialize                       - Undefined Weak Reference
    __arm_fini_                               - Undefined Weak Reference
    __arm_preinit_                            - Undefined Weak Reference
    __cpp_initialize__aeabi_                  - Undefined Weak Reference
    __cxa_finalize                            - Undefined Weak Reference
    __rt_locale                               - Undefined Weak Reference
    __sigvec_lookup                           - Undefined Weak Reference
    _atexit_init                              - Undefined Weak Reference
    _call_atexit_fns                          - Undefined Weak Reference
    _clock_init                               - Undefined Weak Reference
    _fp_trap_init                             - Undefined Weak Reference
    _fp_trap_shutdown                         - Undefined Weak Reference
    _get_lc_collate                           - Undefined Weak Reference
    _get_lc_ctype                             - Undefined Weak Reference
    _get_lc_monetary                          - Undefined Weak Reference
    _get_lc_numeric                           - Undefined Weak Reference
    _get_lc_time                              - Undefined Weak Reference
    _getenv_init                              - Undefined Weak Reference
    _handle_redirection                       - Undefined Weak Reference
    _init_alloc                               - Undefined Weak Reference
    _init_user_alloc                          - Undefined Weak Reference
    _initio                                   - Undefined Weak Reference
    _rand_init                                - Undefined Weak Reference
    _signal_finish                            - Undefined Weak Reference
    _signal_init                              - Undefined Weak Reference
    _terminate_alloc                          - Undefined Weak Reference
    _terminate_user_alloc                     - Undefined Weak Reference
    _terminateio                              - Undefined Weak Reference
    __Vectors_Size                           0x000000ec   Number         0  startup_stm32f103xb.o ABSOLUTE
    __Vectors                                0x08000000   Data           4  startup_stm32f103xb.o(RESET)
    __Vectors_End                            0x080000ec   Data           0  startup_stm32f103xb.o(RESET)
    __main                                   0x080000ed   Thumb Code     8  __main.o(!!!main)
    __scatterload                            0x080000f5   Thumb Code     0  __scatter.o(!!!scatter)
    __scatterload_rt2                        0x080000f5   Thumb Code    44  __scatter.o(!!!scatter)
    __scatterload_rt2_thumb_only             0x080000f5   Thumb Code     0  __scatter.o(!!!scatter)
    __scatterload_null                       0x08000103   Thumb Code     0  __scatter.o(!!!scatter)
    __decompress                             0x08000129   Thumb Code    90  __dczerorl2.o(!!dczerorl2)
    __decompress1                            0x08000129   Thumb Code     0  __dczerorl2.o(!!dczerorl2)
    __scatterload_zeroinit                   0x08000185   Thumb Code    28  __scatter_zi.o(!!handler_zi)
    __rt_lib_init                            0x080001a1   Thumb Code     0  libinit.o(.ARM.Collect$$libinit$$00000000)
    __rt_lib_init_alloca_1                   0x080001a3   Thumb Code     0  libinit2.o(.ARM.Collect$$libinit$$0000002E)
    __rt_lib_init_argv_1                     0x080001a3   Thumb Code     0  libinit2.o(.ARM.Collect$$libinit$$0000002C)
    __rt_lib_init_atexit_1                   0x080001a3   Thumb Code     0  libinit2.o(.ARM.Collect$$libinit$$0000001B)
    __rt_lib_init_clock_1                    0x080001a3   Thumb Code     0  libinit2.o(.ARM.Collect$$libinit$$00000021)
    __rt_lib_init_cpp_1                      0x080001a3   Thumb Code     0  libinit2.o(.ARM.Collect$$libinit$$00000032)
    __rt_lib_init_exceptions_1               0x080001a3   Thumb Code     0  libinit2.o(.ARM.Collect$$libinit$$00000030)
    __rt_lib_init_fp_1                       0x080001a3   Thumb Code     0  libinit2.o(.ARM.Collect$$libinit$$00000002)
    __rt_lib_init_fp_trap_1                  0x080001a3   Thumb Code     0  libinit2.o(.ARM.Collect$$libinit$$0000001F)
    __rt_lib_init_getenv_1                   0x080001a3   Thumb Code     0  libinit2.o(.ARM.Collect$$libinit$$00000023)
    __rt_lib_init_heap_1                     0x080001a3   Thumb Code     0  libinit2.o(.ARM.Collect$$libinit$$0000000A)
    __rt_lib_init_lc_collate_1               0x080001a3   Thumb Code     0  libinit2.o(.ARM.Collect$$libinit$$00000011)
    __rt_lib_init_lc_ctype_1                 0x080001a3   Thumb Code     0  libinit2.o(.ARM.Collect$$libinit$$00000013)
    __rt_lib_init_lc_monetary_1              0x080001a3   Thumb Code     0  libinit2.o(.ARM.Collect$$libinit$$00000015)
    __rt_lib_init_lc_numeric_1               0x080001a3   Thumb Code     0  libinit2.o(.ARM.Collect$$libinit$$00000017)
    __rt_lib_init_lc_time_1                  0x080001a3   Thumb Code     0  libinit2.o(.ARM.Collect$$libinit$$00000019)
    __rt_lib_init_preinit_1                  0x080001a3   Thumb Code     0  libinit2.o(.ARM.Collect$$libinit$$00000004)
    __rt_lib_init_rand_1                     0x080001a3   Thumb Code     0  libinit2.o(.ARM.Collect$$libinit$$0000000E)
    __rt_lib_init_return                     0x080001a3   Thumb Code     0  libinit2.o(.ARM.Collect$$libinit$$00000033)
    __rt_lib_init_signal_1                   0x080001a3   Thumb Code     0  libinit2.o(.ARM.Collect$$libinit$$0000001D)
    __rt_lib_init_stdio_1                    0x080001a3   Thumb Code     0  libinit2.o(.ARM.Collect$$libinit$$00000025)
    __rt_lib_init_user_alloc_1               0x080001a3   Thumb Code     0  libinit2.o(.ARM.Collect$$libinit$$0000000C)
    __rt_lib_shutdown                        0x080001a5   Thumb Code     0  libshutdown.o(.ARM.Collect$$libshutdown$$00000000)
    __rt_lib_shutdown_cpp_1                  0x080001a7   Thumb Code     0  libshutdown2.o(.ARM.Collect$$libshutdown$$00000004)
    __rt_lib_shutdown_fini_1                 0x080001a7   Thumb Code     0  libshutdown2.o(.ARM.Collect$$libshutdown$$00000002)
    __rt_lib_shutdown_fp_trap_1              0x080001a7   Thumb Code     0  libshutdown2.o(.ARM.Collect$$libshutdown$$00000009)
    __rt_lib_shutdown_heap_1                 0x080001a7   Thumb Code     0  libshutdown2.o(.ARM.Collect$$libshutdown$$00000011)
    __rt_lib_shutdown_return                 0x080001a7   Thumb Code     0  libshutdown2.o(.ARM.Collect$$libshutdown$$00000012)
    __rt_lib_shutdown_signal_1               0x080001a7   Thumb Code     0  libshutdown2.o(.ARM.Collect$$libshutdown$$0000000C)
    __rt_lib_shutdown_stdio_1                0x080001a7   Thumb Code     0  libshutdown2.o(.ARM.Collect$$libshutdown$$00000006)
    __rt_lib_shutdown_user_alloc_1           0x080001a7   Thumb Code     0  libshutdown2.o(.ARM.Collect$$libshutdown$$0000000E)
    __rt_entry                               0x080001a9   Thumb Code     0  __rtentry.o(.ARM.Collect$$rtentry$$00000000)
    __rt_entry_presh_1                       0x080001a9   Thumb Code     0  __rtentry2.o(.ARM.Collect$$rtentry$$00000002)
    __rt_entry_sh                            0x080001a9   Thumb Code     0  __rtentry4.o(.ARM.Collect$$rtentry$$00000004)
    __rt_entry_li                            0x080001af   Thumb Code     0  __rtentry2.o(.ARM.Collect$$rtentry$$0000000A)
    __rt_entry_postsh_1                      0x080001af   Thumb Code     0  __rtentry2.o(.ARM.Collect$$rtentry$$00000009)
    __rt_entry_main                          0x080001b3   Thumb Code     0  __rtentry2.o(.ARM.Collect$$rtentry$$0000000D)
    __rt_entry_postli_1                      0x080001b3   Thumb Code     0  __rtentry2.o(.ARM.Collect$$rtentry$$0000000C)
    __rt_exit                                0x080001bb   Thumb Code     0  rtexit.o(.ARM.Collect$$rtexit$$00000000)
    __rt_exit_ls                             0x080001bd   Thumb Code     0  rtexit2.o(.ARM.Collect$$rtexit$$00000003)
    __rt_exit_prels_1                        0x080001bd   Thumb Code     0  rtexit2.o(.ARM.Collect$$rtexit$$00000002)
    __rt_exit_exit                           0x080001c1   Thumb Code     0  rtexit2.o(.ARM.Collect$$rtexit$$00000004)
    Reset_Handler                            0x080001c9   Thumb Code     8  startup_stm32f103xb.o(.text)
    ADC1_2_IRQHandler                        0x080001e3   Thumb Code     0  startup_stm32f103xb.o(.text)
    CAN1_RX1_IRQHandler                      0x080001e3   Thumb Code     0  startup_stm32f103xb.o(.text)
    CAN1_SCE_IRQHandler                      0x080001e3   Thumb Code     0  startup_stm32f103xb.o(.text)
    DMA1_Channel1_IRQHandler                 0x080001e3   Thumb Code     0  startup_stm32f103xb.o(.text)
    DMA1_Channel2_IRQHandler                 0x080001e3   Thumb Code     0  startup_stm32f103xb.o(.text)
    DMA1_Channel3_IRQHandler                 0x080001e3   Thumb Code     0  startup_stm32f103xb.o(.text)
    DMA1_Channel4_IRQHandler                 0x080001e3   Thumb Code     0  startup_stm32f103xb.o(.text)
    DMA1_Channel5_IRQHandler                 0x080001e3   Thumb Code     0  startup_stm32f103xb.o(.text)
    DMA1_Channel6_IRQHandler                 0x080001e3   Thumb Code     0  startup_stm32f103xb.o(.text)
    DMA1_Channel7_IRQHandler                 0x080001e3   Thumb Code     0  startup_stm32f103xb.o(.text)
    EXTI0_IRQHandler                         0x080001e3   Thumb Code     0  startup_stm32f103xb.o(.text)
    EXTI15_10_IRQHandler                     0x080001e3   Thumb Code     0  startup_stm32f103xb.o(.text)
    EXTI1_IRQHandler                         0x080001e3   Thumb Code     0  startup_stm32f103xb.o(.text)
    EXTI2_IRQHandler                         0x080001e3   Thumb Code     0  startup_stm32f103xb.o(.text)
    EXTI3_IRQHandler                         0x080001e3   Thumb Code     0  startup_stm32f103xb.o(.text)
    EXTI4_IRQHandler                         0x080001e3   Thumb Code     0  startup_stm32f103xb.o(.text)
    EXTI9_5_IRQHandler                       0x080001e3   Thumb Code     0  startup_stm32f103xb.o(.text)
    FLASH_IRQHandler                         0x080001e3   Thumb Code     0  startup_stm32f103xb.o(.text)
    I2C1_ER_IRQHandler                       0x080001e3   Thumb Code     0  startup_stm32f103xb.o(.text)
    I2C1_EV_IRQHandler                       0x080001e3   Thumb Code     0  startup_stm32f103xb.o(.text)
    I2C2_ER_IRQHandler                       0x080001e3   Thumb Code     0  startup_stm32f103xb.o(.text)
    I2C2_EV_IRQHandler                       0x080001e3   Thumb Code     0  startup_stm32f103xb.o(.text)
    PVD_IRQHandler                           0x080001e3   Thumb Code     0  startup_stm32f103xb.o(.text)
    RCC_IRQHandler                           0x080001e3   Thumb Code     0  startup_stm32f103xb.o(.text)
    RTC_Alarm_IRQHandler                     0x080001e3   Thumb Code     0  startup_stm32f103xb.o(.text)
    RTC_IRQHandler                           0x080001e3   Thumb Code     0  startup_stm32f103xb.o(.text)
    SPI1_IRQHandler                          0x080001e3   Thumb Code     0  startup_stm32f103xb.o(.text)
    SPI2_IRQHandler                          0x080001e3   Thumb Code     0  startup_stm32f103xb.o(.text)
    TAMPER_IRQHandler                        0x080001e3   Thumb Code     0  startup_stm32f103xb.o(.text)
    TIM1_BRK_IRQHandler                      0x080001e3   Thumb Code     0  startup_stm32f103xb.o(.text)
    TIM1_CC_IRQHandler                       0x080001e3   Thumb Code     0  startup_stm32f103xb.o(.text)
    TIM1_TRG_COM_IRQHandler                  0x080001e3   Thumb Code     0  startup_stm32f103xb.o(.text)
    TIM1_UP_IRQHandler                       0x080001e3   Thumb Code     0  startup_stm32f103xb.o(.text)
    TIM2_IRQHandler                          0x080001e3   Thumb Code     0  startup_stm32f103xb.o(.text)
    TIM4_IRQHandler                          0x080001e3   Thumb Code     0  startup_stm32f103xb.o(.text)
    USART1_IRQHandler                        0x080001e3   Thumb Code     0  startup_stm32f103xb.o(.text)
    USART2_IRQHandler                        0x080001e3   Thumb Code     0  startup_stm32f103xb.o(.text)
    USBWakeUp_IRQHandler                     0x080001e3   Thumb Code     0  startup_stm32f103xb.o(.text)
    USB_HP_CAN1_TX_IRQHandler                0x080001e3   Thumb Code     0  startup_stm32f103xb.o(.text)
    WWDG_IRQHandler                          0x080001e3   Thumb Code     0  startup_stm32f103xb.o(.text)
    __user_initial_stackheap                 0x080001e5   Thumb Code     0  startup_stm32f103xb.o(.text)
    __aeabi_memcpy                           0x08000209   Thumb Code     0  rt_memcpy_v6.o(.text)
    __rt_memcpy                              0x08000209   Thumb Code   138  rt_memcpy_v6.o(.text)
    _memcpy_lastbytes                        0x0800026f   Thumb Code     0  rt_memcpy_v6.o(.text)
    __aeabi_memcpy4                          0x08000293   Thumb Code     0  rt_memcpy_w.o(.text)
    __aeabi_memcpy8                          0x08000293   Thumb Code     0  rt_memcpy_w.o(.text)
    __rt_memcpy_w                            0x08000293   Thumb Code   100  rt_memcpy_w.o(.text)
    _memcpy_lastbytes_aligned                0x080002db   Thumb Code     0  rt_memcpy_w.o(.text)
    __aeabi_memclr                           0x080002f7   Thumb Code     0  rt_memclr.o(.text)
    __rt_memclr                              0x080002f7   Thumb Code    68  rt_memclr.o(.text)
    _memset                                  0x080002fb   Thumb Code     0  rt_memclr.o(.text)
    __aeabi_memclr4                          0x0800033b   Thumb Code     0  rt_memclr_w.o(.text)
    __aeabi_memclr8                          0x0800033b   Thumb Code     0  rt_memclr_w.o(.text)
    __rt_memclr_w                            0x0800033b   Thumb Code    78  rt_memclr_w.o(.text)
    _memset_w                                0x0800033f   Thumb Code     0  rt_memclr_w.o(.text)
    __use_two_region_memory                  0x08000389   Thumb Code     2  heapauxi.o(.text)
    __rt_heap_escrow$2region                 0x0800038b   Thumb Code     2  heapauxi.o(.text)
    __rt_heap_expand$2region                 0x0800038d   Thumb Code     2  heapauxi.o(.text)
    __user_setup_stackheap                   0x0800038f   Thumb Code    74  sys_stackheap_outer.o(.text)
    exit                                     0x080003d9   Thumb Code    18  exit.o(.text)
    __user_libspace                          0x080003ed   Thumb Code     8  libspace.o(.text)
    __user_perproc_libspace                  0x080003ed   Thumb Code     0  libspace.o(.text)
    __user_perthread_libspace                0x080003ed   Thumb Code     0  libspace.o(.text)
    _sys_exit                                0x080003f5   Thumb Code     8  sys_exit.o(.text)
    __I$use$semihosting                      0x08000401   Thumb Code     0  use_no_semi.o(.text)
    __use_no_semihosting_swi                 0x08000401   Thumb Code     2  use_no_semi.o(.text)
    BusFault_Handler                         0x08000403   Thumb Code     2  stm32f1xx_it.o(i.BusFault_Handler)
    __semihosting_library_function           0x08000403   Thumb Code     0  indicate_semi.o(.text)
    DebugMon_Handler                         0x080004b9   Thumb Code     2  stm32f1xx_it.o(i.DebugMon_Handler)
    Error_Handler                            0x080004bb   Thumb Code     4  main.o(i.Error_Handler)
    HAL_DMA_Abort                            0x080004bf   Thumb Code    70  stm32f1xx_hal_dma.o(i.HAL_DMA_Abort)
    HAL_DMA_Abort_IT                         0x08000505   Thumb Code   148  stm32f1xx_hal_dma.o(i.HAL_DMA_Abort_IT)
    HAL_GPIO_Init                            0x0800059d   Thumb Code   446  stm32f1xx_hal_gpio.o(i.HAL_GPIO_Init)
    HAL_GPIO_WritePin                        0x0800077d   Thumb Code    10  stm32f1xx_hal_gpio.o(i.HAL_GPIO_WritePin)
    HAL_GetTick                              0x08000789   Thumb Code     6  stm32f1xx_hal.o(i.HAL_GetTick)
    HAL_IncTick                              0x08000795   Thumb Code    12  stm32f1xx_hal.o(i.HAL_IncTick)
    HAL_Init                                 0x080007a5   Thumb Code    32  stm32f1xx_hal.o(i.HAL_Init)
    HAL_InitTick                             0x080007c9   Thumb Code    54  stm32f1xx_hal.o(i.HAL_InitTick)
    HAL_MspInit                              0x08000809   Thumb Code    52  stm32f1xx_hal_msp.o(i.HAL_MspInit)
    HAL_NVIC_EnableIRQ                       0x08000845   Thumb Code    26  stm32f1xx_hal_cortex.o(i.HAL_NVIC_EnableIRQ)
    HAL_NVIC_SetPriority                     0x08000861   Thumb Code    60  stm32f1xx_hal_cortex.o(i.HAL_NVIC_SetPriority)
    HAL_NVIC_SetPriorityGrouping             0x080008a1   Thumb Code    26  stm32f1xx_hal_cortex.o(i.HAL_NVIC_SetPriorityGrouping)
    HAL_PCDEx_PMAConfig                      0x080008c5   Thumb Code    60  stm32f1xx_hal_pcd_ex.o(i.HAL_PCDEx_PMAConfig)
    HAL_PCDEx_SetConnectionState             0x08000901   Thumb Code     2  usbd_conf.o(i.HAL_PCDEx_SetConnectionState)
    HAL_PCD_DataInStageCallback              0x08000903   Thumb Code    18  usbd_conf.o(i.HAL_PCD_DataInStageCallback)
    HAL_PCD_DataOutStageCallback             0x08000915   Thumb Code    20  usbd_conf.o(i.HAL_PCD_DataOutStageCallback)
    HAL_PCD_EP_Close                         0x08000929   Thumb Code    76  stm32f1xx_hal_pcd.o(i.HAL_PCD_EP_Close)
    HAL_PCD_EP_ClrStall                      0x08000975   Thumb Code    92  stm32f1xx_hal_pcd.o(i.HAL_PCD_EP_ClrStall)
    HAL_PCD_EP_GetRxCount                    0x08000def   Thumb Code    18  stm32f1xx_hal_pcd.o(i.HAL_PCD_EP_GetRxCount)
    HAL_PCD_EP_Open                          0x08000e01   Thumb Code    90  stm32f1xx_hal_pcd.o(i.HAL_PCD_EP_Open)
    HAL_PCD_EP_Receive                       0x08000e5b   Thumb Code    46  stm32f1xx_hal_pcd.o(i.HAL_PCD_EP_Receive)
    HAL_PCD_EP_SetStall                      0x08000e89   Thumb Code   114  stm32f1xx_hal_pcd.o(i.HAL_PCD_EP_SetStall)
    HAL_PCD_EP_Transmit                      0x08000efb   Thumb Code    48  stm32f1xx_hal_pcd.o(i.HAL_PCD_EP_Transmit)
    HAL_PCD_IRQHandler                       0x08000f2d   Thumb Code   308  stm32f1xx_hal_pcd.o(i.HAL_PCD_IRQHandler)
    HAL_PCD_Init                             0x08001061   Thumb Code   218  stm32f1xx_hal_pcd.o(i.HAL_PCD_Init)
    HAL_PCD_MspInit                          0x0800113d   Thumb Code    50  usbd_conf.o(i.HAL_PCD_MspInit)
    HAL_PCD_ResetCallback                    0x08001179   Thumb Code    38  usbd_conf.o(i.HAL_PCD_ResetCallback)
    HAL_PCD_ResumeCallback                   0x0800119f   Thumb Code     8  usbd_conf.o(i.HAL_PCD_ResumeCallback)
    HAL_PCD_SOFCallback                      0x080011a7   Thumb Code     8  usbd_conf.o(i.HAL_PCD_SOFCallback)
    HAL_PCD_SetAddress                       0x080011af   Thumb Code    40  stm32f1xx_hal_pcd.o(i.HAL_PCD_SetAddress)
    HAL_PCD_SetupStageCallback               0x080011d7   Thumb Code    14  usbd_conf.o(i.HAL_PCD_SetupStageCallback)
    HAL_PCD_Start                            0x080011e5   Thumb Code    50  stm32f1xx_hal_pcd.o(i.HAL_PCD_Start)
    HAL_PCD_SuspendCallback                  0x08001219   Thumb Code    30  usbd_conf.o(i.HAL_PCD_SuspendCallback)
    HAL_RCCEx_PeriphCLKConfig                0x0800123d   Thumb Code   224  stm32f1xx_hal_rcc_ex.o(i.HAL_RCCEx_PeriphCLKConfig)
    HAL_RCC_ClockConfig                      0x08001329   Thumb Code   280  stm32f1xx_hal_rcc.o(i.HAL_RCC_ClockConfig)
    HAL_RCC_GetPCLK1Freq                     0x08001455   Thumb Code    20  stm32f1xx_hal_rcc.o(i.HAL_RCC_GetPCLK1Freq)
    HAL_RCC_GetPCLK2Freq                     0x08001475   Thumb Code    20  stm32f1xx_hal_rcc.o(i.HAL_RCC_GetPCLK2Freq)
    HAL_RCC_GetSysClockFreq                  0x08001495   Thumb Code    58  stm32f1xx_hal_rcc.o(i.HAL_RCC_GetSysClockFreq)
    HAL_RCC_OscConfig                        0x080014e1   Thumb Code   778  stm32f1xx_hal_rcc.o(i.HAL_RCC_OscConfig)
    HAL_SYSTICK_Config                       0x08001801   Thumb Code    40  stm32f1xx_hal_cortex.o(i.HAL_SYSTICK_Config)
    HAL_TIMEx_BreakCallback                  0x08001829   Thumb Code     2  stm32f1xx_hal_tim_ex.o(i.HAL_TIMEx_BreakCallback)
    HAL_TIMEx_CommutCallback                 0x0800182b   Thumb Code     2  stm32f1xx_hal_tim_ex.o(i.HAL_TIMEx_CommutCallback)
    HAL_TIMEx_MasterConfigSynchronization    0x0800182d   Thumb Code    92  stm32f1xx_hal_tim_ex.o(i.HAL_TIMEx_MasterConfigSynchronization)
    HAL_TIM_Base_Init                        0x08001895   Thumb Code    90  stm32f1xx_hal_tim.o(i.HAL_TIM_Base_Init)
    HAL_TIM_Base_MspInit                     0x080018f1   Thumb Code    50  stm32f1xx_hal_msp.o(i.HAL_TIM_Base_MspInit)
    HAL_TIM_Base_Start_IT                    0x0800192d   Thumb Code    76  stm32f1xx_hal_tim.o(i.HAL_TIM_Base_Start_IT)
    HAL_TIM_ConfigClockSource                0x08001985   Thumb Code   220  stm32f1xx_hal_tim.o(i.HAL_TIM_ConfigClockSource)
    HAL_TIM_Encoder_Init                     0x08001a61   Thumb Code   164  stm32f1xx_hal_tim.o(i.HAL_TIM_Encoder_Init)
    HAL_TIM_Encoder_MspInit                  0x08001b05   Thumb Code   122  stm32f1xx_hal_msp.o(i.HAL_TIM_Encoder_MspInit)
    HAL_TIM_Encoder_Start                    0x08001b8d   Thumb Code   142  stm32f1xx_hal_tim.o(i.HAL_TIM_Encoder_Start)
    HAL_TIM_IC_CaptureCallback               0x08001c1b   Thumb Code     2  stm32f1xx_hal_tim.o(i.HAL_TIM_IC_CaptureCallback)
    HAL_TIM_IRQHandler                       0x08001c1d   Thumb Code   358  stm32f1xx_hal_tim.o(i.HAL_TIM_IRQHandler)
    HAL_TIM_MspPostInit                      0x08001d85   Thumb Code    64  stm32f1xx_hal_msp.o(i.HAL_TIM_MspPostInit)
    HAL_TIM_OC_DelayElapsedCallback          0x08001dd1   Thumb Code     2  stm32f1xx_hal_tim.o(i.HAL_TIM_OC_DelayElapsedCallback)
    HAL_TIM_PWM_ConfigChannel                0x08001dd3   Thumb Code   204  stm32f1xx_hal_tim.o(i.HAL_TIM_PWM_ConfigChannel)
    HAL_TIM_PWM_Init                         0x08001e9f   Thumb Code    90  stm32f1xx_hal_tim.o(i.HAL_TIM_PWM_Init)
    HAL_TIM_PWM_MspInit                      0x08001ef9   Thumb Code    30  stm32f1xx_hal_msp.o(i.HAL_TIM_PWM_MspInit)
    HAL_TIM_PWM_PulseFinishedCallback        0x08001f21   Thumb Code     2  stm32f1xx_hal_tim.o(i.HAL_TIM_PWM_PulseFinishedCallback)
    HAL_TIM_PWM_Start                        0x08001f25   Thumb Code   144  stm32f1xx_hal_tim.o(i.HAL_TIM_PWM_Start)
    HAL_TIM_PeriodElapsedCallback            0x08001fc1   Thumb Code   350  main.o(i.HAL_TIM_PeriodElapsedCallback)
    HAL_TIM_TriggerCallback                  0x0800214d   Thumb Code     2  stm32f1xx_hal_tim.o(i.HAL_TIM_TriggerCallback)
    HAL_UARTEx_RxEventCallback               0x0800214f   Thumb Code     2  stm32f1xx_hal_uart.o(i.HAL_UARTEx_RxEventCallback)
    HAL_UART_ErrorCallback                   0x08002151   Thumb Code     2  stm32f1xx_hal_uart.o(i.HAL_UART_ErrorCallback)
    HAL_UART_IRQHandler                      0x08002155   Thumb Code   616  stm32f1xx_hal_uart.o(i.HAL_UART_IRQHandler)
    HAL_UART_Init                            0x080023c1   Thumb Code   100  stm32f1xx_hal_uart.o(i.HAL_UART_Init)
    HAL_UART_MspInit                         0x08002425   Thumb Code   116  stm32f1xx_hal_msp.o(i.HAL_UART_MspInit)
    HAL_UART_Receive_IT                      0x080024a5   Thumb Code    28  stm32f1xx_hal_uart.o(i.HAL_UART_Receive_IT)
    HAL_UART_RxCpltCallback                  0x080024c1   Thumb Code   130  main.o(i.HAL_UART_RxCpltCallback)
    HAL_UART_TxCpltCallback                  0x08002551   Thumb Code     2  stm32f1xx_hal_uart.o(i.HAL_UART_TxCpltCallback)
    HardFault_Handler                        0x08002553   Thumb Code     2  stm32f1xx_it.o(i.HardFault_Handler)
    MX_USB_DEVICE_Init                       0x08002811   Thumb Code    66  usb_device.o(i.MX_USB_DEVICE_Init)
    MemManage_Handler                        0x08002865   Thumb Code     2  stm32f1xx_it.o(i.MemManage_Handler)
    MotorLeftRot                             0x08002869   Thumb Code    84  main.o(i.MotorLeftRot)
    MotorRightRot                            0x080028c5   Thumb Code    84  main.o(i.MotorRightRot)
    NMI_Handler                              0x08002921   Thumb Code     2  stm32f1xx_it.o(i.NMI_Handler)
    PDcontroller                             0x08002cd1   Thumb Code   238  main.o(i.PDcontroller)
    PIControllerL                            0x08002de5   Thumb Code   204  main.o(i.PIControllerL)
    PIControllerR                            0x08002ebd   Thumb Code   204  main.o(i.PIControllerR)
    PendSV_Handler                           0x08002f95   Thumb Code     2  stm32f1xx_it.o(i.PendSV_Handler)
    SVC_Handler                              0x08002f97   Thumb Code     2  stm32f1xx_it.o(i.SVC_Handler)
    SysTick_Handler                          0x08002f99   Thumb Code     4  stm32f1xx_it.o(i.SysTick_Handler)
    SystemClock_Config                       0x08002f9d   Thumb Code   118  main.o(i.SystemClock_Config)
    SystemInit                               0x08003013   Thumb Code     2  system_stm32f1xx.o(i.SystemInit)
    TIM3_IRQHandler                          0x08003015   Thumb Code     6  stm32f1xx_it.o(i.TIM3_IRQHandler)
    TIM_Base_SetConfig                       0x08003021   Thumb Code    94  stm32f1xx_hal_tim.o(i.TIM_Base_SetConfig)
    TIM_CCxChannelCmd                        0x0800308d   Thumb Code    26  stm32f1xx_hal_tim.o(i.TIM_CCxChannelCmd)
    TIM_ETR_SetConfig                        0x080030a7   Thumb Code    20  stm32f1xx_hal_tim.o(i.TIM_ETR_SetConfig)
    TIM_OC2_SetConfig                        0x0800311d   Thumb Code    84  stm32f1xx_hal_tim.o(i.TIM_OC2_SetConfig)
    UART_Start_Receive_IT                    0x08003431   Thumb Code    54  stm32f1xx_hal_uart.o(i.UART_Start_Receive_IT)
    USART3_IRQHandler                        0x08003469   Thumb Code     6  stm32f1xx_it.o(i.USART3_IRQHandler)
    USBD_CDC_GetDeviceQualifierDescriptor    0x08003551   Thumb Code     8  usbd_cdc.o(i.USBD_CDC_GetDeviceQualifierDescriptor)
    USBD_CDC_ReceivePacket                   0x08003615   Thumb Code    40  usbd_cdc.o(i.USBD_CDC_ReceivePacket)
    USBD_CDC_RegisterInterface               0x0800363d   Thumb Code    16  usbd_cdc.o(i.USBD_CDC_RegisterInterface)
    USBD_CDC_SetRxBuffer                     0x0800364d   Thumb Code    12  usbd_cdc.o(i.USBD_CDC_SetRxBuffer)
    USBD_CDC_SetTxBuffer                     0x08003659   Thumb Code    16  usbd_cdc.o(i.USBD_CDC_SetTxBuffer)
    USBD_ClrClassConfig                      0x08003715   Thumb Code    14  usbd_core.o(i.USBD_ClrClassConfig)
    USBD_CtlContinueRx                       0x08003723   Thumb Code    16  usbd_ioreq.o(i.USBD_CtlContinueRx)
    USBD_CtlContinueSendData                 0x08003733   Thumb Code    16  usbd_ioreq.o(i.USBD_CtlContinueSendData)
    USBD_CtlError                            0x08003743   Thumb Code    22  usbd_ctlreq.o(i.USBD_CtlError)
    USBD_CtlPrepareRx                        0x08003759   Thumb Code    30  usbd_ioreq.o(i.USBD_CtlPrepareRx)
    USBD_CtlReceiveStatus                    0x08003777   Thumb Code    22  usbd_ioreq.o(i.USBD_CtlReceiveStatus)
    USBD_CtlSendData                         0x0800378d   Thumb Code    26  usbd_ioreq.o(i.USBD_CtlSendData)
    USBD_CtlSendStatus                       0x080037a7   Thumb Code    22  usbd_ioreq.o(i.USBD_CtlSendStatus)
    USBD_FS_ConfigStrDescriptor              0x080037bd   Thumb Code    16  usbd_desc.o(i.USBD_FS_ConfigStrDescriptor)
    USBD_FS_DeviceDescriptor                 0x080037dd   Thumb Code     8  usbd_desc.o(i.USBD_FS_DeviceDescriptor)
    USBD_FS_InterfaceStrDescriptor           0x080037e9   Thumb Code    16  usbd_desc.o(i.USBD_FS_InterfaceStrDescriptor)
    USBD_FS_LangIDStrDescriptor              0x0800380d   Thumb Code     8  usbd_desc.o(i.USBD_FS_LangIDStrDescriptor)
    USBD_FS_ManufacturerStrDescriptor        0x08003819   Thumb Code    16  usbd_desc.o(i.USBD_FS_ManufacturerStrDescriptor)
    USBD_FS_ProductStrDescriptor             0x08003841   Thumb Code    16  usbd_desc.o(i.USBD_FS_ProductStrDescriptor)
    USBD_FS_SerialStrDescriptor              0x0800386d   Thumb Code    48  usbd_desc.o(i.USBD_FS_SerialStrDescriptor)
    USBD_GetString                           0x0800398d   Thumb Code    72  usbd_ctlreq.o(i.USBD_GetString)
    USBD_Init                                0x080039ed   Thumb Code    42  usbd_core.o(i.USBD_Init)
    USBD_LL_ClearStallEP                     0x08003a17   Thumb Code    18  usbd_conf.o(i.USBD_LL_ClearStallEP)
    USBD_LL_CloseEP                          0x08003a29   Thumb Code    18  usbd_conf.o(i.USBD_LL_CloseEP)
    USBD_LL_DataInStage                      0x08003a3b   Thumb Code   198  usbd_core.o(i.USBD_LL_DataInStage)
    USBD_LL_DataOutStage                     0x08003b01   Thumb Code   130  usbd_core.o(i.USBD_LL_DataOutStage)
    USBD_LL_GetRxDataSize                    0x08003b83   Thumb Code     8  usbd_conf.o(i.USBD_LL_GetRxDataSize)
    USBD_LL_Init                             0x08003b8d   Thumb Code   118  usbd_conf.o(i.USBD_LL_Init)
    USBD_LL_IsStallEP                        0x08003c0d   Thumb Code    32  usbd_conf.o(i.USBD_LL_IsStallEP)
    USBD_LL_OpenEP                           0x08003c2d   Thumb Code    24  usbd_conf.o(i.USBD_LL_OpenEP)
    USBD_LL_PrepareReceive                   0x08003c45   Thumb Code    18  usbd_conf.o(i.USBD_LL_PrepareReceive)
    USBD_LL_Reset                            0x08003c57   Thumb Code    80  usbd_core.o(i.USBD_LL_Reset)
    USBD_LL_Resume                           0x08003ca7   Thumb Code    20  usbd_core.o(i.USBD_LL_Resume)
    USBD_LL_SOF                              0x08003cbb   Thumb Code    24  usbd_core.o(i.USBD_LL_SOF)
    USBD_LL_SetSpeed                         0x08003cd3   Thumb Code     6  usbd_core.o(i.USBD_LL_SetSpeed)
    USBD_LL_SetUSBAddress                    0x08003cd9   Thumb Code    18  usbd_conf.o(i.USBD_LL_SetUSBAddress)
    USBD_LL_SetupStage                       0x08003ceb   Thumb Code    90  usbd_core.o(i.USBD_LL_SetupStage)
    USBD_LL_StallEP                          0x08003d45   Thumb Code    18  usbd_conf.o(i.USBD_LL_StallEP)
    USBD_LL_Start                            0x08003d57   Thumb Code    18  usbd_conf.o(i.USBD_LL_Start)
    USBD_LL_Suspend                          0x08003d69   Thumb Code    18  usbd_core.o(i.USBD_LL_Suspend)
    USBD_LL_Transmit                         0x08003d7b   Thumb Code    18  usbd_conf.o(i.USBD_LL_Transmit)
    USBD_ParseSetupRequest                   0x08003d8d   Thumb Code    40  usbd_ctlreq.o(i.USBD_ParseSetupRequest)
    USBD_RegisterClass                       0x08003db5   Thumb Code    16  usbd_core.o(i.USBD_RegisterClass)
    USBD_SetClassConfig                      0x08003dc5   Thumb Code    22  usbd_core.o(i.USBD_SetClassConfig)
    USBD_Start                               0x08003e61   Thumb Code    10  usbd_core.o(i.USBD_Start)
    USBD_StdDevReq                           0x08003e6b   Thumb Code   274  usbd_ctlreq.o(i.USBD_StdDevReq)
    USBD_StdEPReq                            0x08003f7d   Thumb Code   336  usbd_ctlreq.o(i.USBD_StdEPReq)
    USBD_StdItfReq                           0x080040cd   Thumb Code    78  usbd_ctlreq.o(i.USBD_StdItfReq)
    USBD_static_free                         0x0800411b   Thumb Code     2  usbd_conf.o(i.USBD_static_free)
    USBD_static_malloc                       0x0800411d   Thumb Code     4  usbd_conf.o(i.USBD_static_malloc)
    USB_ActivateEndpoint                     0x08004125   Thumb Code   668  stm32f1xx_ll_usb.o(i.USB_ActivateEndpoint)
    USB_CoreInit                             0x080043c1   Thumb Code     4  stm32f1xx_ll_usb.o(i.USB_CoreInit)
    USB_DeactivateEndpoint                   0x080043c5   Thumb Code   270  stm32f1xx_ll_usb.o(i.USB_DeactivateEndpoint)
    USB_DevConnect                           0x080044d3   Thumb Code     4  stm32f1xx_ll_usb.o(i.USB_DevConnect)
    USB_DevDisconnect                        0x080044d7   Thumb Code     4  stm32f1xx_ll_usb.o(i.USB_DevDisconnect)
    USB_DevInit                              0x080044db   Thumb Code    18  stm32f1xx_ll_usb.o(i.USB_DevInit)
    USB_DisableGlobalInt                     0x080044ed   Thumb Code    14  stm32f1xx_ll_usb.o(i.USB_DisableGlobalInt)
    USB_EP0_OutStart                         0x080044fb   Thumb Code     4  stm32f1xx_ll_usb.o(i.USB_EP0_OutStart)
    USB_EPClearStall                         0x080044ff   Thumb Code   120  stm32f1xx_ll_usb.o(i.USB_EPClearStall)
    USB_EPSetStall                           0x08004577   Thumb Code    50  stm32f1xx_ll_usb.o(i.USB_EPSetStall)
    USB_EPStartXfer                          0x080045a9   Thumb Code  1250  stm32f1xx_ll_usb.o(i.USB_EPStartXfer)
    USB_EnableGlobalInt                      0x08004a8b   Thumb Code    18  stm32f1xx_ll_usb.o(i.USB_EnableGlobalInt)
    USB_LP_CAN1_RX0_IRQHandler               0x08004a9d   Thumb Code     6  stm32f1xx_it.o(i.USB_LP_CAN1_RX0_IRQHandler)
    USB_ReadInterrupts                       0x08004aa9   Thumb Code     6  stm32f1xx_ll_usb.o(i.USB_ReadInterrupts)
    USB_ReadPMA                              0x08004ab1   Thumb Code    44  stm32f1xx_ll_usb.o(i.USB_ReadPMA)
    USB_SetCurrentMode                       0x08004add   Thumb Code     4  stm32f1xx_ll_usb.o(i.USB_SetCurrentMode)
    USB_SetDevAddress                        0x08004ae1   Thumb Code    12  stm32f1xx_ll_usb.o(i.USB_SetDevAddress)
    USB_WritePMA                             0x08004aed   Thumb Code    38  stm32f1xx_ll_usb.o(i.USB_WritePMA)
    UsageFault_Handler                       0x08004b13   Thumb Code     2  stm32f1xx_it.o(i.UsageFault_Handler)
    main                                     0x08004b35   Thumb Code   148  main.o(i.main)
    __aeabi_d2f                              0x08004bd9   Thumb Code     0  d2f.o(x$fpl$d2f)
    _d2f                                     0x08004bd9   Thumb Code    98  d2f.o(x$fpl$d2f)
    __aeabi_dadd                             0x08004c3d   Thumb Code     0  daddsub_clz.o(x$fpl$dadd)
    _dadd                                    0x08004c3d   Thumb Code   332  daddsub_clz.o(x$fpl$dadd)
    __aeabi_ddiv                             0x08004d8d   Thumb Code     0  ddiv.o(x$fpl$ddiv)
    _ddiv                                    0x08004d8d   Thumb Code   552  ddiv.o(x$fpl$ddiv)
    __aeabi_d2iz                             0x0800503d   Thumb Code     0  dfix.o(x$fpl$dfix)
    _dfix                                    0x0800503d   Thumb Code    94  dfix.o(x$fpl$dfix)
    __aeabi_i2d                              0x0800509b   Thumb Code     0  dflt_clz.o(x$fpl$dflt)
    _dflt                                    0x0800509b   Thumb Code    46  dflt_clz.o(x$fpl$dflt)
    __aeabi_dmul                             0x080050c9   Thumb Code     0  dmul.o(x$fpl$dmul)
    _dmul                                    0x080050c9   Thumb Code   332  dmul.o(x$fpl$dmul)
    __fpl_dnaninf                            0x0800521d   Thumb Code   156  dnaninf.o(x$fpl$dnaninf)
    __fpl_dretinf                            0x080052b9   Thumb Code    12  dretinf.o(x$fpl$dretinf)
    __aeabi_dsub                             0x080052c5   Thumb Code     0  daddsub_clz.o(x$fpl$dsub)
    _dsub                                    0x080052c5   Thumb Code   464  daddsub_clz.o(x$fpl$dsub)
    __aeabi_f2d                              0x08005499   Thumb Code     0  f2d.o(x$fpl$f2d)
    _f2d                                     0x08005499   Thumb Code    86  f2d.o(x$fpl$f2d)
    __aeabi_fadd                             0x080054f1   Thumb Code     0  faddsub_clz.o(x$fpl$fadd)
    _fadd                                    0x080054f1   Thumb Code   196  faddsub_clz.o(x$fpl$fadd)
    __aeabi_f2iz                             0x080055b5   Thumb Code     0  ffix.o(x$fpl$ffix)
    _ffix                                    0x080055b5   Thumb Code    54  ffix.o(x$fpl$ffix)
    __aeabi_i2f                              0x080055ed   Thumb Code     0  fflt_clz.o(x$fpl$fflt)
    _fflt                                    0x080055ed   Thumb Code    48  fflt_clz.o(x$fpl$fflt)
    __aeabi_fmul                             0x0800561d   Thumb Code     0  fmul.o(x$fpl$fmul)
    _fmul                                    0x0800561d   Thumb Code   258  fmul.o(x$fpl$fmul)
    __fpl_fnaninf                            0x0800571f   Thumb Code   140  fnaninf.o(x$fpl$fnaninf)
    __fpl_fretinf                            0x080057ab   Thumb Code    10  fretinf.o(x$fpl$fretinf)
    __aeabi_fsub                             0x080057b5   Thumb Code     0  faddsub_clz.o(x$fpl$fsub)
    _fsub                                    0x080057b5   Thumb Code   234  faddsub_clz.o(x$fpl$fsub)
    __I$use$fp                               0x0800589e   Number         0  usenofp.o(x$fpl$usenofp)
    AHBPrescTable                            0x080058b0   Data          16  system_stm32f1xx.o(.constdata)
    APBPrescTable                            0x080058c0   Data           8  system_stm32f1xx.o(.constdata)
    Region$$Table$$Base                      0x080058c8   Number         0  anon$$obj.o(Region$$Table)
    Region$$Table$$Limit                     0x080058e8   Number         0  anon$$obj.o(Region$$Table)
    RunSystem                                0x20000000   Data           1  main.o(.data)
    DesiredLeftSpeed_Manual                  0x20000002   Data           2  main.o(.data)
    DesiredRightSpeed_Manual                 0x20000004   Data           2  main.o(.data)
    X_axis                                   0x20000006   Data           2  main.o(.data)
    Y_axis                                   0x20000008   Data           2  main.o(.data)
    VelCntL                                  0x2000000a   Data           2  main.o(.data)
    CurrSpeedL                               0x2000000c   Data           2  main.o(.data)
    VelCntR                                  0x2000000e   Data           2  main.o(.data)
    CurrSpeedR                               0x20000010   Data           2  main.o(.data)
    Rx_data                                  0x20000012   Data           2  main.o(.data)
    pwmL                                     0x20000014   Data           2  main.o(.data)
    pwmR                                     0x20000016   Data           2  main.o(.data)
    mode                                     0x20000018   Data           4  main.o(.data)
    pre_mode                                 0x2000001c   Data           4  main.o(.data)
    priority                                 0x20000020   Data           4  main.o(.data)
    DesiredLeftVel                           0x20000024   Data           4  main.o(.data)
    DesiredRightVel                          0x20000028   Data           4  main.o(.data)
    Kp                                       0x2000002c   Data           4  main.o(.data)
    Ki                                       0x20000030   Data           4  main.o(.data)
    Kb                                       0x20000034   Data           4  main.o(.data)
    UHiLim                                   0x20000038   Data           4  main.o(.data)
    ULoLim                                   0x2000003c   Data           4  main.o(.data)
    CurrVelL                                 0x20000040   Data           4  main.o(.data)
    CurrVelR                                 0x20000044   Data           4  main.o(.data)
    FS_Desc                                  0x20000064   Data          28  usbd_desc.o(.data)
    USBD_LangIDDesc                          0x20000080   Data           4  usbd_desc.o(.data)
    USBD_FS_DeviceDesc                       0x20000084   Data          18  usbd_desc.o(.data)
    USBD_StringSerial                        0x20000098   Data          26  usbd_desc.o(.data)
    USBD_Interface_fops_FS                   0x200000b4   Data          16  usbd_cdc_if.o(.data)
    uwTickFreq                               0x200000c4   Data           1  stm32f1xx_hal.o(.data)
    uwTickPrio                               0x200000c8   Data           4  stm32f1xx_hal.o(.data)
    uwTick                                   0x200000cc   Data           4  stm32f1xx_hal.o(.data)
    SystemCoreClock                          0x200000d0   Data           4  system_stm32f1xx.o(.data)
    USBD_CDC_CfgHSDesc                       0x200000e4   Data          67  usbd_cdc.o(.data)
    USBD_CDC_CfgFSDesc                       0x20000128   Data          67  usbd_cdc.o(.data)
    USBD_CDC_OtherSpeedCfgDesc               0x2000016c   Data          67  usbd_cdc.o(.data)
    USBD_CDC                                 0x200001b0   Data          56  usbd_cdc.o(.data)
    htim1                                    0x200001e8   Data          72  main.o(.bss)
    htim2                                    0x20000230   Data          72  main.o(.bss)
    htim3                                    0x20000278   Data          72  main.o(.bss)
    htim4                                    0x200002c0   Data          72  main.o(.bss)
    huart3                                   0x20000308   Data          72  main.o(.bss)
    buffer                                   0x20000350   Data          64  main.o(.bss)
    hUsbDeviceFS                             0x20000390   Data         708  usb_device.o(.bss)
    USBD_StrDesc                             0x20000654   Data         512  usbd_desc.o(.bss)
    UserRxBufferFS                           0x20000854   Data        1024  usbd_cdc_if.o(.bss)
    UserTxBufferFS                           0x20000c54   Data        1024  usbd_cdc_if.o(.bss)
    hpcd_USB_FS                              0x20001274   Data         752  usbd_conf.o(.bss)
    __libspace_start                         0x20001564   Data          96  libspace.o(.bss)
    __temporary_stack_top$libspace           0x200015c4   Data           0  libspace.o(.bss)



==============================================================================

Memory Map of the image

  Image Entry point : 0x080000ed

  Load Region LR_IROM1 (Base: 0x08000000, Size: 0x00005ad0, Max: 0x00010000, ABSOLUTE, COMPRESSED[0x000059c0])

    Execution Region ER_IROM1 (Exec base: 0x08000000, Load base: 0x08000000, Size: 0x000058e8, Max: 0x00010000, ABSOLUTE)

    Exec Addr    Load Addr    Size         Type   Attr      Idx    E Section Name        Object

    0x08000000   0x08000000   0x000000ec   Data   RO            3    RESET               startup_stm32f103xb.o
    0x080000ec   0x080000ec   0x00000008   Code   RO         4050  * !!!main             c_w.l(__main.o)
    0x080000f4   0x080000f4   0x00000034   Code   RO         4264    !!!scatter          c_w.l(__scatter.o)
    0x08000128   0x08000128   0x0000005a   Code   RO         4262    !!dczerorl2         c_w.l(__dczerorl2.o)
    0x08000182   0x08000182   0x00000002   PAD
    0x08000184   0x08000184   0x0000001c   Code   RO         4266    !!handler_zi        c_w.l(__scatter_zi.o)
    0x080001a0   0x080001a0   0x00000002   Code   RO         4130    .ARM.Collect$$libinit$$00000000  c_w.l(libinit.o)
    0x080001a2   0x080001a2   0x00000000   Code   RO         4137    .ARM.Collect$$libinit$$00000002  c_w.l(libinit2.o)
    0x080001a2   0x080001a2   0x00000000   Code   RO         4139    .ARM.Collect$$libinit$$00000004  c_w.l(libinit2.o)
    0x080001a2   0x080001a2   0x00000000   Code   RO         4142    .ARM.Collect$$libinit$$0000000A  c_w.l(libinit2.o)
    0x080001a2   0x080001a2   0x00000000   Code   RO         4144    .ARM.Collect$$libinit$$0000000C  c_w.l(libinit2.o)
    0x080001a2   0x080001a2   0x00000000   Code   RO         4146    .ARM.Collect$$libinit$$0000000E  c_w.l(libinit2.o)
    0x080001a2   0x080001a2   0x00000000   Code   RO         4149    .ARM.Collect$$libinit$$00000011  c_w.l(libinit2.o)
    0x080001a2   0x080001a2   0x00000000   Code   RO         4151    .ARM.Collect$$libinit$$00000013  c_w.l(libinit2.o)
    0x080001a2   0x080001a2   0x00000000   Code   RO         4153    .ARM.Collect$$libinit$$00000015  c_w.l(libinit2.o)
    0x080001a2   0x080001a2   0x00000000   Code   RO         4155    .ARM.Collect$$libinit$$00000017  c_w.l(libinit2.o)
    0x080001a2   0x080001a2   0x00000000   Code   RO         4157    .ARM.Collect$$libinit$$00000019  c_w.l(libinit2.o)
    0x080001a2   0x080001a2   0x00000000   Code   RO         4159    .ARM.Collect$$libinit$$0000001B  c_w.l(libinit2.o)
    0x080001a2   0x080001a2   0x00000000   Code   RO         4161    .ARM.Collect$$libinit$$0000001D  c_w.l(libinit2.o)
    0x080001a2   0x080001a2   0x00000000   Code   RO         4163    .ARM.Collect$$libinit$$0000001F  c_w.l(libinit2.o)
    0x080001a2   0x080001a2   0x00000000   Code   RO         4165    .ARM.Collect$$libinit$$00000021  c_w.l(libinit2.o)
    0x080001a2   0x080001a2   0x00000000   Code   RO         4167    .ARM.Collect$$libinit$$00000023  c_w.l(libinit2.o)
    0x080001a2   0x080001a2   0x00000000   Code   RO         4169    .ARM.Collect$$libinit$$00000025  c_w.l(libinit2.o)
    0x080001a2   0x080001a2   0x00000000   Code   RO         4173    .ARM.Collect$$libinit$$0000002C  c_w.l(libinit2.o)
    0x080001a2   0x080001a2   0x00000000   Code   RO         4175    .ARM.Collect$$libinit$$0000002E  c_w.l(libinit2.o)
    0x080001a2   0x080001a2   0x00000000   Code   RO         4177    .ARM.Collect$$libinit$$00000030  c_w.l(libinit2.o)
    0x080001a2   0x080001a2   0x00000000   Code   RO         4179    .ARM.Collect$$libinit$$00000032  c_w.l(libinit2.o)
    0x080001a2   0x080001a2   0x00000002   Code   RO         4180    .ARM.Collect$$libinit$$00000033  c_w.l(libinit2.o)
    0x080001a4   0x080001a4   0x00000002   Code   RO         4200    .ARM.Collect$$libshutdown$$00000000  c_w.l(libshutdown.o)
    0x080001a6   0x080001a6   0x00000000   Code   RO         4213    .ARM.Collect$$libshutdown$$00000002  c_w.l(libshutdown2.o)
    0x080001a6   0x080001a6   0x00000000   Code   RO         4215    .ARM.Collect$$libshutdown$$00000004  c_w.l(libshutdown2.o)
    0x080001a6   0x080001a6   0x00000000   Code   RO         4217    .ARM.Collect$$libshutdown$$00000006  c_w.l(libshutdown2.o)
    0x080001a6   0x080001a6   0x00000000   Code   RO         4220    .ARM.Collect$$libshutdown$$00000009  c_w.l(libshutdown2.o)
    0x080001a6   0x080001a6   0x00000000   Code   RO         4223    .ARM.Collect$$libshutdown$$0000000C  c_w.l(libshutdown2.o)
    0x080001a6   0x080001a6   0x00000000   Code   RO         4225    .ARM.Collect$$libshutdown$$0000000E  c_w.l(libshutdown2.o)
    0x080001a6   0x080001a6   0x00000000   Code   RO         4228    .ARM.Collect$$libshutdown$$00000011  c_w.l(libshutdown2.o)
    0x080001a6   0x080001a6   0x00000002   Code   RO         4229    .ARM.Collect$$libshutdown$$00000012  c_w.l(libshutdown2.o)
    0x080001a8   0x080001a8   0x00000000   Code   RO         4096    .ARM.Collect$$rtentry$$00000000  c_w.l(__rtentry.o)
    0x080001a8   0x080001a8   0x00000000   Code   RO         4107    .ARM.Collect$$rtentry$$00000002  c_w.l(__rtentry2.o)
    0x080001a8   0x080001a8   0x00000006   Code   RO         4119    .ARM.Collect$$rtentry$$00000004  c_w.l(__rtentry4.o)
    0x080001ae   0x080001ae   0x00000000   Code   RO         4109    .ARM.Collect$$rtentry$$00000009  c_w.l(__rtentry2.o)
    0x080001ae   0x080001ae   0x00000004   Code   RO         4110    .ARM.Collect$$rtentry$$0000000A  c_w.l(__rtentry2.o)
    0x080001b2   0x080001b2   0x00000000   Code   RO         4112    .ARM.Collect$$rtentry$$0000000C  c_w.l(__rtentry2.o)
    0x080001b2   0x080001b2   0x00000008   Code   RO         4113    .ARM.Collect$$rtentry$$0000000D  c_w.l(__rtentry2.o)
    0x080001ba   0x080001ba   0x00000002   Code   RO         4134    .ARM.Collect$$rtexit$$00000000  c_w.l(rtexit.o)
    0x080001bc   0x080001bc   0x00000000   Code   RO         4182    .ARM.Collect$$rtexit$$00000002  c_w.l(rtexit2.o)
    0x080001bc   0x080001bc   0x00000004   Code   RO         4183    .ARM.Collect$$rtexit$$00000003  c_w.l(rtexit2.o)
    0x080001c0   0x080001c0   0x00000006   Code   RO         4184    .ARM.Collect$$rtexit$$00000004  c_w.l(rtexit2.o)
    0x080001c6   0x080001c6   0x00000002   PAD
    0x080001c8   0x080001c8   0x00000040   Code   RO            4    .text               startup_stm32f103xb.o
    0x08000208   0x08000208   0x0000008a   Code   RO         4040    .text               c_w.l(rt_memcpy_v6.o)
    0x08000292   0x08000292   0x00000064   Code   RO         4042    .text               c_w.l(rt_memcpy_w.o)
    0x080002f6   0x080002f6   0x00000044   Code   RO         4044    .text               c_w.l(rt_memclr.o)
    0x0800033a   0x0800033a   0x0000004e   Code   RO         4046    .text               c_w.l(rt_memclr_w.o)
    0x08000388   0x08000388   0x00000006   Code   RO         4048    .text               c_w.l(heapauxi.o)
    0x0800038e   0x0800038e   0x0000004a   Code   RO         4121    .text               c_w.l(sys_stackheap_outer.o)
    0x080003d8   0x080003d8   0x00000012   Code   RO         4123    .text               c_w.l(exit.o)
    0x080003ea   0x080003ea   0x00000002   PAD
    0x080003ec   0x080003ec   0x00000008   Code   RO         4131    .text               c_w.l(libspace.o)
    0x080003f4   0x080003f4   0x0000000c   Code   RO         4192    .text               c_w.l(sys_exit.o)
    0x08000400   0x08000400   0x00000002   Code   RO         4203    .text               c_w.l(use_no_semi.o)
    0x08000402   0x08000402   0x00000000   Code   RO         4205    .text               c_w.l(indicate_semi.o)
    0x08000402   0x08000402   0x00000002   Code   RO          265    i.BusFault_Handler  stm32f1xx_it.o
    0x08000404   0x08000404   0x00000004   Code   RO          554    i.CDC_Control_FS    usbd_cdc_if.o
    0x08000408   0x08000408   0x00000004   Code   RO          555    i.CDC_DeInit_FS     usbd_cdc_if.o
    0x0800040c   0x0800040c   0x00000024   Code   RO          556    i.CDC_Init_FS       usbd_cdc_if.o
    0x08000430   0x08000430   0x00000088   Code   RO          557    i.CDC_Receive_FS    usbd_cdc_if.o
    0x080004b8   0x080004b8   0x00000002   Code   RO          266    i.DebugMon_Handler  stm32f1xx_it.o
    0x080004ba   0x080004ba   0x00000004   Code   RO           13    i.Error_Handler     main.o
    0x080004be   0x080004be   0x00000046   Code   RO         1700    i.HAL_DMA_Abort     stm32f1xx_hal_dma.o
    0x08000504   0x08000504   0x00000098   Code   RO         1701    i.HAL_DMA_Abort_IT  stm32f1xx_hal_dma.o
    0x0800059c   0x0800059c   0x000001e0   Code   RO         1636    i.HAL_GPIO_Init     stm32f1xx_hal_gpio.o
    0x0800077c   0x0800077c   0x0000000a   Code   RO         1640    i.HAL_GPIO_WritePin  stm32f1xx_hal_gpio.o
    0x08000786   0x08000786   0x00000002   PAD
    0x08000788   0x08000788   0x0000000c   Code   RO         1330    i.HAL_GetTick       stm32f1xx_hal.o
    0x08000794   0x08000794   0x00000010   Code   RO         1336    i.HAL_IncTick       stm32f1xx_hal.o
    0x080007a4   0x080007a4   0x00000024   Code   RO         1337    i.HAL_Init          stm32f1xx_hal.o
    0x080007c8   0x080007c8   0x00000040   Code   RO         1338    i.HAL_InitTick      stm32f1xx_hal.o
    0x08000808   0x08000808   0x0000003c   Code   RO          359    i.HAL_MspInit       stm32f1xx_hal_msp.o
    0x08000844   0x08000844   0x0000001a   Code   RO         1796    i.HAL_NVIC_EnableIRQ  stm32f1xx_hal_cortex.o
    0x0800085e   0x0800085e   0x00000002   PAD
    0x08000860   0x08000860   0x00000040   Code   RO         1802    i.HAL_NVIC_SetPriority  stm32f1xx_hal_cortex.o
    0x080008a0   0x080008a0   0x00000024   Code   RO         1803    i.HAL_NVIC_SetPriorityGrouping  stm32f1xx_hal_cortex.o
    0x080008c4   0x080008c4   0x0000003c   Code   RO         1093    i.HAL_PCDEx_PMAConfig  stm32f1xx_hal_pcd_ex.o
    0x08000900   0x08000900   0x00000002   Code   RO          606    i.HAL_PCDEx_SetConnectionState  usbd_conf.o
    0x08000902   0x08000902   0x00000012   Code   RO          608    i.HAL_PCD_DataInStageCallback  usbd_conf.o
    0x08000914   0x08000914   0x00000014   Code   RO          609    i.HAL_PCD_DataOutStageCallback  usbd_conf.o
    0x08000928   0x08000928   0x0000004c   Code   RO          864    i.HAL_PCD_EP_Close  stm32f1xx_hal_pcd.o
    0x08000974   0x08000974   0x0000005c   Code   RO          865    i.HAL_PCD_EP_ClrStall  stm32f1xx_hal_pcd.o
    0x080009d0   0x080009d0   0x000000e6   Code   RO          866    i.HAL_PCD_EP_DB_Receive  stm32f1xx_hal_pcd.o
    0x08000ab6   0x08000ab6   0x00000338   Code   RO          867    i.HAL_PCD_EP_DB_Transmit  stm32f1xx_hal_pcd.o
    0x08000dee   0x08000dee   0x00000012   Code   RO          869    i.HAL_PCD_EP_GetRxCount  stm32f1xx_hal_pcd.o
    0x08000e00   0x08000e00   0x0000005a   Code   RO          870    i.HAL_PCD_EP_Open   stm32f1xx_hal_pcd.o
    0x08000e5a   0x08000e5a   0x0000002e   Code   RO          871    i.HAL_PCD_EP_Receive  stm32f1xx_hal_pcd.o
    0x08000e88   0x08000e88   0x00000072   Code   RO          872    i.HAL_PCD_EP_SetStall  stm32f1xx_hal_pcd.o
    0x08000efa   0x08000efa   0x00000030   Code   RO          873    i.HAL_PCD_EP_Transmit  stm32f1xx_hal_pcd.o
    0x08000f2a   0x08000f2a   0x00000002   PAD
    0x08000f2c   0x08000f2c   0x00000134   Code   RO          875    i.HAL_PCD_IRQHandler  stm32f1xx_hal_pcd.o
    0x08001060   0x08001060   0x000000da   Code   RO          878    i.HAL_PCD_Init      stm32f1xx_hal_pcd.o
    0x0800113a   0x0800113a   0x00000002   PAD
    0x0800113c   0x0800113c   0x0000003c   Code   RO          614    i.HAL_PCD_MspInit   usbd_conf.o
    0x08001178   0x08001178   0x00000026   Code   RO          615    i.HAL_PCD_ResetCallback  usbd_conf.o
    0x0800119e   0x0800119e   0x00000008   Code   RO          616    i.HAL_PCD_ResumeCallback  usbd_conf.o
    0x080011a6   0x080011a6   0x00000008   Code   RO          617    i.HAL_PCD_SOFCallback  usbd_conf.o
    0x080011ae   0x080011ae   0x00000028   Code   RO          884    i.HAL_PCD_SetAddress  stm32f1xx_hal_pcd.o
    0x080011d6   0x080011d6   0x0000000e   Code   RO          618    i.HAL_PCD_SetupStageCallback  usbd_conf.o
    0x080011e4   0x080011e4   0x00000032   Code   RO          886    i.HAL_PCD_Start     stm32f1xx_hal_pcd.o
    0x08001216   0x08001216   0x00000002   PAD
    0x08001218   0x08001218   0x00000024   Code   RO          619    i.HAL_PCD_SuspendCallback  usbd_conf.o
    0x0800123c   0x0800123c   0x000000ec   Code   RO         1598    i.HAL_RCCEx_PeriphCLKConfig  stm32f1xx_hal_rcc_ex.o
    0x08001328   0x08001328   0x0000012c   Code   RO         1494    i.HAL_RCC_ClockConfig  stm32f1xx_hal_rcc.o
    0x08001454   0x08001454   0x00000020   Code   RO         1501    i.HAL_RCC_GetPCLK1Freq  stm32f1xx_hal_rcc.o
    0x08001474   0x08001474   0x00000020   Code   RO         1502    i.HAL_RCC_GetPCLK2Freq  stm32f1xx_hal_rcc.o
    0x08001494   0x08001494   0x0000004c   Code   RO         1503    i.HAL_RCC_GetSysClockFreq  stm32f1xx_hal_rcc.o
    0x080014e0   0x080014e0   0x00000320   Code   RO         1506    i.HAL_RCC_OscConfig  stm32f1xx_hal_rcc.o
    0x08001800   0x08001800   0x00000028   Code   RO         1807    i.HAL_SYSTICK_Config  stm32f1xx_hal_cortex.o
    0x08001828   0x08001828   0x00000002   Code   RO         3002    i.HAL_TIMEx_BreakCallback  stm32f1xx_hal_tim_ex.o
    0x0800182a   0x0800182a   0x00000002   Code   RO         3003    i.HAL_TIMEx_CommutCallback  stm32f1xx_hal_tim_ex.o
    0x0800182c   0x0800182c   0x00000068   Code   RO         3021    i.HAL_TIMEx_MasterConfigSynchronization  stm32f1xx_hal_tim_ex.o
    0x08001894   0x08001894   0x0000005a   Code   RO         2298    i.HAL_TIM_Base_Init  stm32f1xx_hal_tim.o
    0x080018ee   0x080018ee   0x00000002   PAD
    0x080018f0   0x080018f0   0x0000003c   Code   RO          361    i.HAL_TIM_Base_MspInit  stm32f1xx_hal_msp.o
    0x0800192c   0x0800192c   0x00000058   Code   RO         2303    i.HAL_TIM_Base_Start_IT  stm32f1xx_hal_tim.o
    0x08001984   0x08001984   0x000000dc   Code   RO         2307    i.HAL_TIM_ConfigClockSource  stm32f1xx_hal_tim.o
    0x08001a60   0x08001a60   0x000000a4   Code   RO         2319    i.HAL_TIM_Encoder_Init  stm32f1xx_hal_tim.o
    0x08001b04   0x08001b04   0x00000088   Code   RO          363    i.HAL_TIM_Encoder_MspInit  stm32f1xx_hal_msp.o
    0x08001b8c   0x08001b8c   0x0000008e   Code   RO         2322    i.HAL_TIM_Encoder_Start  stm32f1xx_hal_tim.o
    0x08001c1a   0x08001c1a   0x00000002   Code   RO         2332    i.HAL_TIM_IC_CaptureCallback  stm32f1xx_hal_tim.o
    0x08001c1c   0x08001c1c   0x00000166   Code   RO         2346    i.HAL_TIM_IRQHandler  stm32f1xx_hal_tim.o
    0x08001d82   0x08001d82   0x00000002   PAD
    0x08001d84   0x08001d84   0x0000004c   Code   RO          364    i.HAL_TIM_MspPostInit  stm32f1xx_hal_msp.o
    0x08001dd0   0x08001dd0   0x00000002   Code   RO         2349    i.HAL_TIM_OC_DelayElapsedCallback  stm32f1xx_hal_tim.o
    0x08001dd2   0x08001dd2   0x000000cc   Code   RO         2370    i.HAL_TIM_PWM_ConfigChannel  stm32f1xx_hal_tim.o
    0x08001e9e   0x08001e9e   0x0000005a   Code   RO         2373    i.HAL_TIM_PWM_Init  stm32f1xx_hal_tim.o
    0x08001ef8   0x08001ef8   0x00000028   Code   RO          366    i.HAL_TIM_PWM_MspInit  stm32f1xx_hal_msp.o
    0x08001f20   0x08001f20   0x00000002   Code   RO         2376    i.HAL_TIM_PWM_PulseFinishedCallback  stm32f1xx_hal_tim.o
    0x08001f22   0x08001f22   0x00000002   PAD
    0x08001f24   0x08001f24   0x0000009c   Code   RO         2378    i.HAL_TIM_PWM_Start  stm32f1xx_hal_tim.o
    0x08001fc0   0x08001fc0   0x0000018c   Code   RO           14    i.HAL_TIM_PeriodElapsedCallback  main.o
    0x0800214c   0x0800214c   0x00000002   Code   RO         2389    i.HAL_TIM_TriggerCallback  stm32f1xx_hal_tim.o
    0x0800214e   0x0800214e   0x00000002   Code   RO         3281    i.HAL_UARTEx_RxEventCallback  stm32f1xx_hal_uart.o
    0x08002150   0x08002150   0x00000002   Code   RO         3295    i.HAL_UART_ErrorCallback  stm32f1xx_hal_uart.o
    0x08002152   0x08002152   0x00000002   PAD
    0x08002154   0x08002154   0x0000026c   Code   RO         3298    i.HAL_UART_IRQHandler  stm32f1xx_hal_uart.o
    0x080023c0   0x080023c0   0x00000064   Code   RO         3299    i.HAL_UART_Init     stm32f1xx_hal_uart.o
    0x08002424   0x08002424   0x00000080   Code   RO          368    i.HAL_UART_MspInit  stm32f1xx_hal_msp.o
    0x080024a4   0x080024a4   0x0000001c   Code   RO         3304    i.HAL_UART_Receive_IT  stm32f1xx_hal_uart.o
    0x080024c0   0x080024c0   0x00000090   Code   RO           15    i.HAL_UART_RxCpltCallback  main.o
    0x08002550   0x08002550   0x00000002   Code   RO         3310    i.HAL_UART_TxCpltCallback  stm32f1xx_hal_uart.o
    0x08002552   0x08002552   0x00000002   Code   RO          267    i.HardFault_Handler  stm32f1xx_it.o
    0x08002554   0x08002554   0x00000038   Code   RO          468    i.IntToUnicode      usbd_desc.o
    0x0800258c   0x0800258c   0x000000a8   Code   RO           16    i.MX_GPIO_Init      main.o
    0x08002634   0x08002634   0x0000006c   Code   RO           17    i.MX_TIM1_Init      main.o
    0x080026a0   0x080026a0   0x00000068   Code   RO           18    i.MX_TIM2_Init      main.o
    0x08002708   0x08002708   0x00000068   Code   RO           19    i.MX_TIM3_Init      main.o
    0x08002770   0x08002770   0x000000a0   Code   RO           20    i.MX_TIM4_Init      main.o
    0x08002810   0x08002810   0x00000054   Code   RO          437    i.MX_USB_DEVICE_Init  usb_device.o
    0x08002864   0x08002864   0x00000002   Code   RO          268    i.MemManage_Handler  stm32f1xx_it.o
    0x08002866   0x08002866   0x00000002   PAD
    0x08002868   0x08002868   0x0000005c   Code   RO           21    i.MotorLeftRot      main.o
    0x080028c4   0x080028c4   0x0000005c   Code   RO           22    i.MotorRightRot     main.o
    0x08002920   0x08002920   0x00000002   Code   RO          269    i.NMI_Handler       stm32f1xx_it.o
    0x08002922   0x08002922   0x000003ac   Code   RO          890    i.PCD_EP_ISR_Handler  stm32f1xx_hal_pcd.o
    0x08002cce   0x08002cce   0x00000002   PAD
    0x08002cd0   0x08002cd0   0x00000114   Code   RO           23    i.PDcontroller      main.o
    0x08002de4   0x08002de4   0x000000d8   Code   RO           24    i.PIControllerL     main.o
    0x08002ebc   0x08002ebc   0x000000d8   Code   RO           25    i.PIControllerR     main.o
    0x08002f94   0x08002f94   0x00000002   Code   RO          270    i.PendSV_Handler    stm32f1xx_it.o
    0x08002f96   0x08002f96   0x00000002   Code   RO          271    i.SVC_Handler       stm32f1xx_it.o
    0x08002f98   0x08002f98   0x00000004   Code   RO          272    i.SysTick_Handler   stm32f1xx_it.o
    0x08002f9c   0x08002f9c   0x00000076   Code   RO           26    i.SystemClock_Config  main.o
    0x08003012   0x08003012   0x00000002   Code   RO         3633    i.SystemInit        system_stm32f1xx.o
    0x08003014   0x08003014   0x0000000c   Code   RO          273    i.TIM3_IRQHandler   stm32f1xx_it.o
    0x08003020   0x08003020   0x0000006c   Code   RO         2391    i.TIM_Base_SetConfig  stm32f1xx_hal_tim.o
    0x0800308c   0x0800308c   0x0000001a   Code   RO         2392    i.TIM_CCxChannelCmd  stm32f1xx_hal_tim.o
    0x080030a6   0x080030a6   0x00000014   Code   RO         2402    i.TIM_ETR_SetConfig  stm32f1xx_hal_tim.o
    0x080030ba   0x080030ba   0x00000010   Code   RO         2403    i.TIM_ITRx_SetConfig  stm32f1xx_hal_tim.o
    0x080030ca   0x080030ca   0x00000002   PAD
    0x080030cc   0x080030cc   0x00000050   Code   RO         2404    i.TIM_OC1_SetConfig  stm32f1xx_hal_tim.o
    0x0800311c   0x0800311c   0x00000058   Code   RO         2405    i.TIM_OC2_SetConfig  stm32f1xx_hal_tim.o
    0x08003174   0x08003174   0x00000058   Code   RO         2406    i.TIM_OC3_SetConfig  stm32f1xx_hal_tim.o
    0x080031cc   0x080031cc   0x00000044   Code   RO         2407    i.TIM_OC4_SetConfig  stm32f1xx_hal_tim.o
    0x08003210   0x08003210   0x00000022   Code   RO         2409    i.TIM_TI1_ConfigInputStage  stm32f1xx_hal_tim.o
    0x08003232   0x08003232   0x00000024   Code   RO         2411    i.TIM_TI2_ConfigInputStage  stm32f1xx_hal_tim.o
    0x08003256   0x08003256   0x00000010   Code   RO         3312    i.UART_DMAAbortOnError  stm32f1xx_hal_uart.o
    0x08003266   0x08003266   0x0000004e   Code   RO         3322    i.UART_EndRxTransfer  stm32f1xx_hal_uart.o
    0x080032b4   0x080032b4   0x000000c2   Code   RO         3324    i.UART_Receive_IT   stm32f1xx_hal_uart.o
    0x08003376   0x08003376   0x00000002   PAD
    0x08003378   0x08003378   0x000000b8   Code   RO         3325    i.UART_SetConfig    stm32f1xx_hal_uart.o
    0x08003430   0x08003430   0x00000036   Code   RO         3327    i.UART_Start_Receive_IT  stm32f1xx_hal_uart.o
    0x08003466   0x08003466   0x00000002   PAD
    0x08003468   0x08003468   0x0000000c   Code   RO          274    i.USART3_IRQHandler  stm32f1xx_it.o
    0x08003474   0x08003474   0x00000046   Code   RO         3933    i.USBD_CDC_DataIn   usbd_cdc.o
    0x080034ba   0x080034ba   0x0000002e   Code   RO         3934    i.USBD_CDC_DataOut  usbd_cdc.o
    0x080034e8   0x080034e8   0x00000044   Code   RO         3935    i.USBD_CDC_DeInit   usbd_cdc.o
    0x0800352c   0x0800352c   0x00000024   Code   RO         3936    i.USBD_CDC_EP0_RxReady  usbd_cdc.o
    0x08003550   0x08003550   0x0000000c   Code   RO         3937    i.USBD_CDC_GetDeviceQualifierDescriptor  usbd_cdc.o
    0x0800355c   0x0800355c   0x0000000c   Code   RO         3938    i.USBD_CDC_GetFSCfgDesc  usbd_cdc.o
    0x08003568   0x08003568   0x0000000c   Code   RO         3939    i.USBD_CDC_GetHSCfgDesc  usbd_cdc.o
    0x08003574   0x08003574   0x0000000c   Code   RO         3940    i.USBD_CDC_GetOtherSpeedCfgDesc  usbd_cdc.o
    0x08003580   0x08003580   0x00000094   Code   RO         3941    i.USBD_CDC_Init     usbd_cdc.o
    0x08003614   0x08003614   0x00000028   Code   RO         3942    i.USBD_CDC_ReceivePacket  usbd_cdc.o
    0x0800363c   0x0800363c   0x00000010   Code   RO         3943    i.USBD_CDC_RegisterInterface  usbd_cdc.o
    0x0800364c   0x0800364c   0x0000000c   Code   RO         3944    i.USBD_CDC_SetRxBuffer  usbd_cdc.o
    0x08003658   0x08003658   0x00000010   Code   RO         3945    i.USBD_CDC_SetTxBuffer  usbd_cdc.o
    0x08003668   0x08003668   0x000000ac   Code   RO         3946    i.USBD_CDC_Setup    usbd_cdc.o
    0x08003714   0x08003714   0x0000000e   Code   RO         3670    i.USBD_ClrClassConfig  usbd_core.o
    0x08003722   0x08003722   0x00000010   Code   RO         3873    i.USBD_CtlContinueRx  usbd_ioreq.o
    0x08003732   0x08003732   0x00000010   Code   RO         3874    i.USBD_CtlContinueSendData  usbd_ioreq.o
    0x08003742   0x08003742   0x00000016   Code   RO         3808    i.USBD_CtlError     usbd_ctlreq.o
    0x08003758   0x08003758   0x0000001e   Code   RO         3875    i.USBD_CtlPrepareRx  usbd_ioreq.o
    0x08003776   0x08003776   0x00000016   Code   RO         3876    i.USBD_CtlReceiveStatus  usbd_ioreq.o
    0x0800378c   0x0800378c   0x0000001a   Code   RO         3877    i.USBD_CtlSendData  usbd_ioreq.o
    0x080037a6   0x080037a6   0x00000016   Code   RO         3878    i.USBD_CtlSendStatus  usbd_ioreq.o
    0x080037bc   0x080037bc   0x00000020   Code   RO          469    i.USBD_FS_ConfigStrDescriptor  usbd_desc.o
    0x080037dc   0x080037dc   0x0000000c   Code   RO          470    i.USBD_FS_DeviceDescriptor  usbd_desc.o
    0x080037e8   0x080037e8   0x00000024   Code   RO          471    i.USBD_FS_InterfaceStrDescriptor  usbd_desc.o
    0x0800380c   0x0800380c   0x0000000c   Code   RO          472    i.USBD_FS_LangIDStrDescriptor  usbd_desc.o
    0x08003818   0x08003818   0x00000028   Code   RO          473    i.USBD_FS_ManufacturerStrDescriptor  usbd_desc.o
    0x08003840   0x08003840   0x0000002c   Code   RO          474    i.USBD_FS_ProductStrDescriptor  usbd_desc.o
    0x0800386c   0x0800386c   0x00000038   Code   RO          475    i.USBD_FS_SerialStrDescriptor  usbd_desc.o
    0x080038a4   0x080038a4   0x000000e8   Code   RO         3809    i.USBD_GetDescriptor  usbd_ctlreq.o
    0x0800398c   0x0800398c   0x00000048   Code   RO         3810    i.USBD_GetString    usbd_ctlreq.o
    0x080039d4   0x080039d4   0x00000018   Code   RO          620    i.USBD_Get_USB_Status  usbd_conf.o
    0x080039ec   0x080039ec   0x0000002a   Code   RO         3672    i.USBD_Init         usbd_core.o
    0x08003a16   0x08003a16   0x00000012   Code   RO          621    i.USBD_LL_ClearStallEP  usbd_conf.o
    0x08003a28   0x08003a28   0x00000012   Code   RO          622    i.USBD_LL_CloseEP   usbd_conf.o
    0x08003a3a   0x08003a3a   0x000000c6   Code   RO         3673    i.USBD_LL_DataInStage  usbd_core.o
    0x08003b00   0x08003b00   0x00000082   Code   RO         3674    i.USBD_LL_DataOutStage  usbd_core.o
    0x08003b82   0x08003b82   0x00000008   Code   RO          626    i.USBD_LL_GetRxDataSize  usbd_conf.o
    0x08003b8a   0x08003b8a   0x00000002   PAD
    0x08003b8c   0x08003b8c   0x00000080   Code   RO          627    i.USBD_LL_Init      usbd_conf.o
    0x08003c0c   0x08003c0c   0x00000020   Code   RO          628    i.USBD_LL_IsStallEP  usbd_conf.o
    0x08003c2c   0x08003c2c   0x00000018   Code   RO          629    i.USBD_LL_OpenEP    usbd_conf.o
    0x08003c44   0x08003c44   0x00000012   Code   RO          630    i.USBD_LL_PrepareReceive  usbd_conf.o
    0x08003c56   0x08003c56   0x00000050   Code   RO         3679    i.USBD_LL_Reset     usbd_core.o
    0x08003ca6   0x08003ca6   0x00000014   Code   RO         3680    i.USBD_LL_Resume    usbd_core.o
    0x08003cba   0x08003cba   0x00000018   Code   RO         3681    i.USBD_LL_SOF       usbd_core.o
    0x08003cd2   0x08003cd2   0x00000006   Code   RO         3682    i.USBD_LL_SetSpeed  usbd_core.o
    0x08003cd8   0x08003cd8   0x00000012   Code   RO          631    i.USBD_LL_SetUSBAddress  usbd_conf.o
    0x08003cea   0x08003cea   0x0000005a   Code   RO         3683    i.USBD_LL_SetupStage  usbd_core.o
    0x08003d44   0x08003d44   0x00000012   Code   RO          632    i.USBD_LL_StallEP   usbd_conf.o
    0x08003d56   0x08003d56   0x00000012   Code   RO          633    i.USBD_LL_Start     usbd_conf.o
    0x08003d68   0x08003d68   0x00000012   Code   RO         3684    i.USBD_LL_Suspend   usbd_core.o
    0x08003d7a   0x08003d7a   0x00000012   Code   RO          635    i.USBD_LL_Transmit  usbd_conf.o
    0x08003d8c   0x08003d8c   0x00000028   Code   RO         3811    i.USBD_ParseSetupRequest  usbd_ctlreq.o
    0x08003db4   0x08003db4   0x00000010   Code   RO         3685    i.USBD_RegisterClass  usbd_core.o
    0x08003dc4   0x08003dc4   0x00000016   Code   RO         3687    i.USBD_SetClassConfig  usbd_core.o
    0x08003dda   0x08003dda   0x00000002   PAD
    0x08003ddc   0x08003ddc   0x00000084   Code   RO         3812    i.USBD_SetConfig    usbd_ctlreq.o
    0x08003e60   0x08003e60   0x0000000a   Code   RO         3688    i.USBD_Start        usbd_core.o
    0x08003e6a   0x08003e6a   0x00000112   Code   RO         3813    i.USBD_StdDevReq    usbd_ctlreq.o
    0x08003f7c   0x08003f7c   0x00000150   Code   RO         3814    i.USBD_StdEPReq     usbd_ctlreq.o
    0x080040cc   0x080040cc   0x0000004e   Code   RO         3815    i.USBD_StdItfReq    usbd_ctlreq.o
    0x0800411a   0x0800411a   0x00000002   Code   RO          636    i.USBD_static_free  usbd_conf.o
    0x0800411c   0x0800411c   0x00000008   Code   RO          637    i.USBD_static_malloc  usbd_conf.o
    0x08004124   0x08004124   0x0000029c   Code   RO         1133    i.USB_ActivateEndpoint  stm32f1xx_ll_usb.o
    0x080043c0   0x080043c0   0x00000004   Code   RO         1136    i.USB_CoreInit      stm32f1xx_ll_usb.o
    0x080043c4   0x080043c4   0x0000010e   Code   RO         1138    i.USB_DeactivateEndpoint  stm32f1xx_ll_usb.o
    0x080044d2   0x080044d2   0x00000004   Code   RO         1139    i.USB_DevConnect    stm32f1xx_ll_usb.o
    0x080044d6   0x080044d6   0x00000004   Code   RO         1140    i.USB_DevDisconnect  stm32f1xx_ll_usb.o
    0x080044da   0x080044da   0x00000012   Code   RO         1141    i.USB_DevInit       stm32f1xx_ll_usb.o
    0x080044ec   0x080044ec   0x0000000e   Code   RO         1142    i.USB_DisableGlobalInt  stm32f1xx_ll_usb.o
    0x080044fa   0x080044fa   0x00000004   Code   RO         1143    i.USB_EP0_OutStart  stm32f1xx_ll_usb.o
    0x080044fe   0x080044fe   0x00000078   Code   RO         1144    i.USB_EPClearStall  stm32f1xx_ll_usb.o
    0x08004576   0x08004576   0x00000032   Code   RO         1145    i.USB_EPSetStall    stm32f1xx_ll_usb.o
    0x080045a8   0x080045a8   0x000004e2   Code   RO         1146    i.USB_EPStartXfer   stm32f1xx_ll_usb.o
    0x08004a8a   0x08004a8a   0x00000012   Code   RO         1148    i.USB_EnableGlobalInt  stm32f1xx_ll_usb.o
    0x08004a9c   0x08004a9c   0x0000000c   Code   RO          275    i.USB_LP_CAN1_RX0_IRQHandler  stm32f1xx_it.o
    0x08004aa8   0x08004aa8   0x00000006   Code   RO         1155    i.USB_ReadInterrupts  stm32f1xx_ll_usb.o
    0x08004aae   0x08004aae   0x00000002   PAD
    0x08004ab0   0x08004ab0   0x0000002c   Code   RO         1156    i.USB_ReadPMA       stm32f1xx_ll_usb.o
    0x08004adc   0x08004adc   0x00000004   Code   RO         1157    i.USB_SetCurrentMode  stm32f1xx_ll_usb.o
    0x08004ae0   0x08004ae0   0x0000000c   Code   RO         1158    i.USB_SetDevAddress  stm32f1xx_ll_usb.o
    0x08004aec   0x08004aec   0x00000026   Code   RO         1160    i.USB_WritePMA      stm32f1xx_ll_usb.o
    0x08004b12   0x08004b12   0x00000002   Code   RO          276    i.UsageFault_Handler  stm32f1xx_it.o
    0x08004b14   0x08004b14   0x00000020   Code   RO         1809    i.__NVIC_SetPriority  stm32f1xx_hal_cortex.o
    0x08004b34   0x08004b34   0x000000a4   Code   RO           27    i.main              main.o
    0x08004bd8   0x08004bd8   0x00000062   Code   RO         4052    x$fpl$d2f           fz_ws.l(d2f.o)
    0x08004c3a   0x08004c3a   0x00000002   PAD
    0x08004c3c   0x08004c3c   0x00000150   Code   RO         4054    x$fpl$dadd          fz_ws.l(daddsub_clz.o)
    0x08004d8c   0x08004d8c   0x000002b0   Code   RO         4061    x$fpl$ddiv          fz_ws.l(ddiv.o)
    0x0800503c   0x0800503c   0x0000005e   Code   RO         4064    x$fpl$dfix          fz_ws.l(dfix.o)
    0x0800509a   0x0800509a   0x0000002e   Code   RO         4069    x$fpl$dflt          fz_ws.l(dflt_clz.o)
    0x080050c8   0x080050c8   0x00000154   Code   RO         4074    x$fpl$dmul          fz_ws.l(dmul.o)
    0x0800521c   0x0800521c   0x0000009c   Code   RO         4097    x$fpl$dnaninf       fz_ws.l(dnaninf.o)
    0x080052b8   0x080052b8   0x0000000c   Code   RO         4099    x$fpl$dretinf       fz_ws.l(dretinf.o)
    0x080052c4   0x080052c4   0x000001d4   Code   RO         4056    x$fpl$dsub          fz_ws.l(daddsub_clz.o)
    0x08005498   0x08005498   0x00000056   Code   RO         4076    x$fpl$f2d           fz_ws.l(f2d.o)
    0x080054ee   0x080054ee   0x00000002   PAD
    0x080054f0   0x080054f0   0x000000c4   Code   RO         4078    x$fpl$fadd          fz_ws.l(faddsub_clz.o)
    0x080055b4   0x080055b4   0x00000036   Code   RO         4084    x$fpl$ffix          fz_ws.l(ffix.o)
    0x080055ea   0x080055ea   0x00000002   PAD
    0x080055ec   0x080055ec   0x00000030   Code   RO         4089    x$fpl$fflt          fz_ws.l(fflt_clz.o)
    0x0800561c   0x0800561c   0x00000102   Code   RO         4094    x$fpl$fmul          fz_ws.l(fmul.o)
    0x0800571e   0x0800571e   0x0000008c   Code   RO         4101    x$fpl$fnaninf       fz_ws.l(fnaninf.o)
    0x080057aa   0x080057aa   0x0000000a   Code   RO         4103    x$fpl$fretinf       fz_ws.l(fretinf.o)
    0x080057b4   0x080057b4   0x000000ea   Code   RO         4080    x$fpl$fsub          fz_ws.l(faddsub_clz.o)
    0x0800589e   0x0800589e   0x00000000   Code   RO         4105    x$fpl$usenofp       fz_ws.l(usenofp.o)
    0x0800589e   0x0800589e   0x00000012   Data   RO         1507    .constdata          stm32f1xx_hal_rcc.o
    0x080058b0   0x080058b0   0x00000010   Data   RO         3634    .constdata          system_stm32f1xx.o
    0x080058c0   0x080058c0   0x00000008   Data   RO         3635    .constdata          system_stm32f1xx.o
    0x080058c8   0x080058c8   0x00000020   Data   RO         4260    Region$$Table       anon$$obj.o


    Execution Region RW_IRAM1 (Exec base: 0x20000000, Load base: 0x080058e8, Size: 0x00001bc8, Max: 0x00005000, ABSOLUTE, COMPRESSED[0x000000d8])

    Exec Addr    Load Addr    Size         Type   Attr      Idx    E Section Name        Object

    0x20000000   COMPRESSED   0x00000064   Data   RW           31    .data               main.o
    0x20000064   COMPRESSED   0x0000001c   Data   RW          477    .data               usbd_desc.o
    0x20000080   COMPRESSED   0x00000032   Data   RW          478    .data               usbd_desc.o
    0x200000b2   COMPRESSED   0x00000002   PAD
    0x200000b4   COMPRESSED   0x00000010   Data   RW          560    .data               usbd_cdc_if.o
    0x200000c4   COMPRESSED   0x0000000c   Data   RW         1344    .data               stm32f1xx_hal.o
    0x200000d0   COMPRESSED   0x00000004   Data   RW         3636    .data               system_stm32f1xx.o
    0x200000d4   COMPRESSED   0x00000001   Data   RW         3816    .data               usbd_ctlreq.o
    0x200000d5   COMPRESSED   0x00000003   PAD
    0x200000d8   COMPRESSED   0x000000d7   Data   RW         3948    .data               usbd_cdc.o
    0x200001af   COMPRESSED   0x00000001   PAD
    0x200001b0   COMPRESSED   0x00000038   Data   RW         3949    .data               usbd_cdc.o
    0x200001e8        -       0x00000168   Zero   RW           28    .bss                main.o
    0x20000350        -       0x00000040   Zero   RW           30    .bss                main.o
    0x20000390        -       0x000002c4   Zero   RW          438    .bss                usb_device.o
    0x20000654        -       0x00000200   Zero   RW          476    .bss                usbd_desc.o
    0x20000854        -       0x00000800   Zero   RW          559    .bss                usbd_cdc_if.o
    0x20001054        -       0x00000510   Zero   RW          638    .bss                usbd_conf.o
    0x20001564        -       0x00000060   Zero   RW         4132    .bss                c_w.l(libspace.o)
    0x200015c4   COMPRESSED   0x00000004   PAD
    0x200015c8        -       0x00000200   Zero   RW            2    HEAP                startup_stm32f103xb.o
    0x200017c8        -       0x00000400   Zero   RW            1    STACK               startup_stm32f103xb.o


==============================================================================

Image component sizes


      Code (inc. data)   RO Data    RW Data    ZI Data      Debug   Object Name

      2362        198          0        100        424     458503   main.o
        64         26        236          0       1536        828   startup_stm32f103xb.o
       128         24          0         12          0       5409   stm32f1xx_hal.o
       198         14          0          0          0      29047   stm32f1xx_hal_cortex.o
       222          4          0          0          0       1819   stm32f1xx_hal_dma.o
       490         34          0          0          0       2940   stm32f1xx_hal_gpio.o
       500         66          0          0          0       4290   stm32f1xx_hal_msp.o
      3094          0          0          0          0      14541   stm32f1xx_hal_pcd.o
        60          0          0          0          0       1206   stm32f1xx_hal_pcd_ex.o
      1240         84         18          0          0       5208   stm32f1xx_hal_rcc.o
       236         12          0          0          0       1412   stm32f1xx_hal_rcc_ex.o
      2084         58          0          0          0      17807   stm32f1xx_hal_tim.o
       108         12          0          0          0       2465   stm32f1xx_hal_tim_ex.o
      1280         10          0          0          0       9036   stm32f1xx_hal_uart.o
        56         18          0          0          0       5377   stm32f1xx_it.o
      2528          0          0          0          0      16395   stm32f1xx_ll_usb.o
         2          0         24          4          0       1167   system_stm32f1xx.o
        84         18          0          0        708        824   usb_device.o
       672         16          0        271          0      12568   usbd_cdc.o
       180         34          0         16       2048       2887   usbd_cdc_if.o
       556         30          0          0       1296      14597   usbd_conf.o
       670          0          0          0          0       9687   usbd_core.o
      1186         28          0          1          0       8060   usbd_ctlreq.o
       288        104          0         78        512       6081   usbd_desc.o
       132          0          0          0          0       4436   usbd_ioreq.o

    ----------------------------------------------------------------------
     18454        790        310        488       6524     636590   Object Totals
         0          0         32          0          0          0   (incl. Generated)
        34          0          0          6          0          0   (incl. Padding)

    ----------------------------------------------------------------------

      Code (inc. data)   RO Data    RW Data    ZI Data      Debug   Library Member Name

        90          0          0          0          0          0   __dczerorl2.o
         8          0          0          0          0         68   __main.o
         0          0          0          0          0          0   __rtentry.o
        12          0          0          0          0          0   __rtentry2.o
         6          0          0          0          0          0   __rtentry4.o
        52          8          0          0          0          0   __scatter.o
        28          0          0          0          0          0   __scatter_zi.o
        18          0          0          0          0         80   exit.o
         6          0          0          0          0        152   heapauxi.o
         0          0          0          0          0          0   indicate_semi.o
         2          0          0          0          0          0   libinit.o
         2          0          0          0          0          0   libinit2.o
         2          0          0          0          0          0   libshutdown.o
         2          0          0          0          0          0   libshutdown2.o
         8          4          0          0         96         68   libspace.o
        68          0          0          0          0         68   rt_memclr.o
        78          0          0          0          0         80   rt_memclr_w.o
       138          0          0          0          0         68   rt_memcpy_v6.o
       100          0          0          0          0         80   rt_memcpy_w.o
         2          0          0          0          0          0   rtexit.o
        10          0          0          0          0          0   rtexit2.o
        12          4          0          0          0         68   sys_exit.o
        74          0          0          0          0         80   sys_stackheap_outer.o
         2          0          0          0          0         68   use_no_semi.o
        98          4          0          0          0         92   d2f.o
       804         16          0          0          0        272   daddsub_clz.o
       688        140          0          0          0        208   ddiv.o
        94          4          0          0          0         92   dfix.o
        46          0          0          0          0         68   dflt_clz.o
       340         12          0          0          0        104   dmul.o
       156          4          0          0          0         92   dnaninf.o
        12          0          0          0          0         68   dretinf.o
        86          4          0          0          0         84   f2d.o
       430          8          0          0          0        168   faddsub_clz.o
        54          4          0          0          0         84   ffix.o
        48          0          0          0          0         68   fflt_clz.o
       258          4          0          0          0         84   fmul.o
       140          4          0          0          0         84   fnaninf.o
        10          0          0          0          0         68   fretinf.o
         0          0          0          0          0          0   usenofp.o

    ----------------------------------------------------------------------
      3996        220          0          0        100       2516   Library Totals
        12          0          0          0          4          0   (incl. Padding)

    ----------------------------------------------------------------------

      Code (inc. data)   RO Data    RW Data    ZI Data      Debug   Library Name

       720         16          0          0         96        880   c_w.l
      3264        204          0          0          0       1636   fz_ws.l

    ----------------------------------------------------------------------
      3996        220          0          0        100       2516   Library Totals

    ----------------------------------------------------------------------

==============================================================================


      Code (inc. data)   RO Data    RW Data    ZI Data      Debug   

     22450       1010        310        488       6624     627818   Grand Totals
     22450       1010        310        216       6624     627818   ELF Image Totals (compressed)
     22450       1010        310        216          0          0   ROM Totals

==============================================================================

    Total RO  Size (Code + RO Data)                22760 (  22.23kB)
    Total RW  Size (RW Data + ZI Data)              7112 (   6.95kB)
    Total ROM Size (Code + RO Data + RW Data)      22976 (  22.44kB)

==============================================================================

