Component: ARM Compiler 5.06 update 7 (build 960) Tool: armlink [4d3601]

==============================================================================

Section Cross References

    startup_stm32f103xb.o(STACK) refers (Special) to heapauxi.o(.text) for __use_two_region_memory
    startup_stm32f103xb.o(HEAP) refers (Special) to heapauxi.o(.text) for __use_two_region_memory
    startup_stm32f103xb.o(RESET) refers (Special) to heapauxi.o(.text) for __use_two_region_memory
    startup_stm32f103xb.o(RESET) refers to startup_stm32f103xb.o(STACK) for __initial_sp
    startup_stm32f103xb.o(RESET) refers to startup_stm32f103xb.o(.text) for Reset_Handler
    startup_stm32f103xb.o(RESET) refers to stm32f1xx_it.o(i.NMI_Handler) for NMI_Handler
    startup_stm32f103xb.o(RESET) refers to stm32f1xx_it.o(i.HardFault_Handler) for HardFault_Handler
    startup_stm32f103xb.o(RESET) refers to stm32f1xx_it.o(i.MemManage_Handler) for MemManage_Handler
    startup_stm32f103xb.o(RESET) refers to stm32f1xx_it.o(i.BusFault_Handler) for BusFault_Handler
    startup_stm32f103xb.o(RESET) refers to stm32f1xx_it.o(i.UsageFault_Handler) for UsageFault_Handler
    startup_stm32f103xb.o(RESET) refers to stm32f1xx_it.o(i.SVC_Handler) for SVC_Handler
    startup_stm32f103xb.o(RESET) refers to stm32f1xx_it.o(i.DebugMon_Handler) for DebugMon_Handler
    startup_stm32f103xb.o(RESET) refers to stm32f1xx_it.o(i.PendSV_Handler) for PendSV_Handler
    startup_stm32f103xb.o(RESET) refers to stm32f1xx_it.o(i.SysTick_Handler) for SysTick_Handler
    startup_stm32f103xb.o(RESET) refers to stm32f1xx_it.o(i.USB_LP_CAN1_RX0_IRQHandler) for USB_LP_CAN1_RX0_IRQHandler
    startup_stm32f103xb.o(RESET) refers to stm32f1xx_it.o(i.TIM3_IRQHandler) for TIM3_IRQHandler
    startup_stm32f103xb.o(RESET) refers to stm32f1xx_it.o(i.USART3_IRQHandler) for USART3_IRQHandler
    startup_stm32f103xb.o(.text) refers (Special) to heapauxi.o(.text) for __use_two_region_memory
    startup_stm32f103xb.o(.text) refers to system_stm32f1xx.o(i.SystemInit) for SystemInit
    startup_stm32f103xb.o(.text) refers to __main.o(!!!main) for __main
    startup_stm32f103xb.o(.text) refers to startup_stm32f103xb.o(HEAP) for Heap_Mem
    startup_stm32f103xb.o(.text) refers to startup_stm32f103xb.o(STACK) for Stack_Mem
    main.o(i.HAL_TIM_PeriodElapsedCallback) refers to dflt_clz.o(x$fpl$dflt) for __aeabi_i2d
    main.o(i.HAL_TIM_PeriodElapsedCallback) refers to dmul.o(x$fpl$dmul) for __aeabi_dmul
    main.o(i.HAL_TIM_PeriodElapsedCallback) refers to ddiv.o(x$fpl$ddiv) for __aeabi_ddiv
    main.o(i.HAL_TIM_PeriodElapsedCallback) refers to d2f.o(x$fpl$d2f) for __aeabi_d2f
    main.o(i.HAL_TIM_PeriodElapsedCallback) refers to main.o(i.MotorLeftRot) for MotorLeftRot
    main.o(i.HAL_TIM_PeriodElapsedCallback) refers to main.o(i.MotorRightRot) for MotorRightRot
    main.o(i.HAL_TIM_PeriodElapsedCallback) refers to dfix.o(x$fpl$dfix) for __aeabi_d2iz
    main.o(i.HAL_TIM_PeriodElapsedCallback) refers to main.o(i.PIControllerL) for PIControllerL
    main.o(i.HAL_TIM_PeriodElapsedCallback) refers to main.o(i.PIControllerR) for PIControllerR
    main.o(i.HAL_TIM_PeriodElapsedCallback) refers to main.o(.data) for .data
    main.o(i.HAL_TIM_PeriodElapsedCallback) refers to main.o(.bss) for .bss
    main.o(i.HAL_UART_RxCpltCallback) refers to stm32f1xx_hal_uart.o(i.HAL_UART_Receive_IT) for HAL_UART_Receive_IT
    main.o(i.HAL_UART_RxCpltCallback) refers to main.o(.data) for .data
    main.o(i.HAL_UART_RxCpltCallback) refers to main.o(.bss) for .bss
    main.o(i.MX_GPIO_Init) refers to stm32f1xx_hal_gpio.o(i.HAL_GPIO_WritePin) for HAL_GPIO_WritePin
    main.o(i.MX_GPIO_Init) refers to stm32f1xx_hal_gpio.o(i.HAL_GPIO_Init) for HAL_GPIO_Init
    main.o(i.MX_TIM1_Init) refers to rt_memclr_w.o(.text) for __aeabi_memclr4
    main.o(i.MX_TIM1_Init) refers to stm32f1xx_hal_tim.o(i.HAL_TIM_Encoder_Init) for HAL_TIM_Encoder_Init
    main.o(i.MX_TIM1_Init) refers to stm32f1xx_hal_tim_ex.o(i.HAL_TIMEx_MasterConfigSynchronization) for HAL_TIMEx_MasterConfigSynchronization
    main.o(i.MX_TIM1_Init) refers to main.o(.bss) for .bss
    main.o(i.MX_TIM2_Init) refers to rt_memclr_w.o(.text) for __aeabi_memclr4
    main.o(i.MX_TIM2_Init) refers to stm32f1xx_hal_tim.o(i.HAL_TIM_Encoder_Init) for HAL_TIM_Encoder_Init
    main.o(i.MX_TIM2_Init) refers to stm32f1xx_hal_tim_ex.o(i.HAL_TIMEx_MasterConfigSynchronization) for HAL_TIMEx_MasterConfigSynchronization
    main.o(i.MX_TIM2_Init) refers to main.o(.bss) for .bss
    main.o(i.MX_TIM3_Init) refers to stm32f1xx_hal_tim.o(i.HAL_TIM_Base_Init) for HAL_TIM_Base_Init
    main.o(i.MX_TIM3_Init) refers to stm32f1xx_hal_tim.o(i.HAL_TIM_ConfigClockSource) for HAL_TIM_ConfigClockSource
    main.o(i.MX_TIM3_Init) refers to stm32f1xx_hal_tim_ex.o(i.HAL_TIMEx_MasterConfigSynchronization) for HAL_TIMEx_MasterConfigSynchronization
    main.o(i.MX_TIM3_Init) refers to main.o(.bss) for .bss
    main.o(i.MX_TIM4_Init) refers to rt_memclr_w.o(.text) for __aeabi_memclr4
[...]
    i.USBD_LL_IsStallEP                      0x08003ac4   Section        0  usbd_conf.o(i.USBD_LL_IsStallEP)
    i.USBD_LL_OpenEP                         0x08003ae4   Section        0  usbd_conf.o(i.USBD_LL_OpenEP)
    i.USBD_LL_PrepareReceive                 0x08003afc   Section        0  usbd_conf.o(i.USBD_LL_PrepareReceive)
    i.USBD_LL_Reset                          0x08003b0e   Section        0  usbd_core.o(i.USBD_LL_Reset)
    i.USBD_LL_Resume                         0x08003b5e   Section        0  usbd_core.o(i.USBD_LL_Resume)
    i.USBD_LL_SOF                            0x08003b72   Section        0  usbd_core.o(i.USBD_LL_SOF)
    i.USBD_LL_SetSpeed                       0x08003b8a   Section        0  usbd_core.o(i.USBD_LL_SetSpeed)
    i.USBD_LL_SetUSBAddress                  0x08003b90   Section        0  usbd_conf.o(i.USBD_LL_SetUSBAddress)
    i.USBD_LL_SetupStage                     0x08003ba2   Section        0  usbd_core.o(i.USBD_LL_SetupStage)
    i.USBD_LL_StallEP                        0x08003bfc   Section        0  usbd_conf.o(i.USBD_LL_StallEP)
    i.USBD_LL_Start                          0x08003c0e   Section        0  usbd_conf.o(i.USBD_LL_Start)
    i.USBD_LL_Suspend                        0x08003c20   Section        0  usbd_core.o(i.USBD_LL_Suspend)
    i.USBD_LL_Transmit                       0x08003c32   Section        0  usbd_conf.o(i.USBD_LL_Transmit)
    i.USBD_ParseSetupRequest                 0x08003c44   Section        0  usbd_ctlreq.o(i.USBD_ParseSetupRequest)
    i.USBD_RegisterClass                     0x08003c6c   Section        0  usbd_core.o(i.USBD_RegisterClass)
    i.USBD_SetClassConfig                    0x08003c7c   Section        0  usbd_core.o(i.USBD_SetClassConfig)
    i.USBD_SetConfig                         0x08003c94   Section        0  usbd_ctlreq.o(i.USBD_SetConfig)
    USBD_SetConfig                           0x08003c95   Thumb Code   128  usbd_ctlreq.o(i.USBD_SetConfig)
    i.USBD_Start                             0x08003d18   Section        0  usbd_core.o(i.USBD_Start)
    i.USBD_StdDevReq                         0x08003d22   Section        0  usbd_ctlreq.o(i.USBD_StdDevReq)
    i.USBD_StdEPReq                          0x08003e34   Section        0  usbd_ctlreq.o(i.USBD_StdEPReq)
    i.USBD_StdItfReq                         0x08003f84   Section        0  usbd_ctlreq.o(i.USBD_StdItfReq)
    i.USBD_static_free                       0x08003fd2   Section        0  usbd_conf.o(i.USBD_static_free)
    i.USBD_static_malloc                     0x08003fd4   Section        0  usbd_conf.o(i.USBD_static_malloc)
    i.USB_ActivateEndpoint                   0x08003fdc   Section        0  stm32f1xx_ll_usb.o(i.USB_ActivateEndpoint)
    i.USB_CoreInit                           0x08004278   Section        0  stm32f1xx_ll_usb.o(i.USB_CoreInit)
    i.USB_DeactivateEndpoint                 0x0800427c   Section        0  stm32f1xx_ll_usb.o(i.USB_DeactivateEndpoint)
    i.USB_DevConnect                         0x0800438a   Section        0  stm32f1xx_ll_usb.o(i.USB_DevConnect)
    i.USB_DevDisconnect                      0x0800438e   Section        0  stm32f1xx_ll_usb.o(i.USB_DevDisconnect)
    i.USB_DevInit                            0x08004392   Section        0  stm32f1xx_ll_usb.o(i.USB_DevInit)
    i.USB_DisableGlobalInt                   0x080043a4   Section        0  stm32f1xx_ll_usb.o(i.USB_DisableGlobalInt)
    i.USB_EP0_OutStart                       0x080043b2   Section        0  stm32f1xx_ll_usb.o(i.USB_EP0_OutStart)
    i.USB_EPClearStall                       0x080043b6   Section        0  stm32f1xx_ll_usb.o(i.USB_EPClearStall)
    i.USB_EPSetStall                         0x0800442e   Section        0  stm32f1xx_ll_usb.o(i.USB_EPSetStall)
    i.USB_EPStartXfer                        0x08004460   Section        0  stm32f1xx_ll_usb.o(i.USB_EPStartXfer)
    i.USB_EnableGlobalInt                    0x08004942   Section        0  stm32f1xx_ll_usb.o(i.USB_EnableGlobalInt)
    i.USB_LP_CAN1_RX0_IRQHandler             0x08004954   Section        0  stm32f1xx_it.o(i.USB_LP_CAN1_RX0_IRQHandler)
    i.USB_ReadInterrupts                     0x08004960   Section        0  stm32f1xx_ll_usb.o(i.USB_ReadInterrupts)
    i.USB_ReadPMA                            0x08004968   Section        0  stm32f1xx_ll_usb.o(i.USB_ReadPMA)
    i.USB_SetCurrentMode                     0x08004994   Section        0  stm32f1xx_ll_usb.o(i.USB_SetCurrentMode)
    i.USB_SetDevAddress                      0x08004998   Section        0  stm32f1xx_ll_usb.o(i.USB_SetDevAddress)
    i.USB_WritePMA                           0x080049a4   Section        0  stm32f1xx_ll_usb.o(i.USB_WritePMA)
    i.UsageFault_Handler                     0x080049ca   Section        0  stm32f1xx_it.o(i.UsageFault_Handler)
    i.__NVIC_SetPriority                     0x080049cc   Section        0  stm32f1xx_hal_cortex.o(i.__NVIC_SetPriority)
    __NVIC_SetPriority                       0x080049cd   Thumb Code    32  stm32f1xx_hal_cortex.o(i.__NVIC_SetPriority)
    i.main                                   0x080049ec   Section        0  main.o(i.main)
    x$fpl$d2f                                0x08004ab4   Section       98  d2f.o(x$fpl$d2f)
    x$fpl$dadd                               0x08004b18   Section      336  daddsub_clz.o(x$fpl$dadd)
    _dadd1                                   0x08004b29   Thumb Code     0  daddsub_clz.o(x$fpl$dadd)
    x$fpl$ddiv                               0x08004c68   Section      688  ddiv.o(x$fpl$ddiv)
    ddiv_entry                               0x08004c6f   Thumb Code     0  ddiv.o(x$fpl$ddiv)
    x$fpl$dfix                               0x08004f18   Section       94  dfix.o(x$fpl$dfix)
    x$fpl$dflt                               0x08004f76   Section       46  dflt_clz.o(x$fpl$dflt)
    x$fpl$dmul                               0x08004fa4   Section      340  dmul.o(x$fpl$dmul)
    x$fpl$dnaninf                            0x080050f8   Section      156  dnaninf.o(x$fpl$dnaninf)
    x$fpl$dretinf                            0x08005194   Section       12  dretinf.o(x$fpl$dretinf)
    x$fpl$dsub                               0x080051a0   Section      468  daddsub_clz.o(x$fpl$dsub)
    _dsub1                                   0x080051b1   Thumb Code     0  daddsub_clz.o(x$fpl$dsub)
    x$fpl$f2d                                0x08005374   Section       86  f2d.o(x$fpl$f2d)
    x$fpl$fadd                               0x080053cc   Section      196  faddsub_clz.o(x$fpl$fadd)
    _fadd1                                   0x080053db   Thumb Code     0  faddsub_clz.o(x$fpl$fadd)
    x$fpl$ffix                               0x08005490   Section       54  ffix.o(x$fpl$ffix)
    x$fpl$fflt                               0x080054c8   Section       48  fflt_clz.o(x$fpl$fflt)
    x$fpl$fmul                               0x080054f8   Section      258  fmul.o(x$fpl$fmul)
    x$fpl$fnaninf                            0x080055fa   Section      140  fnaninf.o(x$fpl$fnaninf)
    x$fpl$fretinf                            0x08005686   Section       10  fretinf.o(x$fpl$fretinf)
    x$fpl$fsub                               0x08005690   Section      234  faddsub_clz.o(x$fpl$fsub)
    _fsub1                                   0x0800569f   Thumb Code     0  faddsub_clz.o(x$fpl$fsub)
    .constdata                               0x0800577a   Section       18  stm32f1xx_hal_rcc.o(.constdata)
    x$fpl$usenofp                            0x0800577a   Section        0  usenofp.o(x$fpl$usenofp)
    aPredivFactorTable                       0x0800577a   Data           2  stm32f1xx_hal_rcc.o(.constdata)
    aPLLMULFactorTable                       0x0800577c   Data          16  stm32f1xx_hal_rcc.o(.constdata)
    .constdata                               0x0800578c   Section       16  system_stm32f1xx.o(.constdata)
    .constdata                               0x0800579c   Section        8  system_stm32f1xx.o(.constdata)
    .data                                    0x20000000   Section       72  main.o(.data)
    err_reset                                0x20000038   Data           4  main.o(.data)
    uI_p                                     0x2000003c   Data           4  main.o(.data)
    err_reset                                0x20000040   Data           4  main.o(.data)
    uI_p                                     0x20000044   Data           4  main.o(.data)
    .data                                    0x20000048   Section        1  main.o(.data)
    .data                                    0x2000004c   Section       28  usbd_desc.o(.data)
    .data                                    0x20000068   Section       50  usbd_desc.o(.data)
    .data                                    0x2000009c   Section       16  usbd_cdc_if.o(.data)
    .data                                    0x200000ac   Section       12  stm32f1xx_hal.o(.data)
    .data                                    0x200000b8   Section        4  system_stm32f1xx.o(.data)
    .data                                    0x200000bc   Section        1  usbd_ctlreq.o(.data)
    cfgidx                                   0x200000bc   Data           1  usbd_ctlreq.o(.data)
    .data                                    0x200000c0   Section      215  usbd_cdc.o(.data)
    USBD_CDC_DeviceQualifierDesc             0x200000c0   Data          10  usbd_cdc.o(.data)
    .data                                    0x20000198   Section       56  usbd_cdc.o(.data)
    .bss                                     0x200001d0   Section      360  main.o(.bss)
    .bss                                     0x20000338   Section       64  main.o(.bss)
    .bss                                     0x20000378   Section      708  usb_device.o(.bss)
    .bss                                     0x2000063c   Section      512  usbd_desc.o(.bss)
    .bss                                     0x2000083c   Section     2048  usbd_cdc_if.o(.bss)
    .bss                                     0x2000103c   Section     1296  usbd_conf.o(.bss)
    mem                                      0x2000103c   Data         544  usbd_conf.o(.bss)
    .bss                                     0x2000154c   Section       96  libspace.o(.bss)
    HEAP                                     0x200015b0   Section      512  startup_stm32f103xb.o(HEAP)
    Heap_Mem                                 0x200015b0   Data         512  startup_stm32f103xb.o(HEAP)
    STACK                                    0x200017b0   Section     1024  startup_stm32f103xb.o(STACK)
    Stack_Mem                                0x200017b0   Data        1024  startup_stm32f103xb.o(STACK)
    __initial_sp                             0x20001bb0   Data           0  startup_stm32f103xb.o(STACK)

    Global Symbols

    Symbol Name                              Value     Ov Type        Size  Object(Section)

    BuildAttributes$$THM_ISAv4$P$D$K$B$S$PE$A:L22UL41UL21$X:L11$S22US41US21$IEEE1$IW$USESV6$~STKCKD$USESV7$~SHL$OSPACE$ROPI$EBA8$UX$STANDARDLIB$REQ8$PRES8$EABIv2 0x00000000   Number         0  anon$$obj.o ABSOLUTE
    __ARM_use_no_argv                        0x00000000   Number         0  main.o ABSOLUTE
    __ARM_exceptions_init                     - Undefined Weak Reference
    __alloca_initialize                       - Undefined Weak Reference
    __arm_fini_                               - Undefined Weak Reference
    __arm_preinit_                            - Undefined Weak Reference
    __cpp_initialize__aeabi_                  - Undefined Weak Reference
    __cxa_finalize                            - Undefined Weak Reference
    __rt_locale                               - Undefined Weak Reference
    __sigvec_lookup                           - Undefined Weak Reference
    _atexit_init                              - Undefined Weak Reference
    _call_atexit_fns                          - Undefined Weak Reference
    _clock_init                               - Undefined Weak Reference
    _fp_trap_init                             - Undefined Weak Reference
    _fp_trap_shutdown                         - Undefined Weak Reference
    _get_lc_collate                           - Undefined Weak Reference
    _get_lc_ctype                             - Undefined Weak Reference
    _get_lc_monetary                          - Undefined Weak Reference
    _get_lc_numeric                           - Undefined Weak Reference
    _get_lc_time                              - Undefined Weak Reference
    _getenv_init                              - Undefined Weak Reference
    _handle_redirection                       - Undefined Weak Reference
    _init_alloc                               - Undefined Weak Reference
    _init_user_alloc                          - Undefined Weak Reference
    _initio                                   - Undefined Weak Reference
    _rand_init                                - Undefined Weak Reference
    _signal_finish                            - Undefined Weak Reference
    _signal_init                              - Undefined Weak Reference
    _terminate_alloc                          - Undefined Weak Reference
    _terminate_user_alloc                     - Undefined Weak Reference
    _terminateio                              - Undefined Weak Reference
    __Vectors_Size                           0x000000ec   Number         0  startup_stm32f103xb.o ABSOLUTE
    __Vectors                                0x08000000   Data           4  startup_stm32f103xb.o(RESET)
    __Vectors_End                            0x080000ec   Data           0  startup_stm32f103xb.o(RESET)
    __main                                   0x080000ed   Thumb Code     8  __main.o(!!!main)
    __scatterload                            0x080000f5   Thumb Code     0  __scatter.o(!!!scatter)
    __scatterload_rt2                        0x080000f5   Thumb Code    44  __scatter.o(!!!scatter)
    __scatterload_rt2_thumb_only             0x080000f5   Thumb Code     0  __scatter.o(!!!scatter)
    __scatterload_null                       0x08000103   Thumb Code     0  __scatter.o(!!!scatter)
    __decompress                             0x08000129   Thumb Code    90  __dczerorl2.o(!!dczerorl2)
    __decompress1                            0x08000129   Thumb Code     0  __dczerorl2.o(!!dczerorl2)
    __scatterload_zeroinit                   0x08000185   Thumb Code    28  __scatter_zi.o(!!handler_zi)
    __rt_lib_init                            0x080001a1   Thumb Code     0  libinit.o(.ARM.Collect$$libinit$$00000000)
    __rt_lib_init_alloca_1                   0x080001a3   Thumb Code     0  libinit2.o(.ARM.Collect$$libinit$$0000002E)
    __rt_lib_init_argv_1                     0x080001a3   Thumb Code     0  libinit2.o(.ARM.Collect$$libinit$$0000002C)
    __rt_lib_init_atexit_1                   0x080001a3   Thumb Code     0  libinit2.o(.ARM.Collect$$libinit$$0000001B)
    __rt_lib_init_clock_1                    0x080001a3   Thumb Code     0  libinit2.o(.ARM.Collect$$libinit$$00000021)
    __rt_lib_init_cpp_1                      0x080001a3   Thumb Code     0  libinit2.o(.ARM.Collect$$libinit$$00000032)
    __rt_lib_init_exceptions_1               0x080001a3   Thumb Code     0  libinit2.o(.ARM.Collect$$libinit$$00000030)
    __rt_lib_init_fp_1                       0x080001a3   Thumb Code     0  libinit2.o(.ARM.Collect$$libinit$$00000002)
    __rt_lib_init_fp_trap_1                  0x080001a3   Thumb Code     0  libinit2.o(.ARM.Collect$$libinit$$0000001F)
    __rt_lib_init_getenv_1                   0x080001a3   Thumb Code     0  libinit2.o(.ARM.Collect$$libinit$$00000023)
    __rt_lib_init_heap_1                     0x080001a3   Thumb Code     0  libinit2.o(.ARM.Collect$$libinit$$0000000A)
    __rt_lib_init_lc_collate_1               0x080001a3   Thumb Code     0  libinit2.o(.ARM.Collect$$libinit$$00000011)
    __rt_lib_init_lc_ctype_1                 0x080001a3   Thumb Code     0  libinit2.o(.ARM.Collect$$libinit$$00000013)
    __rt_lib_init_lc_monetary_1              0x080001a3   Thumb Code     0  libinit2.o(.ARM.Collect$$libinit$$00000015)
    __rt_lib_init_lc_numeric_1               0x080001a3   Thumb Code     0  libinit2.o(.ARM.Collect$$libinit$$00000017)
    __rt_lib_init_lc_time_1                  0x080001a3   Thumb Code     0  libinit2.o(.ARM.Collect$$libinit$$00000019)
    __rt_lib_init_preinit_1                  0x080001a3   Thumb Code     0  libinit2.o(.ARM.Collect$$libinit$$00000004)
    __rt_lib_init_rand_1                     0x080001a3   Thumb Code     0  libinit2.o(.ARM.Collect$$libinit$$0000000E)
    __rt_lib_init_return                     0x080001a3   Thumb Code     0  libinit2.o(.ARM.Collect$$libinit$$00000033)
    __rt_lib_init_signal_1                   0x080001a3   Thumb Code     0  libinit2.o(.ARM.Collect$$libinit$$0000001D)
    __rt_lib_init_stdio_1                    0x080001a3   Thumb Code     0  libinit2.o(.ARM.Collect$$libinit$$00000025)
    __rt_lib_init_user_alloc_1               0x080001a3   Thumb Code     0  libinit2.o(.ARM.Collect$$libinit$$0000000C)
    __rt_lib_shutdown                        0x080001a5   Thumb Code     0  libshutdown.o(.ARM.Collect$$libshutdown$$00000000)
    __rt_lib_shutdown_cpp_1                  0x080001a7   Thumb Code     0  libshutdown2.o(.ARM.Collect$$libshutdown$$00000004)
    __rt_lib_shutdown_fini_1                 0x080001a7   Thumb Code     0  libshutdown2.o(.ARM.Collect$$libshutdown$$00000002)
    __rt_lib_shutdown_fp_trap_1              0x080001a7   Thumb Code     0  libshutdown2.o(.ARM.Collect$$libshutdown$$00000009)
    __rt_lib_shutdown_heap_1                 0x080001a7   Thumb Code     0  libshutdown2.o(.ARM.Collect$$libshutdown$$00000011)
    __rt_lib_shutdown_return                 0x080001a7   Thumb Code     0  libshutdown2.o(.ARM.Collect$$libshutdown$$00000012)
    __rt_lib_shutdown_signal_1               0x080001a7   Thumb Code     0  libshutdown2.o(.ARM.Collect$$libshutdown$$0000000C)
    __rt_lib_shutdown_stdio_1                0x080001a7   Thumb Code     0  libshutdown2.o(.ARM.Collect$$libshutdown$$00000006)
    __rt_lib_shutdown_user_alloc_1           0x080001a7   Thumb Code     0  libshutdown2.o(.ARM.Collect$$libshutdown$$0000000E)
    __rt_entry                               0x080001a9   Thumb Code     0  __rtentry.o(.ARM.Collect$$rtentry$$00000000)
    __rt_entry_presh_1                       0x080001a9   Thumb Code     0  __rtentry2.o(.ARM.Collect$$rtentry$$00000002)
    __rt_entry_sh                            0x080001a9   Thumb Code     0  __rtentry4.o(.ARM.Collect$$rtentry$$00000004)
    __rt_entry_li                            0x080001af   Thumb Code     0  __rtentry2.o(.ARM.Collect$$rtentry$$0000000A)
    __rt_entry_postsh_1                      0x080001af   Thumb Code     0  __rtentry2.o(.ARM.Collect$$rtentry$$00000009)
    __rt_entry_main                          0x080001b3   Thumb Code     0  __rtentry2.o(.ARM.Collect$$rtentry$$0000000D)
    __rt_entry_postli_1                      0x080001b3   Thumb Code     0  __rtentry2.o(.ARM.Collect$$rtentry$$0000000C)
    __rt_exit                                0x080001bb   Thumb Code     0  rtexit.o(.ARM.Collect$$rtexit$$00000000)
    __rt_exit_ls                             0x080001bd   Thumb Code     0  rtexit2.o(.ARM.Collect$$rtexit$$00000003)
    __rt_exit_prels_1                        0x080001bd   Thumb Code     0  rtexit2.o(.ARM.Collect$$rtexit$$00000002)
    __rt_exit_exit                           0x080001c1   Thumb Code     0  rtexit2.o(.ARM.Collect$$rtexit$$00000004)
    Reset_Handler                            0x080001c9   Thumb Code     8  startup_stm32f103xb.o(.text)
    ADC1_2_IRQHandler                        0x080001e3   Thumb Code     0  startup_stm32f103xb.o(.text)
    CAN1_RX1_IRQHandler                      0x080001e3   Thumb Code     0  startup_stm32f103xb.o(.text)
    CAN1_SCE_IRQHandler                      0x080001e3   Thumb Code     0  startup_stm32f103xb.o(.text)
    DMA1_Channel1_IRQHandler                 0x080001e3   Thumb Code     0  startup_stm32f103xb.o(.text)
    DMA1_Channel2_IRQHandler                 0x080001e3   Thumb Code     0  startup_stm32f103xb.o(.text)
    DMA1_Channel3_IRQHandler                 0x080001e3   Thumb Code     0  startup_stm32f103xb.o(.text)
    DMA1_Channel4_IRQHandler                 0x080001e3   Thumb Code     0  startup_stm32f103xb.o(.text)
    DMA1_Channel5_IRQHandler                 0x080001e3   Thumb Code     0  startup_stm32f103xb.o(.text)
    DMA1_Channel6_IRQHandler                 0x080001e3   Thumb Code     0  startup_stm32f103xb.o(.text)
    DMA1_Channel7_IRQHandler                 0x080001e3   Thumb Code     0  startup_stm32f103xb.o(.text)
    EXTI0_IRQHandler                         0x080001e3   Thumb Code     0  startup_stm32f103xb.o(.text)
    EXTI15_10_IRQHandler                     0x080001e3   Thumb Code     0  startup_stm32f103xb.o(.text)
    EXTI1_IRQHandler                         0x080001e3   Thumb Code     0  startup_stm32f103xb.o(.text)
    EXTI2_IRQHandler                         0x080001e3   Thumb Code     0  startup_stm32f103xb.o(.text)
    EXTI3_IRQHandler                         0x080001e3   Thumb Code     0  startup_stm32f103xb.o(.text)
    EXTI4_IRQHandler                         0x080001e3   Thumb Code     0  startup_stm32f103xb.o(.text)
    EXTI9_5_IRQHandler                       0x080001e3   Thumb Code     0  startup_stm32f103xb.o(.text)
    FLASH_IRQHandler                         0x080001e3   Thumb Code     0  startup_stm32f103xb.o(.text)
    I2C1_ER_IRQHandler                       0x080001e3   Thumb Code     0  startup_stm32f103xb.o(.text)
    I2C1_EV_IRQHandler                       0x080001e3   Thumb Code     0  startup_stm32f103xb.o(.text)
    I2C2_ER_IRQHandler                       0x080001e3   Thumb Code     0  startup_stm32f103xb.o(.text)
    I2C2_EV_IRQHandler                       0x080001e3   Thumb Code     0  startup_stm32f103xb.o(.text)
    PVD_IRQHandler                           0x080001e3   Thumb Code     0  startup_stm32f103xb.o(.text)
    RCC_IRQHandler                           0x080001e3   Thumb Code     0  startup_stm32f103xb.o(.text)
    RTC_Alarm_IRQHandler                     0x080001e3   Thumb Code     0  startup_stm32f103xb.o(.text)
    RTC_IRQHandler                           0x080001e3   Thumb Code     0  startup_stm32f103xb.o(.text)
    SPI1_IRQHandler                          0x080001e3   Thumb Code     0  startup_stm32f103xb.o(.text)
    SPI2_IRQHandler                          0x080001e3   Thumb Code     0  startup_stm32f103xb.o(.text)
    TAMPER_IRQHandler                        0x080001e3   Thumb Code     0  startup_stm32f103xb.o(.text)
    TIM1_BRK_IRQHandler                      0x080001e3   Thumb Code     0  startup_stm32f103xb.o(.text)
    TIM1_CC_IRQHandler                       0x080001e3   Thumb Code     0  startup_stm32f103xb.o(.text)
    TIM1_TRG_COM_IRQHandler                  0x080001e3   Thumb Code     0  startup_stm32f103xb.o(.text)
    TIM1_UP_IRQHandler                       0x080001e3   Thumb Code     0  startup_stm32f103xb.o(.text)
    TIM2_IRQHandler                          0x080001e3   Thumb Code     0  startup_stm32f103xb.o(.text)
    TIM4_IRQHandler                          0x080001e3   Thumb Code     0  startup_stm32f103xb.o(.text)
    USART1_IRQHandler                        0x080001e3   Thumb Code     0  startup_stm32f103xb.o(.text)
    USART2_IRQHandler                        0x080001e3   Thumb Code     0  startup_stm32f103xb.o(.text)
    USBWakeUp_IRQHandler                     0x080001e3   Thumb Code     0  startup_stm32f103xb.o(.text)
    USB_HP_CAN1_TX_IRQHandler                0x080001e3   Thumb Code     0  startup_stm32f103xb.o(.text)
    WWDG_IRQHandler                          0x080001e3   Thumb Code     0  startup_stm32f103xb.o(.text)
    __user_initial_stackheap                 0x080001e5   Thumb Code     0  startup_stm32f103xb.o(.text)
    __aeabi_memcpy                           0x08000209   Thumb Code     0  rt_memcpy_v6.o(.text)
    __rt_memcpy                              0x08000209   Thumb Code   138  rt_memcpy_v6.o(.text)
    _memcpy_lastbytes                        0x0800026f   Thumb Code     0  rt_memcpy_v6.o(.text)
    __aeabi_memcpy4                          0x08000293   Thumb Code     0  rt_memcpy_w.o(.text)
    __aeabi_memcpy8                          0x08000293   Thumb Code     0  rt_memcpy_w.o(.text)
    __rt_memcpy_w                            0x08000293   Thumb Code   100  rt_memcpy_w.o(.text)
    _memcpy_lastbytes_aligned                0x080002db   Thumb Code     0  rt_memcpy_w.o(.text)
    __aeabi_memclr                           0x080002f7   Thumb Code     0  rt_memclr.o(.text)
    __rt_memclr                              0x080002f7   Thumb Code    68  rt_memclr.o(.text)
    _memset                                  0x080002fb   Thumb Code     0  rt_memclr.o(.text)
    __aeabi_memclr4                          0x0800033b   Thumb Code     0  rt_memclr_w.o(.text)
    __aeabi_memclr8                          0x0800033b   Thumb Code     0  rt_memclr_w.o(.text)
    __rt_memclr_w                            0x0800033b   Thumb Code    78  rt_memclr_w.o(.text)
    _memset_w                                0x0800033f   Thumb Code     0  rt_memclr_w.o(.text)
    __use_two_region_memory                  0x08000389   Thumb Code     2  heapauxi.o(.text)
    __rt_heap_escrow$2region                 0x0800038b   Thumb Code     2  heapauxi.o(.text)
    __rt_heap_expand$2region                 0x0800038d   Thumb Code     2  heapauxi.o(.text)
    __user_setup_stackheap                   0x0800038f   Thumb Code    74  sys_stackheap_outer.o(.text)
    exit                                     0x080003d9   Thumb Code    18  exit.o(.text)
    __user_libspace                          0x080003ed   Thumb Code     8  libspace.o(.text)
    __user_perproc_libspace                  0x080003ed   Thumb Code     0  libspace.o(.text)
    __user_perthread_libspace                0x080003ed   Thumb Code     0  libspace.o(.text)
    _sys_exit                                0x080003f5   Thumb Code     8  sys_exit.o(.text)
    __I$use$semihosting                      0x08000401   Thumb Code     0  use_no_semi.o(.text)
    __use_no_semihosting_swi                 0x08000401   Thumb Code     2  use_no_semi.o(.text)
    BusFault_Handler                         0x08000403   Thumb Code     2  stm32f1xx_it.o(i.BusFault_Handler)
    __semihosting_library_function           0x08000403   Thumb Code     0  indicate_semi.o(.text)
    DebugMon_Handler                         0x080004e5   Thumb Code     2  stm32f1xx_it.o(i.DebugMon_Handler)
    Error_Handler                            0x080004e7   Thumb Code     4  main.o(i.Error_Handler)
    HAL_DMA_Abort                            0x080004eb   Thumb Code    70  stm32f1xx_hal_dma.o(i.HAL_DMA_Abort)
    HAL_DMA_Abort_IT                         0x08000531   Thumb Code   148  stm32f1xx_hal_dma.o(i.HAL_DMA_Abort_IT)
    HAL_GPIO_Init                            0x080005c9   Thumb Code   446  stm32f1xx_hal_gpio.o(i.HAL_GPIO_Init)
    HAL_GPIO_WritePin                        0x080007a9   Thumb Code    10  stm32f1xx_hal_gpio.o(i.HAL_GPIO_WritePin)
    HAL_GetTick                              0x080007b5   Thumb Code     6  stm32f1xx_hal.o(i.HAL_GetTick)
    HAL_IncTick                              0x080007c1   Thumb Code    12  stm32f1xx_hal.o(i.HAL_IncTick)
    HAL_Init                                 0x080007d1   Thumb Code    32  stm32f1xx_hal.o(i.HAL_Init)
    HAL_InitTick                             0x080007f5   Thumb Code    54  stm32f1xx_hal.o(i.HAL_InitTick)
    HAL_MspInit                              0x08000835   Thumb Code    52  stm32f1xx_hal_msp.o(i.HAL_MspInit)
    HAL_NVIC_EnableIRQ                       0x08000871   Thumb Code    26  stm32f1xx_hal_cortex.o(i.HAL_NVIC_EnableIRQ)
    HAL_NVIC_SetPriority                     0x0800088d   Thumb Code    60  stm32f1xx_hal_cortex.o(i.HAL_NVIC_SetPriority)
    HAL_NVIC_SetPriorityGrouping             0x080008cd   Thumb Code    26  stm32f1xx_hal_cortex.o(i.HAL_NVIC_SetPriorityGrouping)
    HAL_PCDEx_PMAConfig                      0x080008f1   Thumb Code    60  stm32f1xx_hal_pcd_ex.o(i.HAL_PCDEx_PMAConfig)
    HAL_PCDEx_SetConnectionState             0x0800092d   Thumb Code     2  usbd_conf.o(i.HAL_PCDEx_SetConnectionState)
    HAL_PCD_DataInStageCallback              0x0800092f   Thumb Code    18  usbd_conf.o(i.HAL_PCD_DataInStageCallback)
    HAL_PCD_DataOutStageCallback             0x08000941   Thumb Code    20  usbd_conf.o(i.HAL_PCD_DataOutStageCallback)
    HAL_PCD_EP_Close                         0x08000955   Thumb Code    76  stm32f1xx_hal_pcd.o(i.HAL_PCD_EP_Close)
    HAL_PCD_EP_ClrStall                      0x080009a1   Thumb Code    92  stm32f1xx_hal_pcd.o(i.HAL_PCD_EP_ClrStall)
    HAL_PCD_EP_GetRxCount                    0x08000e1b   Thumb Code    18  stm32f1xx_hal_pcd.o(i.HAL_PCD_EP_GetRxCount)
    HAL_PCD_EP_Open                          0x08000e2d   Thumb Code    90  stm32f1xx_hal_pcd.o(i.HAL_PCD_EP_Open)
    HAL_PCD_EP_Receive                       0x08000e87   Thumb Code    46  stm32f1xx_hal_pcd.o(i.HAL_PCD_EP_Receive)
    HAL_PCD_EP_SetStall                      0x08000eb5   Thumb Code   114  stm32f1xx_hal_pcd.o(i.HAL_PCD_EP_SetStall)
    HAL_PCD_EP_Transmit                      0x08000f27   Thumb Code    48  stm32f1xx_hal_pcd.o(i.HAL_PCD_EP_Transmit)
    HAL_PCD_IRQHandler                       0x08000f59   Thumb Code   308  stm32f1xx_hal_pcd.o(i.HAL_PCD_IRQHandler)
    HAL_PCD_Init                             0x0800108d   Thumb Code   218  stm32f1xx_hal_pcd.o(i.HAL_PCD_Init)
    HAL_PCD_MspInit                          0x08001169   Thumb Code    50  usbd_conf.o(i.HAL_PCD_MspInit)
    HAL_PCD_ResetCallback                    0x080011a5   Thumb Code    38  usbd_conf.o(i.HAL_PCD_ResetCallback)
    HAL_PCD_ResumeCallback                   0x080011cb   Thumb Code     8  usbd_conf.o(i.HAL_PCD_ResumeCallback)
    HAL_PCD_SOFCallback                      0x080011d3   Thumb Code     8  usbd_conf.o(i.HAL_PCD_SOFCallback)
    HAL_PCD_SetAddress                       0x080011db   Thumb Code    40  stm32f1xx_hal_pcd.o(i.HAL_PCD_SetAddress)
    HAL_PCD_SetupStageCallback               0x08001203   Thumb Code    14  usbd_conf.o(i.HAL_PCD_SetupStageCallback)
    HAL_PCD_Start                            0x08001211   Thumb Code    50  stm32f1xx_hal_pcd.o(i.HAL_PCD_Start)
    HAL_PCD_SuspendCallback                  0x08001245   Thumb Code    30  usbd_conf.o(i.HAL_PCD_SuspendCallback)
    HAL_RCCEx_PeriphCLKConfig                0x08001269   Thumb Code   224  stm32f1xx_hal_rcc_ex.o(i.HAL_RCCEx_PeriphCLKConfig)
    HAL_RCC_ClockConfig                      0x08001355   Thumb Code   280  stm32f1xx_hal_rcc.o(i.HAL_RCC_ClockConfig)
    HAL_RCC_GetPCLK1Freq                     0x08001481   Thumb Code    20  stm32f1xx_hal_rcc.o(i.HAL_RCC_GetPCLK1Freq)
    HAL_RCC_GetPCLK2Freq                     0x080014a1   Thumb Code    20  stm32f1xx_hal_rcc.o(i.HAL_RCC_GetPCLK2Freq)
    HAL_RCC_GetSysClockFreq                  0x080014c1   Thumb Code    58  stm32f1xx_hal_rcc.o(i.HAL_RCC_GetSysClockFreq)
    HAL_RCC_OscConfig                        0x0800150d   Thumb Code   778  stm32f1xx_hal_rcc.o(i.HAL_RCC_OscConfig)
    HAL_SYSTICK_Config                       0x0800182d   Thumb Code    40  stm32f1xx_hal_cortex.o(i.HAL_SYSTICK_Config)
    HAL_TIMEx_BreakCallback                  0x08001855   Thumb Code     2  stm32f1xx_hal_tim_ex.o(i.HAL_TIMEx_BreakCallback)
    HAL_TIMEx_CommutCallback                 0x08001857   Thumb Code     2  stm32f1xx_hal_tim_ex.o(i.HAL_TIMEx_CommutCallback)
    HAL_TIMEx_MasterConfigSynchronization    0x08001859   Thumb Code    92  stm32f1xx_hal_tim_ex.o(i.HAL_TIMEx_MasterConfigSynchronization)
    HAL_TIM_Base_Init                        0x080018c1   Thumb Code    90  stm32f1xx_hal_tim.o(i.HAL_TIM_Base_Init)
    HAL_TIM_Base_MspInit                     0x0800191d   Thumb Code    50  stm32f1xx_hal_msp.o(i.HAL_TIM_Base_MspInit)
    HAL_TIM_Base_Start_IT                    0x08001959   Thumb Code    76  stm32f1xx_hal_tim.o(i.HAL_TIM_Base_Start_IT)
    HAL_TIM_ConfigClockSource                0x080019b1   Thumb Code   220  stm32f1xx_hal_tim.o(i.HAL_TIM_ConfigClockSource)
    HAL_TIM_Encoder_Init                     0x08001a8d   Thumb Code   164  stm32f1xx_hal_tim.o(i.HAL_TIM_Encoder_Init)
    HAL_TIM_Encoder_MspInit                  0x08001b31   Thumb Code   122  stm32f1xx_hal_msp.o(i.HAL_TIM_Encoder_MspInit)
    HAL_TIM_Encoder_Start                    0x08001bb9   Thumb Code   142  stm32f1xx_hal_tim.o(i.HAL_TIM_Encoder_Start)
    HAL_TIM_IC_CaptureCallback               0x08001c47   Thumb Code     2  stm32f1xx_hal_tim.o(i.HAL_TIM_IC_CaptureCallback)
    HAL_TIM_IRQHandler                       0x08001c49   Thumb Code   358  stm32f1xx_hal_tim.o(i.HAL_TIM_IRQHandler)
    HAL_TIM_MspPostInit                      0x08001db1   Thumb Code    64  stm32f1xx_hal_msp.o(i.HAL_TIM_MspPostInit)
    HAL_TIM_OC_DelayElapsedCallback          0x08001dfd   Thumb Code     2  stm32f1xx_hal_tim.o(i.HAL_TIM_OC_DelayElapsedCallback)
    HAL_TIM_PWM_ConfigChannel                0x08001dff   Thumb Code   204  stm32f1xx_hal_tim.o(i.HAL_TIM_PWM_ConfigChannel)
    HAL_TIM_PWM_Init                         0x08001ecb   Thumb Code    90  stm32f1xx_hal_tim.o(i.HAL_TIM_PWM_Init)
    HAL_TIM_PWM_MspInit                      0x08001f25   Thumb Code    30  stm32f1xx_hal_msp.o(i.HAL_TIM_PWM_MspInit)
    HAL_TIM_PWM_PulseFinishedCallback        0x08001f4d   Thumb Code     2  stm32f1xx_hal_tim.o(i.HAL_TIM_PWM_PulseFinishedCallback)
    HAL_TIM_PWM_Start                        0x08001f51   Thumb Code   144  stm32f1xx_hal_tim.o(i.HAL_TIM_PWM_Start)
    HAL_TIM_PeriodElapsedCallback            0x08001fed   Thumb Code   336  main.o(i.HAL_TIM_PeriodElapsedCallback)
    HAL_TIM_TriggerCallback                  0x08002161   Thumb Code     2  stm32f1xx_hal_tim.o(i.HAL_TIM_TriggerCallback)
    HAL_UARTEx_RxEventCallback               0x08002163   Thumb Code     2  stm32f1xx_hal_uart.o(i.HAL_UARTEx_RxEventCallback)
    HAL_UART_ErrorCallback                   0x08002165   Thumb Code     2  stm32f1xx_hal_uart.o(i.HAL_UART_ErrorCallback)
    HAL_UART_IRQHandler                      0x08002169   Thumb Code   616  stm32f1xx_hal_uart.o(i.HAL_UART_IRQHandler)
    HAL_UART_Init                            0x080023d5   Thumb Code   100  stm32f1xx_hal_uart.o(i.HAL_UART_Init)
    HAL_UART_MspInit                         0x08002439   Thumb Code   116  stm32f1xx_hal_msp.o(i.HAL_UART_MspInit)
    HAL_UART_Receive_IT                      0x080024b9   Thumb Code    28  stm32f1xx_hal_uart.o(i.HAL_UART_Receive_IT)
    HAL_UART_RxCpltCallback                  0x080024d5   Thumb Code    90  main.o(i.HAL_UART_RxCpltCallback)
    HAL_UART_TxCpltCallback                  0x0800253d   Thumb Code     2  stm32f1xx_hal_uart.o(i.HAL_UART_TxCpltCallback)
    HardFault_Handler                        0x0800253f   Thumb Code     2  stm32f1xx_it.o(i.HardFault_Handler)
    MX_USB_DEVICE_Init                       0x080027fd   Thumb Code    66  usb_device.o(i.MX_USB_DEVICE_Init)
    MemManage_Handler                        0x08002851   Thumb Code     2  stm32f1xx_it.o(i.MemManage_Handler)
    MotorLeftRot                             0x08002855   Thumb Code    84  main.o(i.MotorLeftRot)
    MotorRightRot                            0x080028b1   Thumb Code    84  main.o(i.MotorRightRot)
    NMI_Handler                              0x0800290d   Thumb Code     2  stm32f1xx_it.o(i.NMI_Handler)
    PIControllerL                            0x08002cbd   Thumb Code   186  main.o(i.PIControllerL)
    PIControllerR                            0x08002d85   Thumb Code   186  main.o(i.PIControllerR)
    PendSV_Handler                           0x08002e4d   Thumb Code     2  stm32f1xx_it.o(i.PendSV_Handler)
    SVC_Handler                              0x08002e4f   Thumb Code     2  stm32f1xx_it.o(i.SVC_Handler)
    SysTick_Handler                          0x08002e51   Thumb Code     4  stm32f1xx_it.o(i.SysTick_Handler)
    SystemClock_Config                       0x08002e55   Thumb Code   118  main.o(i.SystemClock_Config)
    SystemInit                               0x08002ecb   Thumb Code     2  system_stm32f1xx.o(i.SystemInit)
    TIM3_IRQHandler                          0x08002ecd   Thumb Code     6  stm32f1xx_it.o(i.TIM3_IRQHandler)
    TIM_Base_SetConfig                       0x08002ed9   Thumb Code    94  stm32f1xx_hal_tim.o(i.TIM_Base_SetConfig)
    TIM_CCxChannelCmd                        0x08002f45   Thumb Code    26  stm32f1xx_hal_tim.o(i.TIM_CCxChannelCmd)
    TIM_ETR_SetConfig                        0x08002f5f   Thumb Code    20  stm32f1xx_hal_tim.o(i.TIM_ETR_SetConfig)
    TIM_OC2_SetConfig                        0x08002fd5   Thumb Code    84  stm32f1xx_hal_tim.o(i.TIM_OC2_SetConfig)
    UART_Start_Receive_IT                    0x080032e9   Thumb Code    54  stm32f1xx_hal_uart.o(i.UART_Start_Receive_IT)
    USART3_IRQHandler                        0x08003321   Thumb Code     6  stm32f1xx_it.o(i.USART3_IRQHandler)
    USBD_CDC_GetDeviceQualifierDescriptor    0x08003409   Thumb Code     8  usbd_cdc.o(i.USBD_CDC_GetDeviceQualifierDescriptor)
    USBD_CDC_ReceivePacket                   0x080034cd   Thumb Code    40  usbd_cdc.o(i.USBD_CDC_ReceivePacket)
    USBD_CDC_RegisterInterface               0x080034f5   Thumb Code    16  usbd_cdc.o(i.USBD_CDC_RegisterInterface)
    USBD_CDC_SetRxBuffer                     0x08003505   Thumb Code    12  usbd_cdc.o(i.USBD_CDC_SetRxBuffer)
    USBD_CDC_SetTxBuffer                     0x08003511   Thumb Code    16  usbd_cdc.o(i.USBD_CDC_SetTxBuffer)
    USBD_ClrClassConfig                      0x080035cd   Thumb Code    14  usbd_core.o(i.USBD_ClrClassConfig)
    USBD_CtlContinueRx                       0x080035db   Thumb Code    16  usbd_ioreq.o(i.USBD_CtlContinueRx)
    USBD_CtlContinueSendData                 0x080035eb   Thumb Code    16  usbd_ioreq.o(i.USBD_CtlContinueSendData)
    USBD_CtlError                            0x080035fb   Thumb Code    22  usbd_ctlreq.o(i.USBD_CtlError)
    USBD_CtlPrepareRx                        0x08003611   Thumb Code    30  usbd_ioreq.o(i.USBD_CtlPrepareRx)
    USBD_CtlReceiveStatus                    0x0800362f   Thumb Code    22  usbd_ioreq.o(i.USBD_CtlReceiveStatus)
    USBD_CtlSendData                         0x08003645   Thumb Code    26  usbd_ioreq.o(i.USBD_CtlSendData)
    USBD_CtlSendStatus                       0x0800365f   Thumb Code    22  usbd_ioreq.o(i.USBD_CtlSendStatus)
    USBD_FS_ConfigStrDescriptor              0x08003675   Thumb Code    16  usbd_desc.o(i.USBD_FS_ConfigStrDescriptor)
    USBD_FS_DeviceDescriptor                 0x08003695   Thumb Code     8  usbd_desc.o(i.USBD_FS_DeviceDescriptor)
    USBD_FS_InterfaceStrDescriptor           0x080036a1   Thumb Code    16  usbd_desc.o(i.USBD_FS_InterfaceStrDescriptor)
    USBD_FS_LangIDStrDescriptor              0x080036c5   Thumb Code     8  usbd_desc.o(i.USBD_FS_LangIDStrDescriptor)
    USBD_FS_ManufacturerStrDescriptor        0x080036d1   Thumb Code    16  usbd_desc.o(i.USBD_FS_ManufacturerStrDescriptor)
    USBD_FS_ProductStrDescriptor             0x080036f9   Thumb Code    16  usbd_desc.o(i.USBD_FS_ProductStrDescriptor)
    USBD_FS_SerialStrDescriptor              0x08003725   Thumb Code    48  usbd_desc.o(i.USBD_FS_SerialStrDescriptor)
    USBD_GetString                           0x08003845   Thumb Code    72  usbd_ctlreq.o(i.USBD_GetString)
    USBD_Init                                0x080038a5   Thumb Code    42  usbd_core.o(i.USBD_Init)
    USBD_LL_ClearStallEP                     0x080038cf   Thumb Code    18  usbd_conf.o(i.USBD_LL_ClearStallEP)
    USBD_LL_CloseEP                          0x080038e1   Thumb Code    18  usbd_conf.o(i.USBD_LL_CloseEP)
    USBD_LL_DataInStage                      0x080038f3   Thumb Code   198  usbd_core.o(i.USBD_LL_DataInStage)
    USBD_LL_DataOutStage                     0x080039b9   Thumb Code   130  usbd_core.o(i.USBD_LL_DataOutStage)
    USBD_LL_GetRxDataSize                    0x08003a3b   Thumb Code     8  usbd_conf.o(i.USBD_LL_GetRxDataSize)
    USBD_LL_Init                             0x08003a45   Thumb Code   118  usbd_conf.o(i.USBD_LL_Init)
    USBD_LL_IsStallEP                        0x08003ac5   Thumb Code    32  usbd_conf.o(i.USBD_LL_IsStallEP)
    USBD_LL_OpenEP                           0x08003ae5   Thumb Code    24  usbd_conf.o(i.USBD_LL_OpenEP)
    USBD_LL_PrepareReceive                   0x08003afd   Thumb Code    18  usbd_conf.o(i.USBD_LL_PrepareReceive)
    USBD_LL_Reset                            0x08003b0f   Thumb Code    80  usbd_core.o(i.USBD_LL_Reset)
    USBD_LL_Resume                           0x08003b5f   Thumb Code    20  usbd_core.o(i.USBD_LL_Resume)
    USBD_LL_SOF                              0x08003b73   Thumb Code    24  usbd_core.o(i.USBD_LL_SOF)
    USBD_LL_SetSpeed                         0x08003b8b   Thumb Code     6  usbd_core.o(i.USBD_LL_SetSpeed)
    USBD_LL_SetUSBAddress                    0x08003b91   Thumb Code    18  usbd_conf.o(i.USBD_LL_SetUSBAddress)
    USBD_LL_SetupStage                       0x08003ba3   Thumb Code    90  usbd_core.o(i.USBD_LL_SetupStage)
    USBD_LL_StallEP                          0x08003bfd   Thumb Code    18  usbd_conf.o(i.USBD_LL_StallEP)
    USBD_LL_Start                            0x08003c0f   Thumb Code    18  usbd_conf.o(i.USBD_LL_Start)
    USBD_LL_Suspend                          0x08003c21   Thumb Code    18  usbd_core.o(i.USBD_LL_Suspend)
    USBD_LL_Transmit                         0x08003c33   Thumb Code    18  usbd_conf.o(i.USBD_LL_Transmit)
    USBD_ParseSetupRequest                   0x08003c45   Thumb Code    40  usbd_ctlreq.o(i.USBD_ParseSetupRequest)
    USBD_RegisterClass                       0x08003c6d   Thumb Code    16  usbd_core.o(i.USBD_RegisterClass)
    USBD_SetClassConfig                      0x08003c7d   Thumb Code    22  usbd_core.o(i.USBD_SetClassConfig)
    USBD_Start                               0x08003d19   Thumb Code    10  usbd_core.o(i.USBD_Start)
    USBD_StdDevReq                           0x08003d23   Thumb Code   274  usbd_ctlreq.o(i.USBD_StdDevReq)
    USBD_StdEPReq                            0x08003e35   Thumb Code   336  usbd_ctlreq.o(i.USBD_StdEPReq)
    USBD_StdItfReq                           0x08003f85   Thumb Code    78  usbd_ctlreq.o(i.USBD_StdItfReq)
    USBD_static_free                         0x08003fd3   Thumb Code     2  usbd_conf.o(i.USBD_static_free)
    USBD_static_malloc                       0x08003fd5   Thumb Code     4  usbd_conf.o(i.USBD_static_malloc)
    USB_ActivateEndpoint                     0x08003fdd   Thumb Code   668  stm32f1xx_ll_usb.o(i.USB_ActivateEndpoint)
    USB_CoreInit                             0x08004279   Thumb Code     4  stm32f1xx_ll_usb.o(i.USB_CoreInit)
    USB_DeactivateEndpoint                   0x0800427d   Thumb Code   270  stm32f1xx_ll_usb.o(i.USB_DeactivateEndpoint)
    USB_DevConnect                           0x0800438b   Thumb Code     4  stm32f1xx_ll_usb.o(i.USB_DevConnect)
    USB_DevDisconnect                        0x0800438f   Thumb Code     4  stm32f1xx_ll_usb.o(i.USB_DevDisconnect)
    USB_DevInit                              0x08004393   Thumb Code    18  stm32f1xx_ll_usb.o(i.USB_DevInit)
    USB_DisableGlobalInt                     0x080043a5   Thumb Code    14  stm32f1xx_ll_usb.o(i.USB_DisableGlobalInt)
    USB_EP0_OutStart                         0x080043b3   Thumb Code     4  stm32f1xx_ll_usb.o(i.USB_EP0_OutStart)
    USB_EPClearStall                         0x080043b7   Thumb Code   120  stm32f1xx_ll_usb.o(i.USB_EPClearStall)
    USB_EPSetStall                           0x0800442f   Thumb Code    50  stm32f1xx_ll_usb.o(i.USB_EPSetStall)
    USB_EPStartXfer                          0x08004461   Thumb Code  1250  stm32f1xx_ll_usb.o(i.USB_EPStartXfer)
    USB_EnableGlobalInt                      0x08004943   Thumb Code    18  stm32f1xx_ll_usb.o(i.USB_EnableGlobalInt)
    USB_LP_CAN1_RX0_IRQHandler               0x08004955   Thumb Code     6  stm32f1xx_it.o(i.USB_LP_CAN1_RX0_IRQHandler)
    USB_ReadInterrupts                       0x08004961   Thumb Code     6  stm32f1xx_ll_usb.o(i.USB_ReadInterrupts)
    USB_ReadPMA                              0x08004969   Thumb Code    44  stm32f1xx_ll_usb.o(i.USB_ReadPMA)
    USB_SetCurrentMode                       0x08004995   Thumb Code     4  stm32f1xx_ll_usb.o(i.USB_SetCurrentMode)
    USB_SetDevAddress                        0x08004999   Thumb Code    12  stm32f1xx_ll_usb.o(i.USB_SetDevAddress)
    USB_WritePMA                             0x080049a5   Thumb Code    38  stm32f1xx_ll_usb.o(i.USB_WritePMA)
    UsageFault_Handler                       0x080049cb   Thumb Code     2  stm32f1xx_it.o(i.UsageFault_Handler)
    main                                     0x080049ed   Thumb Code   182  main.o(i.main)
    __aeabi_d2f                              0x08004ab5   Thumb Code     0  d2f.o(x$fpl$d2f)
    _d2f                                     0x08004ab5   Thumb Code    98  d2f.o(x$fpl$d2f)
    __aeabi_dadd                             0x08004b19   Thumb Code     0  daddsub_clz.o(x$fpl$dadd)
    _dadd                                    0x08004b19   Thumb Code   332  daddsub_clz.o(x$fpl$dadd)
    __aeabi_ddiv                             0x08004c69   Thumb Code     0  ddiv.o(x$fpl$ddiv)
    _ddiv                                    0x08004c69   Thumb Code   552  ddiv.o(x$fpl$ddiv)
    __aeabi_d2iz                             0x08004f19   Thumb Code     0  dfix.o(x$fpl$dfix)
    _dfix                                    0x08004f19   Thumb Code    94  dfix.o(x$fpl$dfix)
    __aeabi_i2d                              0x08004f77   Thumb Code     0  dflt_clz.o(x$fpl$dflt)
    _dflt                                    0x08004f77   Thumb Code    46  dflt_clz.o(x$fpl$dflt)
    __aeabi_dmul                             0x08004fa5   Thumb Code     0  dmul.o(x$fpl$dmul)
    _dmul                                    0x08004fa5   Thumb Code   332  dmul.o(x$fpl$dmul)
    __fpl_dnaninf                            0x080050f9   Thumb Code   156  dnaninf.o(x$fpl$dnaninf)
    __fpl_dretinf                            0x08005195   Thumb Code    12  dretinf.o(x$fpl$dretinf)
    __aeabi_dsub                             0x080051a1   Thumb Code     0  daddsub_clz.o(x$fpl$dsub)
    _dsub                                    0x080051a1   Thumb Code   464  daddsub_clz.o(x$fpl$dsub)
    __aeabi_f2d                              0x08005375   Thumb Code     0  f2d.o(x$fpl$f2d)
    _f2d                                     0x08005375   Thumb Code    86  f2d.o(x$fpl$f2d)
    __aeabi_fadd                             0x080053cd   Thumb Code     0  faddsub_clz.o(x$fpl$fadd)
    _fadd                                    0x080053cd   Thumb Code   196  faddsub_clz.o(x$fpl$fadd)
    __aeabi_f2iz                             0x08005491   Thumb Code     0  ffix.o(x$fpl$ffix)
    _ffix                                    0x08005491   Thumb Code    54  ffix.o(x$fpl$ffix)
    __aeabi_i2f                              0x080054c9   Thumb Code     0  fflt_clz.o(x$fpl$fflt)
    _fflt                                    0x080054c9   Thumb Code    48  fflt_clz.o(x$fpl$fflt)
    __aeabi_fmul                             0x080054f9   Thumb Code     0  fmul.o(x$fpl$fmul)
    _fmul                                    0x080054f9   Thumb Code   258  fmul.o(x$fpl$fmul)
    __fpl_fnaninf                            0x080055fb   Thumb Code   140  fnaninf.o(x$fpl$fnaninf)
    __fpl_fretinf                            0x08005687   Thumb Code    10  fretinf.o(x$fpl$fretinf)
    __aeabi_fsub                             0x08005691   Thumb Code     0  faddsub_clz.o(x$fpl$fsub)
    _fsub                                    0x08005691   Thumb Code   234  faddsub_clz.o(x$fpl$fsub)
    __I$use$fp                               0x0800577a   Number         0  usenofp.o(x$fpl$usenofp)
    AHBPrescTable                            0x0800578c   Data          16  system_stm32f1xx.o(.constdata)
    APBPrescTable                            0x0800579c   Data           8  system_stm32f1xx.o(.constdata)
    Region$$Table$$Base                      0x080057a4   Number         0  anon$$obj.o(Region$$Table)
    Region$$Table$$Limit                     0x080057c4   Number         0  anon$$obj.o(Region$$Table)
    RunSystem                                0x20000000   Data           1  main.o(.data)
    DesiredRightSpeed                        0x20000002   Data           2  main.o(.data)
    DesiredLeftSpeed                         0x20000004   Data           2  main.o(.data)
    VelCntL                                  0x20000006   Data           2  main.o(.data)
    CurrSpeedL                               0x20000008   Data           2  main.o(.data)
    VelCntR                                  0x2000000a   Data           2  main.o(.data)
    CurrSpeedR                               0x2000000c   Data           2  main.o(.data)
    Rx_data                                  0x2000000e   Data           2  main.o(.data)
    pwmL                                     0x20000010   Data           2  main.o(.data)
    pwmR                                     0x20000012   Data           2  main.o(.data)
    DesiredRightVel                          0x20000014   Data           4  main.o(.data)
    DesiredLeftVel                           0x20000018   Data           4  main.o(.data)
    Kp                                       0x2000001c   Data           4  main.o(.data)
    Ki                                       0x20000020   Data           4  main.o(.data)
    Kb                                       0x20000024   Data           4  main.o(.data)
    UHiLim                                   0x20000028   Data           4  main.o(.data)
    ULoLim                                   0x2000002c   Data           4  main.o(.data)
    CurrVelL                                 0x20000030   Data           4  main.o(.data)
    CurrVelR                                 0x20000034   Data           4  main.o(.data)
    EnablePickup                             0x20000048   Data           1  main.o(.data)
    FS_Desc                                  0x2000004c   Data          28  usbd_desc.o(.data)
    USBD_LangIDDesc                          0x20000068   Data           4  usbd_desc.o(.data)
    USBD_FS_DeviceDesc                       0x2000006c   Data          18  usbd_desc.o(.data)
    USBD_StringSerial                        0x20000080   Data          26  usbd_desc.o(.data)
    USBD_Interface_fops_FS                   0x2000009c   Data          16  usbd_cdc_if.o(.data)
    uwTickFreq                               0x200000ac   Data           1  stm32f1xx_hal.o(.data)
    uwTickPrio                               0x200000b0   Data           4  stm32f1xx_hal.o(.data)
    uwTick                                   0x200000b4   Data           4  stm32f1xx_hal.o(.data)
    SystemCoreClock                          0x200000b8   Data           4  system_stm32f1xx.o(.data)
    USBD_CDC_CfgHSDesc                       0x200000cc   Data          67  usbd_cdc.o(.data)
    USBD_CDC_CfgFSDesc                       0x20000110   Data          67  usbd_cdc.o(.data)
    USBD_CDC_OtherSpeedCfgDesc               0x20000154   Data          67  usbd_cdc.o(.data)
    USBD_CDC                                 0x20000198   Data          56  usbd_cdc.o(.data)
    htim1                                    0x200001d0   Data          72  main.o(.bss)
    htim2                                    0x20000218   Data          72  main.o(.bss)
    htim3                                    0x20000260   Data          72  main.o(.bss)
    htim4                                    0x200002a8   Data          72  main.o(.bss)
    huart3                                   0x200002f0   Data          72  main.o(.bss)
    buffer                                   0x20000338   Data          64  main.o(.bss)
    hUsbDeviceFS                             0x20000378   Data         708  usb_device.o(.bss)
    USBD_StrDesc                             0x2000063c   Data         512  usbd_desc.o(.bss)
    UserRxBufferFS                           0x2000083c   Data        1024  usbd_cdc_if.o(.bss)
    UserTxBufferFS                           0x20000c3c   Data        1024  usbd_cdc_if.o(.bss)
    hpcd_USB_FS                              0x2000125c   Data         752  usbd_conf.o(.bss)
    __libspace_start                         0x2000154c   Data          96  libspace.o(.bss)
    __temporary_stack_top$libspace           0x200015ac   Data           0  libspace.o(.bss)



==============================================================================

Memory Map of the image

  Image Entry point : 0x080000ed

  Load Region LR_IROM1 (Base: 0x08000000, Size: 0x00005994, Max: 0x00010000, ABSOLUTE, COMPRESSED[0x0000589c])

    Execution Region ER_IROM1 (Exec base: 0x08000000, Load base: 0x08000000, Size: 0x000057c4, Max: 0x00010000, ABSOLUTE)

    Exec Addr    Load Addr    Size         Type   Attr      Idx    E Section Name        Object

    0x08000000   0x08000000   0x000000ec   Data   RO            3    RESET               startup_stm32f103xb.o
    0x080000ec   0x080000ec   0x00000008   Code   RO         4165  * !!!main             c_w.l(__main.o)
    0x080000f4   0x080000f4   0x00000034   Code   RO         4379    !!!scatter          c_w.l(__scatter.o)
    0x08000128   0x08000128   0x0000005a   Code   RO         4377    !!dczerorl2         c_w.l(__dczerorl2.o)
    0x08000182   0x08000182   0x00000002   PAD
    0x08000184   0x08000184   0x0000001c   Code   RO         4381    !!handler_zi        c_w.l(__scatter_zi.o)
    0x080001a0   0x080001a0   0x00000002   Code   RO         4245    .ARM.Collect$$libinit$$00000000  c_w.l(libinit.o)
    0x080001a2   0x080001a2   0x00000000   Code   RO         4252    .ARM.Collect$$libinit$$00000002  c_w.l(libinit2.o)
    0x080001a2   0x080001a2   0x00000000   Code   RO         4254    .ARM.Collect$$libinit$$00000004  c_w.l(libinit2.o)
    0x080001a2   0x080001a2   0x00000000   Code   RO         4257    .ARM.Collect$$libinit$$0000000A  c_w.l(libinit2.o)
    0x080001a2   0x080001a2   0x00000000   Code   RO         4259    .ARM.Collect$$libinit$$0000000C  c_w.l(libinit2.o)
    0x080001a2   0x080001a2   0x00000000   Code   RO         4261    .ARM.Collect$$libinit$$0000000E  c_w.l(libinit2.o)
    0x080001a2   0x080001a2   0x00000000   Code   RO         4264    .ARM.Collect$$libinit$$00000011  c_w.l(libinit2.o)
    0x080001a2   0x080001a2   0x00000000   Code   RO         4266    .ARM.Collect$$libinit$$00000013  c_w.l(libinit2.o)
    0x080001a2   0x080001a2   0x00000000   Code   RO         4268    .ARM.Collect$$libinit$$00000015  c_w.l(libinit2.o)
    0x080001a2   0x080001a2   0x00000000   Code   RO         4270    .ARM.Collect$$libinit$$00000017  c_w.l(libinit2.o)
    0x080001a2   0x080001a2   0x00000000   Code   RO         4272    .ARM.Collect$$libinit$$00000019  c_w.l(libinit2.o)
    0x080001a2   0x080001a2   0x00000000   Code   RO         4274    .ARM.Collect$$libinit$$0000001B  c_w.l(libinit2.o)
    0x080001a2   0x080001a2   0x00000000   Code   RO         4276    .ARM.Collect$$libinit$$0000001D  c_w.l(libinit2.o)
    0x080001a2   0x080001a2   0x00000000   Code   RO         4278    .ARM.Collect$$libinit$$0000001F  c_w.l(libinit2.o)
    0x080001a2   0x080001a2   0x00000000   Code   RO         4280    .ARM.Collect$$libinit$$00000021  c_w.l(libinit2.o)
    0x080001a2   0x080001a2   0x00000000   Code   RO         4282    .ARM.Collect$$libinit$$00000023  c_w.l(libinit2.o)
    0x080001a2   0x080001a2   0x00000000   Code   RO         4284    .ARM.Collect$$libinit$$00000025  c_w.l(libinit2.o)
    0x080001a2   0x080001a2   0x00000000   Code   RO         4288    .ARM.Collect$$libinit$$0000002C  c_w.l(libinit2.o)
    0x080001a2   0x080001a2   0x00000000   Code   RO         4290    .ARM.Collect$$libinit$$0000002E  c_w.l(libinit2.o)
    0x080001a2   0x080001a2   0x00000000   Code   RO         4292    .ARM.Collect$$libinit$$00000030  c_w.l(libinit2.o)
    0x080001a2   0x080001a2   0x00000000   Code   RO         4294    .ARM.Collect$$libinit$$00000032  c_w.l(libinit2.o)
    0x080001a2   0x080001a2   0x00000002   Code   RO         4295    .ARM.Collect$$libinit$$00000033  c_w.l(libinit2.o)
    0x080001a4   0x080001a4   0x00000002   Code   RO         4315    .ARM.Collect$$libshutdown$$00000000  c_w.l(libshutdown.o)
    0x080001a6   0x080001a6   0x00000000   Code   RO         4328    .ARM.Collect$$libshutdown$$00000002  c_w.l(libshutdown2.o)
    0x080001a6   0x080001a6   0x00000000   Code   RO         4330    .ARM.Collect$$libshutdown$$00000004  c_w.l(libshutdown2.o)
    0x080001a6   0x080001a6   0x00000000   Code   RO         4332    .ARM.Collect$$libshutdown$$00000006  c_w.l(libshutdown2.o)
    0x080001a6   0x080001a6   0x00000000   Code   RO         4335    .ARM.Collect$$libshutdown$$00000009  c_w.l(libshutdown2.o)
    0x080001a6   0x080001a6   0x00000000   Code   RO         4338    .ARM.Collect$$libshutdown$$0000000C  c_w.l(libshutdown2.o)
    0x080001a6   0x080001a6   0x00000000   Code   RO         4340    .ARM.Collect$$libshutdown$$0000000E  c_w.l(libshutdown2.o)
    0x080001a6   0x080001a6   0x00000000   Code   RO         4343    .ARM.Collect$$libshutdown$$00000011  c_w.l(libshutdown2.o)
    0x080001a6   0x080001a6   0x00000002   Code   RO         4344    .ARM.Collect$$libshutdown$$00000012  c_w.l(libshutdown2.o)
    0x080001a8   0x080001a8   0x00000000   Code   RO         4211    .ARM.Collect$$rtentry$$00000000  c_w.l(__rtentry.o)
    0x080001a8   0x080001a8   0x00000000   Code   RO         4222    .ARM.Collect$$rtentry$$00000002  c_w.l(__rtentry2.o)
    0x080001a8   0x080001a8   0x00000006   Code   RO         4234    .ARM.Collect$$rtentry$$00000004  c_w.l(__rtentry4.o)
    0x080001ae   0x080001ae   0x00000000   Code   RO         4224    .ARM.Collect$$rtentry$$00000009  c_w.l(__rtentry2.o)
    0x080001ae   0x080001ae   0x00000004   Code   RO         4225    .ARM.Collect$$rtentry$$0000000A  c_w.l(__rtentry2.o)
    0x080001b2   0x080001b2   0x00000000   Code   RO         4227    .ARM.Collect$$rtentry$$0000000C  c_w.l(__rtentry2.o)
    0x080001b2   0x080001b2   0x00000008   Code   RO         4228    .ARM.Collect$$rtentry$$0000000D  c_w.l(__rtentry2.o)
    0x080001ba   0x080001ba   0x00000002   Code   RO         4249    .ARM.Collect$$rtexit$$00000000  c_w.l(rtexit.o)
    0x080001bc   0x080001bc   0x00000000   Code   RO         4297    .ARM.Collect$$rtexit$$00000002  c_w.l(rtexit2.o)
    0x080001bc   0x080001bc   0x00000004   Code   RO         4298    .ARM.Collect$$rtexit$$00000003  c_w.l(rtexit2.o)
    0x080001c0   0x080001c0   0x00000006   Code   RO         4299    .ARM.Collect$$rtexit$$00000004  c_w.l(rtexit2.o)
    0x080001c6   0x080001c6   0x00000002   PAD
    0x080001c8   0x080001c8   0x00000040   Code   RO            4    .text               startup_stm32f103xb.o
    0x08000208   0x08000208   0x0000008a   Code   RO         4155    .text               c_w.l(rt_memcpy_v6.o)
    0x08000292   0x08000292   0x00000064   Code   RO         4157    .text               c_w.l(rt_memcpy_w.o)
    0x080002f6   0x080002f6   0x00000044   Code   RO         4159    .text               c_w.l(rt_memclr.o)
    0x0800033a   0x0800033a   0x0000004e   Code   RO         4161    .text               c_w.l(rt_memclr_w.o)
    0x08000388   0x08000388   0x00000006   Code   RO         4163    .text               c_w.l(heapauxi.o)
    0x0800038e   0x0800038e   0x0000004a   Code   RO         4236    .text               c_w.l(sys_stackheap_outer.o)
    0x080003d8   0x080003d8   0x00000012   Code   RO         4238    .text               c_w.l(exit.o)
    0x080003ea   0x080003ea   0x00000002   PAD
    0x080003ec   0x080003ec   0x00000008   Code   RO         4246    .text               c_w.l(libspace.o)
    0x080003f4   0x080003f4   0x0000000c   Code   RO         4307    .text               c_w.l(sys_exit.o)
    0x08000400   0x08000400   0x00000002   Code   RO         4318    .text               c_w.l(use_no_semi.o)
    0x08000402   0x08000402   0x00000000   Code   RO         4320    .text               c_w.l(indicate_semi.o)
    0x08000402   0x08000402   0x00000002   Code   RO          260    i.BusFault_Handler  stm32f1xx_it.o
    0x08000404   0x08000404   0x00000004   Code   RO          669    i.CDC_Control_FS    usbd_cdc_if.o
    0x08000408   0x08000408   0x00000004   Code   RO          670    i.CDC_DeInit_FS     usbd_cdc_if.o
    0x0800040c   0x0800040c   0x00000024   Code   RO          671    i.CDC_Init_FS       usbd_cdc_if.o
    0x08000430   0x08000430   0x000000b4   Code   RO          672    i.CDC_Receive_FS    usbd_cdc_if.o
    0x080004e4   0x080004e4   0x00000002   Code   RO          261    i.DebugMon_Handler  stm32f1xx_it.o
    0x080004e6   0x080004e6   0x00000004   Code   RO           13    i.Error_Handler     main.o
    0x080004ea   0x080004ea   0x00000046   Code   RO         1815    i.HAL_DMA_Abort     stm32f1xx_hal_dma.o
    0x08000530   0x08000530   0x00000098   Code   RO         1816    i.HAL_DMA_Abort_IT  stm32f1xx_hal_dma.o
    0x080005c8   0x080005c8   0x000001e0   Code   RO         1751    i.HAL_GPIO_Init     stm32f1xx_hal_gpio.o
    0x080007a8   0x080007a8   0x0000000a   Code   RO         1755    i.HAL_GPIO_WritePin  stm32f1xx_hal_gpio.o
    0x080007b2   0x080007b2   0x00000002   PAD
    0x080007b4   0x080007b4   0x0000000c   Code   RO         1445    i.HAL_GetTick       stm32f1xx_hal.o
    0x080007c0   0x080007c0   0x00000010   Code   RO         1451    i.HAL_IncTick       stm32f1xx_hal.o
    0x080007d0   0x080007d0   0x00000024   Code   RO         1452    i.HAL_Init          stm32f1xx_hal.o
    0x080007f4   0x080007f4   0x00000040   Code   RO         1453    i.HAL_InitTick      stm32f1xx_hal.o
    0x08000834   0x08000834   0x0000003c   Code   RO          444    i.HAL_MspInit       stm32f1xx_hal_msp.o
    0x08000870   0x08000870   0x0000001a   Code   RO         1911    i.HAL_NVIC_EnableIRQ  stm32f1xx_hal_cortex.o
    0x0800088a   0x0800088a   0x00000002   PAD
    0x0800088c   0x0800088c   0x00000040   Code   RO         1917    i.HAL_NVIC_SetPriority  stm32f1xx_hal_cortex.o
    0x080008cc   0x080008cc   0x00000024   Code   RO         1918    i.HAL_NVIC_SetPriorityGrouping  stm32f1xx_hal_cortex.o
    0x080008f0   0x080008f0   0x0000003c   Code   RO         1208    i.HAL_PCDEx_PMAConfig  stm32f1xx_hal_pcd_ex.o
    0x0800092c   0x0800092c   0x00000002   Code   RO          721    i.HAL_PCDEx_SetConnectionState  usbd_conf.o
    0x0800092e   0x0800092e   0x00000012   Code   RO          723    i.HAL_PCD_DataInStageCallback  usbd_conf.o
    0x08000940   0x08000940   0x00000014   Code   RO          724    i.HAL_PCD_DataOutStageCallback  usbd_conf.o
    0x08000954   0x08000954   0x0000004c   Code   RO          979    i.HAL_PCD_EP_Close  stm32f1xx_hal_pcd.o
    0x080009a0   0x080009a0   0x0000005c   Code   RO          980    i.HAL_PCD_EP_ClrStall  stm32f1xx_hal_pcd.o
    0x080009fc   0x080009fc   0x000000e6   Code   RO          981    i.HAL_PCD_EP_DB_Receive  stm32f1xx_hal_pcd.o
    0x08000ae2   0x08000ae2   0x00000338   Code   RO          982    i.HAL_PCD_EP_DB_Transmit  stm32f1xx_hal_pcd.o
    0x08000e1a   0x08000e1a   0x00000012   Code   RO          984    i.HAL_PCD_EP_GetRxCount  stm32f1xx_hal_pcd.o
    0x08000e2c   0x08000e2c   0x0000005a   Code   RO          985    i.HAL_PCD_EP_Open   stm32f1xx_hal_pcd.o
    0x08000e86   0x08000e86   0x0000002e   Code   RO          986    i.HAL_PCD_EP_Receive  stm32f1xx_hal_pcd.o
    0x08000eb4   0x08000eb4   0x00000072   Code   RO          987    i.HAL_PCD_EP_SetStall  stm32f1xx_hal_pcd.o
    0x08000f26   0x08000f26   0x00000030   Code   RO          988    i.HAL_PCD_EP_Transmit  stm32f1xx_hal_pcd.o
    0x08000f56   0x08000f56   0x00000002   PAD
    0x08000f58   0x08000f58   0x00000134   Code   RO          990    i.HAL_PCD_IRQHandler  stm32f1xx_hal_pcd.o
    0x0800108c   0x0800108c   0x000000da   Code   RO          993    i.HAL_PCD_Init      stm32f1xx_hal_pcd.o
    0x08001166   0x08001166   0x00000002   PAD
    0x08001168   0x08001168   0x0000003c   Code   RO          729    i.HAL_PCD_MspInit   usbd_conf.o
    0x080011a4   0x080011a4   0x00000026   Code   RO          730    i.HAL_PCD_ResetCallback  usbd_conf.o
    0x080011ca   0x080011ca   0x00000008   Code   RO          731    i.HAL_PCD_ResumeCallback  usbd_conf.o
    0x080011d2   0x080011d2   0x00000008   Code   RO          732    i.HAL_PCD_SOFCallback  usbd_conf.o
    0x080011da   0x080011da   0x00000028   Code   RO          999    i.HAL_PCD_SetAddress  stm32f1xx_hal_pcd.o
    0x08001202   0x08001202   0x0000000e   Code   RO          733    i.HAL_PCD_SetupStageCallback  usbd_conf.o
    0x08001210   0x08001210   0x00000032   Code   RO         1001    i.HAL_PCD_Start     stm32f1xx_hal_pcd.o
    0x08001242   0x08001242   0x00000002   PAD
    0x08001244   0x08001244   0x00000024   Code   RO          734    i.HAL_PCD_SuspendCallback  usbd_conf.o
    0x08001268   0x08001268   0x000000ec   Code   RO         1713    i.HAL_RCCEx_PeriphCLKConfig  stm32f1xx_hal_rcc_ex.o
    0x08001354   0x08001354   0x0000012c   Code   RO         1609    i.HAL_RCC_ClockConfig  stm32f1xx_hal_rcc.o
    0x08001480   0x08001480   0x00000020   Code   RO         1616    i.HAL_RCC_GetPCLK1Freq  stm32f1xx_hal_rcc.o
    0x080014a0   0x080014a0   0x00000020   Code   RO         1617    i.HAL_RCC_GetPCLK2Freq  stm32f1xx_hal_rcc.o
    0x080014c0   0x080014c0   0x0000004c   Code   RO         1618    i.HAL_RCC_GetSysClockFreq  stm32f1xx_hal_rcc.o
    0x0800150c   0x0800150c   0x00000320   Code   RO         1621    i.HAL_RCC_OscConfig  stm32f1xx_hal_rcc.o
    0x0800182c   0x0800182c   0x00000028   Code   RO         1922    i.HAL_SYSTICK_Config  stm32f1xx_hal_cortex.o
    0x08001854   0x08001854   0x00000002   Code   RO         3117    i.HAL_TIMEx_BreakCallback  stm32f1xx_hal_tim_ex.o
    0x08001856   0x08001856   0x00000002   Code   RO         3118    i.HAL_TIMEx_CommutCallback  stm32f1xx_hal_tim_ex.o
    0x08001858   0x08001858   0x00000068   Code   RO         3136    i.HAL_TIMEx_MasterConfigSynchronization  stm32f1xx_hal_tim_ex.o
    0x080018c0   0x080018c0   0x0000005a   Code   RO         2413    i.HAL_TIM_Base_Init  stm32f1xx_hal_tim.o
    0x0800191a   0x0800191a   0x00000002   PAD
    0x0800191c   0x0800191c   0x0000003c   Code   RO          446    i.HAL_TIM_Base_MspInit  stm32f1xx_hal_msp.o
    0x08001958   0x08001958   0x00000058   Code   RO         2418    i.HAL_TIM_Base_Start_IT  stm32f1xx_hal_tim.o
    0x080019b0   0x080019b0   0x000000dc   Code   RO         2422    i.HAL_TIM_ConfigClockSource  stm32f1xx_hal_tim.o
    0x08001a8c   0x08001a8c   0x000000a4   Code   RO         2434    i.HAL_TIM_Encoder_Init  stm32f1xx_hal_tim.o
    0x08001b30   0x08001b30   0x00000088   Code   RO          448    i.HAL_TIM_Encoder_MspInit  stm32f1xx_hal_msp.o
    0x08001bb8   0x08001bb8   0x0000008e   Code   RO         2437    i.HAL_TIM_Encoder_Start  stm32f1xx_hal_tim.o
    0x08001c46   0x08001c46   0x00000002   Code   RO         2447    i.HAL_TIM_IC_CaptureCallback  stm32f1xx_hal_tim.o
    0x08001c48   0x08001c48   0x00000166   Code   RO         2461    i.HAL_TIM_IRQHandler  stm32f1xx_hal_tim.o
    0x08001dae   0x08001dae   0x00000002   PAD
    0x08001db0   0x08001db0   0x0000004c   Code   RO          449    i.HAL_TIM_MspPostInit  stm32f1xx_hal_msp.o
    0x08001dfc   0x08001dfc   0x00000002   Code   RO         2464    i.HAL_TIM_OC_DelayElapsedCallback  stm32f1xx_hal_tim.o
    0x08001dfe   0x08001dfe   0x000000cc   Code   RO         2485    i.HAL_TIM_PWM_ConfigChannel  stm32f1xx_hal_tim.o
    0x08001eca   0x08001eca   0x0000005a   Code   RO         2488    i.HAL_TIM_PWM_Init  stm32f1xx_hal_tim.o
    0x08001f24   0x08001f24   0x00000028   Code   RO          451    i.HAL_TIM_PWM_MspInit  stm32f1xx_hal_msp.o
    0x08001f4c   0x08001f4c   0x00000002   Code   RO         2491    i.HAL_TIM_PWM_PulseFinishedCallback  stm32f1xx_hal_tim.o
    0x08001f4e   0x08001f4e   0x00000002   PAD
    0x08001f50   0x08001f50   0x0000009c   Code   RO         2493    i.HAL_TIM_PWM_Start  stm32f1xx_hal_tim.o
    0x08001fec   0x08001fec   0x00000174   Code   RO           14    i.HAL_TIM_PeriodElapsedCallback  main.o
    0x08002160   0x08002160   0x00000002   Code   RO         2504    i.HAL_TIM_TriggerCallback  stm32f1xx_hal_tim.o
    0x08002162   0x08002162   0x00000002   Code   RO         3396    i.HAL_UARTEx_RxEventCallback  stm32f1xx_hal_uart.o
    0x08002164   0x08002164   0x00000002   Code   RO         3410    i.HAL_UART_ErrorCallback  stm32f1xx_hal_uart.o
    0x08002166   0x08002166   0x00000002   PAD
    0x08002168   0x08002168   0x0000026c   Code   RO         3413    i.HAL_UART_IRQHandler  stm32f1xx_hal_uart.o
    0x080023d4   0x080023d4   0x00000064   Code   RO         3414    i.HAL_UART_Init     stm32f1xx_hal_uart.o
    0x08002438   0x08002438   0x00000080   Code   RO          453    i.HAL_UART_MspInit  stm32f1xx_hal_msp.o
    0x080024b8   0x080024b8   0x0000001c   Code   RO         3419    i.HAL_UART_Receive_IT  stm32f1xx_hal_uart.o
    0x080024d4   0x080024d4   0x00000068   Code   RO           15    i.HAL_UART_RxCpltCallback  main.o
    0x0800253c   0x0800253c   0x00000002   Code   RO         3425    i.HAL_UART_TxCpltCallback  stm32f1xx_hal_uart.o
    0x0800253e   0x0800253e   0x00000002   Code   RO          262    i.HardFault_Handler  stm32f1xx_it.o
    0x08002540   0x08002540   0x00000038   Code   RO          583    i.IntToUnicode      usbd_desc.o
    0x08002578   0x08002578   0x000000a8   Code   RO           16    i.MX_GPIO_Init      main.o
    0x08002620   0x08002620   0x0000006c   Code   RO           17    i.MX_TIM1_Init      main.o
    0x0800268c   0x0800268c   0x00000068   Code   RO           18    i.MX_TIM2_Init      main.o
    0x080026f4   0x080026f4   0x00000068   Code   RO           19    i.MX_TIM3_Init      main.o
    0x0800275c   0x0800275c   0x000000a0   Code   RO           20    i.MX_TIM4_Init      main.o
    0x080027fc   0x080027fc   0x00000054   Code   RO          522    i.MX_USB_DEVICE_Init  usb_device.o
    0x08002850   0x08002850   0x00000002   Code   RO          263    i.MemManage_Handler  stm32f1xx_it.o
    0x08002852   0x08002852   0x00000002   PAD
    0x08002854   0x08002854   0x0000005c   Code   RO           21    i.MotorLeftRot      main.o
    0x080028b0   0x080028b0   0x0000005c   Code   RO           22    i.MotorRightRot     main.o
    0x0800290c   0x0800290c   0x00000002   Code   RO          264    i.NMI_Handler       stm32f1xx_it.o
    0x0800290e   0x0800290e   0x000003ac   Code   RO         1005    i.PCD_EP_ISR_Handler  stm32f1xx_hal_pcd.o
    0x08002cba   0x08002cba   0x00000002   PAD
    0x08002cbc   0x08002cbc   0x000000c8   Code   RO           23    i.PIControllerL     main.o
    0x08002d84   0x08002d84   0x000000c8   Code   RO           24    i.PIControllerR     main.o
    0x08002e4c   0x08002e4c   0x00000002   Code   RO          265    i.PendSV_Handler    stm32f1xx_it.o
    0x08002e4e   0x08002e4e   0x00000002   Code   RO          266    i.SVC_Handler       stm32f1xx_it.o
    0x08002e50   0x08002e50   0x00000004   Code   RO          267    i.SysTick_Handler   stm32f1xx_it.o
    0x08002e54   0x08002e54   0x00000076   Code   RO           25    i.SystemClock_Config  main.o
    0x08002eca   0x08002eca   0x00000002   Code   RO         3748    i.SystemInit        system_stm32f1xx.o
    0x08002ecc   0x08002ecc   0x0000000c   Code   RO          268    i.TIM3_IRQHandler   stm32f1xx_it.o
    0x08002ed8   0x08002ed8   0x0000006c   Code   RO         2506    i.TIM_Base_SetConfig  stm32f1xx_hal_tim.o
    0x08002f44   0x08002f44   0x0000001a   Code   RO         2507    i.TIM_CCxChannelCmd  stm32f1xx_hal_tim.o
    0x08002f5e   0x08002f5e   0x00000014   Code   RO         2517    i.TIM_ETR_SetConfig  stm32f1xx_hal_tim.o
    0x08002f72   0x08002f72   0x00000010   Code   RO         2518    i.TIM_ITRx_SetConfig  stm32f1xx_hal_tim.o
    0x08002f82   0x08002f82   0x00000002   PAD
    0x08002f84   0x08002f84   0x00000050   Code   RO         2519    i.TIM_OC1_SetConfig  stm32f1xx_hal_tim.o
    0x08002fd4   0x08002fd4   0x00000058   Code   RO         2520    i.TIM_OC2_SetConfig  stm32f1xx_hal_tim.o
    0x0800302c   0x0800302c   0x00000058   Code   RO         2521    i.TIM_OC3_SetConfig  stm32f1xx_hal_tim.o
    0x08003084   0x08003084   0x00000044   Code   RO         2522    i.TIM_OC4_SetConfig  stm32f1xx_hal_tim.o
    0x080030c8   0x080030c8   0x00000022   Code   RO         2524    i.TIM_TI1_ConfigInputStage  stm32f1xx_hal_tim.o
    0x080030ea   0x080030ea   0x00000024   Code   RO         2526    i.TIM_TI2_ConfigInputStage  stm32f1xx_hal_tim.o
    0x0800310e   0x0800310e   0x00000010   Code   RO         3427    i.UART_DMAAbortOnError  stm32f1xx_hal_uart.o
    0x0800311e   0x0800311e   0x0000004e   Code   RO         3437    i.UART_EndRxTransfer  stm32f1xx_hal_uart.o
    0x0800316c   0x0800316c   0x000000c2   Code   RO         3439    i.UART_Receive_IT   stm32f1xx_hal_uart.o
    0x0800322e   0x0800322e   0x00000002   PAD
    0x08003230   0x08003230   0x000000b8   Code   RO         3440    i.UART_SetConfig    stm32f1xx_hal_uart.o
    0x080032e8   0x080032e8   0x00000036   Code   RO         3442    i.UART_Start_Receive_IT  stm32f1xx_hal_uart.o
    0x0800331e   0x0800331e   0x00000002   PAD
    0x08003320   0x08003320   0x0000000c   Code   RO          269    i.USART3_IRQHandler  stm32f1xx_it.o
    0x0800332c   0x0800332c   0x00000046   Code   RO         4048    i.USBD_CDC_DataIn   usbd_cdc.o
    0x08003372   0x08003372   0x0000002e   Code   RO         4049    i.USBD_CDC_DataOut  usbd_cdc.o
    0x080033a0   0x080033a0   0x00000044   Code   RO         4050    i.USBD_CDC_DeInit   usbd_cdc.o
    0x080033e4   0x080033e4   0x00000024   Code   RO         4051    i.USBD_CDC_EP0_RxReady  usbd_cdc.o
    0x08003408   0x08003408   0x0000000c   Code   RO         4052    i.USBD_CDC_GetDeviceQualifierDescriptor  usbd_cdc.o
    0x08003414   0x08003414   0x0000000c   Code   RO         4053    i.USBD_CDC_GetFSCfgDesc  usbd_cdc.o
    0x08003420   0x08003420   0x0000000c   Code   RO         4054    i.USBD_CDC_GetHSCfgDesc  usbd_cdc.o
    0x0800342c   0x0800342c   0x0000000c   Code   RO         4055    i.USBD_CDC_GetOtherSpeedCfgDesc  usbd_cdc.o
    0x08003438   0x08003438   0x00000094   Code   RO         4056    i.USBD_CDC_Init     usbd_cdc.o
    0x080034cc   0x080034cc   0x00000028   Code   RO         4057    i.USBD_CDC_ReceivePacket  usbd_cdc.o
    0x080034f4   0x080034f4   0x00000010   Code   RO         4058    i.USBD_CDC_RegisterInterface  usbd_cdc.o
    0x08003504   0x08003504   0x0000000c   Code   RO         4059    i.USBD_CDC_SetRxBuffer  usbd_cdc.o
    0x08003510   0x08003510   0x00000010   Code   RO         4060    i.USBD_CDC_SetTxBuffer  usbd_cdc.o
    0x08003520   0x08003520   0x000000ac   Code   RO         4061    i.USBD_CDC_Setup    usbd_cdc.o
    0x080035cc   0x080035cc   0x0000000e   Code   RO         3785    i.USBD_ClrClassConfig  usbd_core.o
    0x080035da   0x080035da   0x00000010   Code   RO         3988    i.USBD_CtlContinueRx  usbd_ioreq.o
    0x080035ea   0x080035ea   0x00000010   Code   RO         3989    i.USBD_CtlContinueSendData  usbd_ioreq.o
    0x080035fa   0x080035fa   0x00000016   Code   RO         3923    i.USBD_CtlError     usbd_ctlreq.o
    0x08003610   0x08003610   0x0000001e   Code   RO         3990    i.USBD_CtlPrepareRx  usbd_ioreq.o
    0x0800362e   0x0800362e   0x00000016   Code   RO         3991    i.USBD_CtlReceiveStatus  usbd_ioreq.o
    0x08003644   0x08003644   0x0000001a   Code   RO         3992    i.USBD_CtlSendData  usbd_ioreq.o
    0x0800365e   0x0800365e   0x00000016   Code   RO         3993    i.USBD_CtlSendStatus  usbd_ioreq.o
    0x08003674   0x08003674   0x00000020   Code   RO          584    i.USBD_FS_ConfigStrDescriptor  usbd_desc.o
    0x08003694   0x08003694   0x0000000c   Code   RO          585    i.USBD_FS_DeviceDescriptor  usbd_desc.o
    0x080036a0   0x080036a0   0x00000024   Code   RO          586    i.USBD_FS_InterfaceStrDescriptor  usbd_desc.o
    0x080036c4   0x080036c4   0x0000000c   Code   RO          587    i.USBD_FS_LangIDStrDescriptor  usbd_desc.o
    0x080036d0   0x080036d0   0x00000028   Code   RO          588    i.USBD_FS_ManufacturerStrDescriptor  usbd_desc.o
    0x080036f8   0x080036f8   0x0000002c   Code   RO          589    i.USBD_FS_ProductStrDescriptor  usbd_desc.o
    0x08003724   0x08003724   0x00000038   Code   RO          590    i.USBD_FS_SerialStrDescriptor  usbd_desc.o
    0x0800375c   0x0800375c   0x000000e8   Code   RO         3924    i.USBD_GetDescriptor  usbd_ctlreq.o
    0x08003844   0x08003844   0x00000048   Code   RO         3925    i.USBD_GetString    usbd_ctlreq.o
    0x0800388c   0x0800388c   0x00000018   Code   RO          735    i.USBD_Get_USB_Status  usbd_conf.o
    0x080038a4   0x080038a4   0x0000002a   Code   RO         3787    i.USBD_Init         usbd_core.o
    0x080038ce   0x080038ce   0x00000012   Code   RO          736    i.USBD_LL_ClearStallEP  usbd_conf.o
    0x080038e0   0x080038e0   0x00000012   Code   RO          737    i.USBD_LL_CloseEP   usbd_conf.o
    0x080038f2   0x080038f2   0x000000c6   Code   RO         3788    i.USBD_LL_DataInStage  usbd_core.o
    0x080039b8   0x080039b8   0x00000082   Code   RO         3789    i.USBD_LL_DataOutStage  usbd_core.o
    0x08003a3a   0x08003a3a   0x00000008   Code   RO          741    i.USBD_LL_GetRxDataSize  usbd_conf.o
    0x08003a42   0x08003a42   0x00000002   PAD
    0x08003a44   0x08003a44   0x00000080   Code   RO          742    i.USBD_LL_Init      usbd_conf.o
    0x08003ac4   0x08003ac4   0x00000020   Code   RO          743    i.USBD_LL_IsStallEP  usbd_conf.o
    0x08003ae4   0x08003ae4   0x00000018   Code   RO          744    i.USBD_LL_OpenEP    usbd_conf.o
    0x08003afc   0x08003afc   0x00000012   Code   RO          745    i.USBD_LL_PrepareReceive  usbd_conf.o
    0x08003b0e   0x08003b0e   0x00000050   Code   RO         3794    i.USBD_LL_Reset     usbd_core.o
    0x08003b5e   0x08003b5e   0x00000014   Code   RO         3795    i.USBD_LL_Resume    usbd_core.o
    0x08003b72   0x08003b72   0x00000018   Code   RO         3796    i.USBD_LL_SOF       usbd_core.o
    0x08003b8a   0x08003b8a   0x00000006   Code   RO         3797    i.USBD_LL_SetSpeed  usbd_core.o
    0x08003b90   0x08003b90   0x00000012   Code   RO          746    i.USBD_LL_SetUSBAddress  usbd_conf.o
    0x08003ba2   0x08003ba2   0x0000005a   Code   RO         3798    i.USBD_LL_SetupStage  usbd_core.o
    0x08003bfc   0x08003bfc   0x00000012   Code   RO          747    i.USBD_LL_StallEP   usbd_conf.o
    0x08003c0e   0x08003c0e   0x00000012   Code   RO          748    i.USBD_LL_Start     usbd_conf.o
    0x08003c20   0x08003c20   0x00000012   Code   RO         3799    i.USBD_LL_Suspend   usbd_core.o
    0x08003c32   0x08003c32   0x00000012   Code   RO          750    i.USBD_LL_Transmit  usbd_conf.o
    0x08003c44   0x08003c44   0x00000028   Code   RO         3926    i.USBD_ParseSetupRequest  usbd_ctlreq.o
    0x08003c6c   0x08003c6c   0x00000010   Code   RO         3800    i.USBD_RegisterClass  usbd_core.o
    0x08003c7c   0x08003c7c   0x00000016   Code   RO         3802    i.USBD_SetClassConfig  usbd_core.o
    0x08003c92   0x08003c92   0x00000002   PAD
    0x08003c94   0x08003c94   0x00000084   Code   RO         3927    i.USBD_SetConfig    usbd_ctlreq.o
    0x08003d18   0x08003d18   0x0000000a   Code   RO         3803    i.USBD_Start        usbd_core.o
    0x08003d22   0x08003d22   0x00000112   Code   RO         3928    i.USBD_StdDevReq    usbd_ctlreq.o
    0x08003e34   0x08003e34   0x00000150   Code   RO         3929    i.USBD_StdEPReq     usbd_ctlreq.o
    0x08003f84   0x08003f84   0x0000004e   Code   RO         3930    i.USBD_StdItfReq    usbd_ctlreq.o
    0x08003fd2   0x08003fd2   0x00000002   Code   RO          751    i.USBD_static_free  usbd_conf.o
    0x08003fd4   0x08003fd4   0x00000008   Code   RO          752    i.USBD_static_malloc  usbd_conf.o
    0x08003fdc   0x08003fdc   0x0000029c   Code   RO         1248    i.USB_ActivateEndpoint  stm32f1xx_ll_usb.o
    0x08004278   0x08004278   0x00000004   Code   RO         1251    i.USB_CoreInit      stm32f1xx_ll_usb.o
    0x0800427c   0x0800427c   0x0000010e   Code   RO         1253    i.USB_DeactivateEndpoint  stm32f1xx_ll_usb.o
    0x0800438a   0x0800438a   0x00000004   Code   RO         1254    i.USB_DevConnect    stm32f1xx_ll_usb.o
    0x0800438e   0x0800438e   0x00000004   Code   RO         1255    i.USB_DevDisconnect  stm32f1xx_ll_usb.o
    0x08004392   0x08004392   0x00000012   Code   RO         1256    i.USB_DevInit       stm32f1xx_ll_usb.o
    0x080043a4   0x080043a4   0x0000000e   Code   RO         1257    i.USB_DisableGlobalInt  stm32f1xx_ll_usb.o
    0x080043b2   0x080043b2   0x00000004   Code   RO         1258    i.USB_EP0_OutStart  stm32f1xx_ll_usb.o
    0x080043b6   0x080043b6   0x00000078   Code   RO         1259    i.USB_EPClearStall  stm32f1xx_ll_usb.o
    0x0800442e   0x0800442e   0x00000032   Code   RO         1260    i.USB_EPSetStall    stm32f1xx_ll_usb.o
    0x08004460   0x08004460   0x000004e2   Code   RO         1261    i.USB_EPStartXfer   stm32f1xx_ll_usb.o
    0x08004942   0x08004942   0x00000012   Code   RO         1263    i.USB_EnableGlobalInt  stm32f1xx_ll_usb.o
    0x08004954   0x08004954   0x0000000c   Code   RO          270    i.USB_LP_CAN1_RX0_IRQHandler  stm32f1xx_it.o
    0x08004960   0x08004960   0x00000006   Code   RO         1270    i.USB_ReadInterrupts  stm32f1xx_ll_usb.o
    0x08004966   0x08004966   0x00000002   PAD
    0x08004968   0x08004968   0x0000002c   Code   RO         1271    i.USB_ReadPMA       stm32f1xx_ll_usb.o
    0x08004994   0x08004994   0x00000004   Code   RO         1272    i.USB_SetCurrentMode  stm32f1xx_ll_usb.o
    0x08004998   0x08004998   0x0000000c   Code   RO         1273    i.USB_SetDevAddress  stm32f1xx_ll_usb.o
    0x080049a4   0x080049a4   0x00000026   Code   RO         1275    i.USB_WritePMA      stm32f1xx_ll_usb.o
    0x080049ca   0x080049ca   0x00000002   Code   RO          271    i.UsageFault_Handler  stm32f1xx_it.o
    0x080049cc   0x080049cc   0x00000020   Code   RO         1924    i.__NVIC_SetPriority  stm32f1xx_hal_cortex.o
    0x080049ec   0x080049ec   0x000000c8   Code   RO           27    i.main              main.o
    0x08004ab4   0x08004ab4   0x00000062   Code   RO         4167    x$fpl$d2f           fz_ws.l(d2f.o)
    0x08004b16   0x08004b16   0x00000002   PAD
    0x08004b18   0x08004b18   0x00000150   Code   RO         4169    x$fpl$dadd          fz_ws.l(daddsub_clz.o)
    0x08004c68   0x08004c68   0x000002b0   Code   RO         4176    x$fpl$ddiv          fz_ws.l(ddiv.o)
    0x08004f18   0x08004f18   0x0000005e   Code   RO         4179    x$fpl$dfix          fz_ws.l(dfix.o)
    0x08004f76   0x08004f76   0x0000002e   Code   RO         4184    x$fpl$dflt          fz_ws.l(dflt_clz.o)
    0x08004fa4   0x08004fa4   0x00000154   Code   RO         4189    x$fpl$dmul          fz_ws.l(dmul.o)
    0x080050f8   0x080050f8   0x0000009c   Code   RO         4212    x$fpl$dnaninf       fz_ws.l(dnaninf.o)
    0x08005194   0x08005194   0x0000000c   Code   RO         4214    x$fpl$dretinf       fz_ws.l(dretinf.o)
    0x080051a0   0x080051a0   0x000001d4   Code   RO         4171    x$fpl$dsub          fz_ws.l(daddsub_clz.o)
    0x08005374   0x08005374   0x00000056   Code   RO         4191    x$fpl$f2d           fz_ws.l(f2d.o)
    0x080053ca   0x080053ca   0x00000002   PAD
    0x080053cc   0x080053cc   0x000000c4   Code   RO         4193    x$fpl$fadd          fz_ws.l(faddsub_clz.o)
    0x08005490   0x08005490   0x00000036   Code   RO         4199    x$fpl$ffix          fz_ws.l(ffix.o)
    0x080054c6   0x080054c6   0x00000002   PAD
    0x080054c8   0x080054c8   0x00000030   Code   RO         4204    x$fpl$fflt          fz_ws.l(fflt_clz.o)
    0x080054f8   0x080054f8   0x00000102   Code   RO         4209    x$fpl$fmul          fz_ws.l(fmul.o)
    0x080055fa   0x080055fa   0x0000008c   Code   RO         4216    x$fpl$fnaninf       fz_ws.l(fnaninf.o)
    0x08005686   0x08005686   0x0000000a   Code   RO         4218    x$fpl$fretinf       fz_ws.l(fretinf.o)
    0x08005690   0x08005690   0x000000ea   Code   RO         4195    x$fpl$fsub          fz_ws.l(faddsub_clz.o)
    0x0800577a   0x0800577a   0x00000000   Code   RO         4220    x$fpl$usenofp       fz_ws.l(usenofp.o)
    0x0800577a   0x0800577a   0x00000012   Data   RO         1622    .constdata          stm32f1xx_hal_rcc.o
    0x0800578c   0x0800578c   0x00000010   Data   RO         3749    .constdata          system_stm32f1xx.o
    0x0800579c   0x0800579c   0x00000008   Data   RO         3750    .constdata          system_stm32f1xx.o
    0x080057a4   0x080057a4   0x00000020   Data   RO         4375    Region$$Table       anon$$obj.o


    Execution Region RW_IRAM1 (Exec base: 0x20000000, Load base: 0x080057c4, Size: 0x00001bb0, Max: 0x00005000, ABSOLUTE, COMPRESSED[0x000000d8])

    Exec Addr    Load Addr    Size         Type   Attr      Idx    E Section Name        Object

    0x20000000   COMPRESSED   0x00000048   Data   RW           31    .data               main.o
    0x20000048   COMPRESSED   0x00000001   Data   RW           32    .data               main.o
    0x20000049   COMPRESSED   0x00000003   PAD
    0x2000004c   COMPRESSED   0x0000001c   Data   RW          592    .data               usbd_desc.o
    0x20000068   COMPRESSED   0x00000032   Data   RW          593    .data               usbd_desc.o
    0x2000009a   COMPRESSED   0x00000002   PAD
    0x2000009c   COMPRESSED   0x00000010   Data   RW          675    .data               usbd_cdc_if.o
    0x200000ac   COMPRESSED   0x0000000c   Data   RW         1459    .data               stm32f1xx_hal.o
    0x200000b8   COMPRESSED   0x00000004   Data   RW         3751    .data               system_stm32f1xx.o
    0x200000bc   COMPRESSED   0x00000001   Data   RW         3931    .data               usbd_ctlreq.o
    0x200000bd   COMPRESSED   0x00000003   PAD
    0x200000c0   COMPRESSED   0x000000d7   Data   RW         4063    .data               usbd_cdc.o
    0x20000197   COMPRESSED   0x00000001   PAD
    0x20000198   COMPRESSED   0x00000038   Data   RW         4064    .data               usbd_cdc.o
    0x200001d0        -       0x00000168   Zero   RW           28    .bss                main.o
    0x20000338        -       0x00000040   Zero   RW           30    .bss                main.o
    0x20000378        -       0x000002c4   Zero   RW          523    .bss                usb_device.o
    0x2000063c        -       0x00000200   Zero   RW          591    .bss                usbd_desc.o
    0x2000083c        -       0x00000800   Zero   RW          674    .bss                usbd_cdc_if.o
    0x2000103c        -       0x00000510   Zero   RW          753    .bss                usbd_conf.o
    0x2000154c        -       0x00000060   Zero   RW         4247    .bss                c_w.l(libspace.o)
    0x200015ac   COMPRESSED   0x00000004   PAD
    0x200015b0        -       0x00000200   Zero   RW            2    HEAP                startup_stm32f103xb.o
    0x200017b0        -       0x00000400   Zero   RW            1    STACK               startup_stm32f103xb.o


==============================================================================

Image component sizes


      Code (inc. data)   RO Data    RW Data    ZI Data      Debug   Object Name

      2026        166          0         73        424     435341   main.o
        64         26        236          0       1536        832   startup_stm32f103xb.o
       128         24          0         12          0       5445   stm32f1xx_hal.o
       198         14          0          0          0      29083   stm32f1xx_hal_cortex.o
       222          4          0          0          0       1831   stm32f1xx_hal_dma.o
       490         34          0          0          0       2952   stm32f1xx_hal_gpio.o
       500         66          0          0          0       4326   stm32f1xx_hal_msp.o
      3094          0          0          0          0      14617   stm32f1xx_hal_pcd.o
        60          0          0          0          0       1214   stm32f1xx_hal_pcd_ex.o
      1240         84         18          0          0       5236   stm32f1xx_hal_rcc.o
       236         12          0          0          0       1428   stm32f1xx_hal_rcc_ex.o
      2084         58          0          0          0      17907   stm32f1xx_hal_tim.o
       108         12          0          0          0       2485   stm32f1xx_hal_tim_ex.o
      1280         10          0          0          0       9096   stm32f1xx_hal_uart.o
        56         18          0          0          0     440581   stm32f1xx_it.o
      2528          0          0          0          0      16499   stm32f1xx_ll_usb.o
         2          0         24          4          0       1179   system_stm32f1xx.o
        84         18          0          0        708       7211   usb_device.o
       672         16          0        271          0      12648   usbd_cdc.o
       224         42          0         16       2048       3111   usbd_cdc_if.o
       556         30          0          0       1296      14725   usbd_conf.o
       670          0          0          0          0       9755   usbd_core.o
      1186         28          0          1          0       8104   usbd_ctlreq.o
       288        104          0         78        512       6137   usbd_desc.o
       132          0          0          0          0       4472   usbd_ioreq.o

    ----------------------------------------------------------------------
     18162        766        310        464       6524    1056215   Object Totals
         0          0         32          0          0          0   (incl. Generated)
        34          0          0          9          0          0   (incl. Padding)

    ----------------------------------------------------------------------

      Code (inc. data)   RO Data    RW Data    ZI Data      Debug   Library Member Name

        90          0          0          0          0          0   __dczerorl2.o
         8          0          0          0          0         68   __main.o
         0          0          0          0          0          0   __rtentry.o
        12          0          0          0          0          0   __rtentry2.o
         6          0          0          0          0          0   __rtentry4.o
        52          8          0          0          0          0   __scatter.o
        28          0          0          0          0          0   __scatter_zi.o
        18          0          0          0          0         80   exit.o
         6          0          0          0          0        152   heapauxi.o
         0          0          0          0          0          0   indicate_semi.o
         2          0          0          0          0          0   libinit.o
         2          0          0          0          0          0   libinit2.o
         2          0          0          0          0          0   libshutdown.o
         2          0          0          0          0          0   libshutdown2.o
         8          4          0          0         96         68   libspace.o
        68          0          0          0          0         68   rt_memclr.o
        78          0          0          0          0         80   rt_memclr_w.o
       138          0          0          0          0         68   rt_memcpy_v6.o
       100          0          0          0          0         80   rt_memcpy_w.o
         2          0          0          0          0          0   rtexit.o
        10          0          0          0          0          0   rtexit2.o
        12          4          0          0          0         68   sys_exit.o
        74          0          0          0          0         80   sys_stackheap_outer.o
         2          0          0          0          0         68   use_no_semi.o
        98          4          0          0          0         92   d2f.o
       804         16          0          0          0        272   daddsub_clz.o
       688        140          0          0          0        208   ddiv.o
        94          4          0          0          0         92   dfix.o
        46          0          0          0          0         68   dflt_clz.o
       340         12          0          0          0        104   dmul.o
       156          4          0          0          0         92   dnaninf.o
        12          0          0          0          0         68   dretinf.o
        86          4          0          0          0         84   f2d.o
       430          8          0          0          0        168   faddsub_clz.o
        54          4          0          0          0         84   ffix.o
        48          0          0          0          0         68   fflt_clz.o
       258          4          0          0          0         84   fmul.o
       140          4          0          0          0         84   fnaninf.o
        10          0          0          0          0         68   fretinf.o
         0          0          0          0          0          0   usenofp.o

    ----------------------------------------------------------------------
      3996        220          0          0        100       2516   Library Totals
        12          0          0          0          4          0   (incl. Padding)

    ----------------------------------------------------------------------

      Code (inc. data)   RO Data    RW Data    ZI Data      Debug   Library Name

       720         16          0          0         96        880   c_w.l
      3264        204          0          0          0       1636   fz_ws.l

    ----------------------------------------------------------------------
      3996        220          0          0        100       2516   Library Totals

    ----------------------------------------------------------------------

==============================================================================


      Code (inc. data)   RO Data    RW Data    ZI Data      Debug   

     22158        986        310        464       6624    1047495   Grand Totals
     22158        986        310        216       6624    1047495   ELF Image Totals (compressed)
     22158        986        310        216          0          0   ROM Totals

==============================================================================

    Total RO  Size (Code + RO Data)                22468 (  21.94kB)
    Total RW  Size (RW Data + ZI Data)              7088 (   6.92kB)
    Total ROM Size (Code + RO Data + RW Data)      22684 (  22.15kB)

==============================================================================

